Archive member included to satisfy reference by file (symbol)

c:/program files (x86)/atollic/truestudio for stm32 9.3.0/armtools/bin/../lib/gcc/arm-atollic-eabi/6.3.1/../../../../arm-atollic-eabi/lib/armv7e-m/fpu\libc_nano.a(lib_a-abort.o)
                              src\ppp_net\src\api\sockets.o (abort)
c:/program files (x86)/atollic/truestudio for stm32 9.3.0/armtools/bin/../lib/gcc/arm-atollic-eabi/6.3.1/../../../../arm-atollic-eabi/lib/armv7e-m/fpu\libc_nano.a(lib_a-atoi.o)
                              src\ppp_net\src\core\netif.o (atoi)
c:/program files (x86)/atollic/truestudio for stm32 9.3.0/armtools/bin/../lib/gcc/arm-atollic-eabi/6.3.1/../../../../arm-atollic-eabi/lib/armv7e-m/fpu\libc_nano.a(lib_a-fflush.o)
                              src\ppp_net\src\api\sockets.o (fflush)
c:/program files (x86)/atollic/truestudio for stm32 9.3.0/armtools/bin/../lib/gcc/arm-atollic-eabi/6.3.1/../../../../arm-atollic-eabi/lib/armv7e-m/fpu\libc_nano.a(lib_a-findfp.o)
                              c:/program files (x86)/atollic/truestudio for stm32 9.3.0/armtools/bin/../lib/gcc/arm-atollic-eabi/6.3.1/../../../../arm-atollic-eabi/lib/armv7e-m/fpu\libc_nano.a(lib_a-fflush.o) (__sinit)
c:/program files (x86)/atollic/truestudio for stm32 9.3.0/armtools/bin/../lib/gcc/arm-atollic-eabi/6.3.1/../../../../arm-atollic-eabi/lib/armv7e-m/fpu\libc_nano.a(lib_a-fwalk.o)
                              c:/program files (x86)/atollic/truestudio for stm32 9.3.0/armtools/bin/../lib/gcc/arm-atollic-eabi/6.3.1/../../../../arm-atollic-eabi/lib/armv7e-m/fpu\libc_nano.a(lib_a-findfp.o) (_fwalk)
c:/program files (x86)/atollic/truestudio for stm32 9.3.0/armtools/bin/../lib/gcc/arm-atollic-eabi/6.3.1/../../../../arm-atollic-eabi/lib/armv7e-m/fpu\libc_nano.a(lib_a-impure.o)
                              c:/program files (x86)/atollic/truestudio for stm32 9.3.0/armtools/bin/../lib/gcc/arm-atollic-eabi/6.3.1/../../../../arm-atollic-eabi/lib/armv7e-m/fpu\libc_nano.a(lib_a-fflush.o) (_global_impure_ptr)
c:/program files (x86)/atollic/truestudio for stm32 9.3.0/armtools/bin/../lib/gcc/arm-atollic-eabi/6.3.1/../../../../arm-atollic-eabi/lib/armv7e-m/fpu\libc_nano.a(lib_a-init.o)
                              src\startup_stm32f40xx.o (__libc_init_array)
c:/program files (x86)/atollic/truestudio for stm32 9.3.0/armtools/bin/../lib/gcc/arm-atollic-eabi/6.3.1/../../../../arm-atollic-eabi/lib/armv7e-m/fpu\libc_nano.a(lib_a-locale.o)
                              src\ppp_net\src\core\ipv4\ip4_addr.o (__locale_ctype_ptr)
c:/program files (x86)/atollic/truestudio for stm32 9.3.0/armtools/bin/../lib/gcc/arm-atollic-eabi/6.3.1/../../../../arm-atollic-eabi/lib/armv7e-m/fpu\libc_nano.a(lib_a-mbtowc_r.o)
                              c:/program files (x86)/atollic/truestudio for stm32 9.3.0/armtools/bin/../lib/gcc/arm-atollic-eabi/6.3.1/../../../../arm-atollic-eabi/lib/armv7e-m/fpu\libc_nano.a(lib_a-locale.o) (__ascii_mbtowc)
c:/program files (x86)/atollic/truestudio for stm32 9.3.0/armtools/bin/../lib/gcc/arm-atollic-eabi/6.3.1/../../../../arm-atollic-eabi/lib/armv7e-m/fpu\libc_nano.a(lib_a-memcpy-stub.o)
                              src\ppp_net\src\api\sockets.o (memcpy)
c:/program files (x86)/atollic/truestudio for stm32 9.3.0/armtools/bin/../lib/gcc/arm-atollic-eabi/6.3.1/../../../../arm-atollic-eabi/lib/armv7e-m/fpu\libc_nano.a(lib_a-memmove.o)
                              src\ppp_net\src\core\def.o (memmove)
c:/program files (x86)/atollic/truestudio for stm32 9.3.0/armtools/bin/../lib/gcc/arm-atollic-eabi/6.3.1/../../../../arm-atollic-eabi/lib/armv7e-m/fpu\libc_nano.a(lib_a-memset.o)
                              src\ppp_net\src\api\sockets.o (memset)
c:/program files (x86)/atollic/truestudio for stm32 9.3.0/armtools/bin/../lib/gcc/arm-atollic-eabi/6.3.1/../../../../arm-atollic-eabi/lib/armv7e-m/fpu\libc_nano.a(lib_a-nano-freer.o)
                              c:/program files (x86)/atollic/truestudio for stm32 9.3.0/armtools/bin/../lib/gcc/arm-atollic-eabi/6.3.1/../../../../arm-atollic-eabi/lib/armv7e-m/fpu\libc_nano.a(lib_a-fflush.o) (_free_r)
c:/program files (x86)/atollic/truestudio for stm32 9.3.0/armtools/bin/../lib/gcc/arm-atollic-eabi/6.3.1/../../../../arm-atollic-eabi/lib/armv7e-m/fpu\libc_nano.a(lib_a-nano-mallocr.o)
                              c:/program files (x86)/atollic/truestudio for stm32 9.3.0/armtools/bin/../lib/gcc/arm-atollic-eabi/6.3.1/../../../../arm-atollic-eabi/lib/armv7e-m/fpu\libc_nano.a(lib_a-findfp.o) (_malloc_r)
c:/program files (x86)/atollic/truestudio for stm32 9.3.0/armtools/bin/../lib/gcc/arm-atollic-eabi/6.3.1/../../../../arm-atollic-eabi/lib/armv7e-m/fpu\libc_nano.a(lib_a-reent.o)
                              src\ppp_net\src\api\if_api.o (errno)
c:/program files (x86)/atollic/truestudio for stm32 9.3.0/armtools/bin/../lib/gcc/arm-atollic-eabi/6.3.1/../../../../arm-atollic-eabi/lib/armv7e-m/fpu\libc_nano.a(lib_a-sbrkr.o)
[...]
Memory Configuration

Name             Origin             Length             Attributes
FLASH            0x08000000         0x00040000         xr
RAM              0x20000000         0x00010000         xrw
MEMORY_B1        0x60000000         0x00000000         xr
CCMRAM           0x10000000         0x00010000         rw
*default*        0x00000000         0xffffffff

Linker script and memory map

LOAD c:/program files (x86)/atollic/truestudio for stm32 9.3.0/armtools/bin/../lib/gcc/arm-atollic-eabi/6.3.1/armv7e-m/fpu/crti.o
LOAD c:/program files (x86)/atollic/truestudio for stm32 9.3.0/armtools/bin/../lib/gcc/arm-atollic-eabi/6.3.1/armv7e-m/fpu/crtbegin.o
LOAD Libraries\STM32F4xx_StdPeriph_Driver\src\misc.o
LOAD Libraries\STM32F4xx_StdPeriph_Driver\src\stm32f4xx_adc.o
LOAD Libraries\STM32F4xx_StdPeriph_Driver\src\stm32f4xx_can.o
LOAD Libraries\STM32F4xx_StdPeriph_Driver\src\stm32f4xx_crc.o
LOAD Libraries\STM32F4xx_StdPeriph_Driver\src\stm32f4xx_cryp.o
LOAD Libraries\STM32F4xx_StdPeriph_Driver\src\stm32f4xx_cryp_aes.o
LOAD Libraries\STM32F4xx_StdPeriph_Driver\src\stm32f4xx_cryp_des.o
LOAD Libraries\STM32F4xx_StdPeriph_Driver\src\stm32f4xx_cryp_tdes.o
LOAD Libraries\STM32F4xx_StdPeriph_Driver\src\stm32f4xx_dac.o
LOAD Libraries\STM32F4xx_StdPeriph_Driver\src\stm32f4xx_dbgmcu.o
LOAD Libraries\STM32F4xx_StdPeriph_Driver\src\stm32f4xx_dcmi.o
LOAD Libraries\STM32F4xx_StdPeriph_Driver\src\stm32f4xx_dma.o
LOAD Libraries\STM32F4xx_StdPeriph_Driver\src\stm32f4xx_exti.o
LOAD Libraries\STM32F4xx_StdPeriph_Driver\src\stm32f4xx_flash.o
LOAD Libraries\STM32F4xx_StdPeriph_Driver\src\stm32f4xx_fsmc.o
LOAD Libraries\STM32F4xx_StdPeriph_Driver\src\stm32f4xx_gpio.o
LOAD Libraries\STM32F4xx_StdPeriph_Driver\src\stm32f4xx_hash.o
LOAD Libraries\STM32F4xx_StdPeriph_Driver\src\stm32f4xx_hash_md5.o
LOAD Libraries\STM32F4xx_StdPeriph_Driver\src\stm32f4xx_hash_sha1.o
LOAD Libraries\STM32F4xx_StdPeriph_Driver\src\stm32f4xx_i2c.o
LOAD Libraries\STM32F4xx_StdPeriph_Driver\src\stm32f4xx_iwdg.o
LOAD Libraries\STM32F4xx_StdPeriph_Driver\src\stm32f4xx_pwr.o
LOAD Libraries\STM32F4xx_StdPeriph_Driver\src\stm32f4xx_rcc.o
LOAD Libraries\STM32F4xx_StdPeriph_Driver\src\stm32f4xx_rng.o
LOAD Libraries\STM32F4xx_StdPeriph_Driver\src\stm32f4xx_rtc.o
LOAD Libraries\STM32F4xx_StdPeriph_Driver\src\stm32f4xx_sdio.o
LOAD Libraries\STM32F4xx_StdPeriph_Driver\src\stm32f4xx_spi.o
LOAD Libraries\STM32F4xx_StdPeriph_Driver\src\stm32f4xx_syscfg.o
LOAD Libraries\STM32F4xx_StdPeriph_Driver\src\stm32f4xx_tim.o
LOAD Libraries\STM32F4xx_StdPeriph_Driver\src\stm32f4xx_usart.o
LOAD Libraries\STM32F4xx_StdPeriph_Driver\src\stm32f4xx_wwdg.o
LOAD src\gsm\gsm.o
LOAD src\gsm\gsm_commands.o
LOAD src\gsm\gsm_data_layer.o
LOAD src\gsm\gsm_parser.o
LOAD src\gsm\gsm_state.o
LOAD src\hardware\button.o
LOAD src\hardware\hardware.o
LOAD src\hardware\led.o
LOAD src\hardware\timer.o
LOAD src\hardware\uart.o
LOAD src\hardware\uart_line_queue.o
LOAD src\main.o
LOAD src\middle\button_logic.o
LOAD src\middle\led_logic.o
LOAD src\ppp_net\arch\sys_arch.o
LOAD src\ppp_net\lwip_port.o
LOAD src\ppp_net\ppp_io.o
LOAD src\ppp_net\ppp_net.o
LOAD src\ppp_net\src\api\api_lib.o
LOAD src\ppp_net\src\api\api_msg.o
LOAD src\ppp_net\src\api\err.o
LOAD src\ppp_net\src\api\if_api.o
LOAD src\ppp_net\src\api\netbuf.o
LOAD src\ppp_net\src\api\netdb.o
LOAD src\ppp_net\src\api\netifapi.o
LOAD src\ppp_net\src\api\sockets.o
LOAD src\ppp_net\src\api\tcpip.o
LOAD src\ppp_net\src\core\altcp.o
LOAD src\ppp_net\src\core\altcp_alloc.o
LOAD src\ppp_net\src\core\altcp_tcp.o
LOAD src\ppp_net\src\core\def.o
LOAD src\ppp_net\src\core\dns.o
LOAD src\ppp_net\src\core\inet_chksum.o
LOAD src\ppp_net\src\core\init.o
LOAD src\ppp_net\src\core\ip.o
LOAD src\ppp_net\src\core\ipv4\icmp.o
LOAD src\ppp_net\src\core\ipv4\ip4.o
LOAD src\ppp_net\src\core\ipv4\ip4_addr.o
LOAD src\ppp_net\src\core\mem.o
LOAD src\ppp_net\src\core\memp.o
LOAD src\ppp_net\src\core\netif.o
LOAD src\ppp_net\src\core\pbuf.o
LOAD src\ppp_net\src\core\raw.o
LOAD src\ppp_net\src\core\stats.o
LOAD src\ppp_net\src\core\sys.o
LOAD src\ppp_net\src\core\tcp.o
LOAD src\ppp_net\src\core\tcp_in.o
LOAD src\ppp_net\src\core\tcp_out.o
LOAD src\ppp_net\src\core\timeouts.o
LOAD src\ppp_net\src\netif\ppp\auth.o
LOAD src\ppp_net\src\netif\ppp\ccp.o
LOAD src\ppp_net\src\netif\ppp\chap-md5.o
LOAD src\ppp_net\src\netif\ppp\chap-new.o
LOAD src\ppp_net\src\netif\ppp\chap_ms.o
LOAD src\ppp_net\src\netif\ppp\demand.o
LOAD src\ppp_net\src\netif\ppp\eap.o
LOAD src\ppp_net\src\netif\ppp\ecp.o
LOAD src\ppp_net\src\netif\ppp\eui64.o
LOAD src\ppp_net\src\netif\ppp\fsm.o
LOAD src\ppp_net\src\netif\ppp\ipcp.o
LOAD src\ppp_net\src\netif\ppp\ipv6cp.o
LOAD src\ppp_net\src\netif\ppp\lcp.o
LOAD src\ppp_net\src\netif\ppp\magic.o
LOAD src\ppp_net\src\netif\ppp\mppe.o
LOAD src\ppp_net\src\netif\ppp\multilink.o
LOAD src\ppp_net\src\netif\ppp\ppp.o
LOAD src\ppp_net\src\netif\ppp\pppapi.o
LOAD src\ppp_net\src\netif\ppp\pppcrypt.o
LOAD src\ppp_net\src\netif\ppp\pppoe.o
LOAD src\ppp_net\src\netif\ppp\pppol2tp.o
LOAD src\ppp_net\src\netif\ppp\pppos.o
LOAD src\ppp_net\src\netif\ppp\upap.o
LOAD src\ppp_net\src\netif\ppp\utils.o
LOAD src\ppp_net\src\netif\ppp\vj.o
LOAD src\startup_stm32f40xx.o
LOAD src\stm32f4xx_it.o
LOAD src\syscalls.o
LOAD src\system_stm32f4xx.o
LOAD src\tiny_printf.o
                0x00001000                malloc_getpagesize_P = 0x1000
START GROUP
LOAD c:/program files (x86)/atollic/truestudio for stm32 9.3.0/armtools/bin/../lib/gcc/arm-atollic-eabi/6.3.1/../../../../arm-atollic-eabi/lib/armv7e-m/fpu\libstdc++_nano.a
LOAD c:/program files (x86)/atollic/truestudio for stm32 9.3.0/armtools/bin/../lib/gcc/arm-atollic-eabi/6.3.1/../../../../arm-atollic-eabi/lib/armv7e-m/fpu\libsupc++_nano.a
END GROUP
LOAD c:/program files (x86)/atollic/truestudio for stm32 9.3.0/armtools/bin/../lib/gcc/arm-atollic-eabi/6.3.1/../../../../arm-atollic-eabi/lib/armv7e-m/fpu\libstdc++_nano.a
LOAD c:/program files (x86)/atollic/truestudio for stm32 9.3.0/armtools/bin/../lib/gcc/arm-atollic-eabi/6.3.1/../../../../arm-atollic-eabi/lib/armv7e-m/fpu\libm.a
LOAD c:/program files (x86)/atollic/truestudio for stm32 9.3.0/armtools/bin/../lib/gcc/arm-atollic-eabi/6.3.1/../../../../arm-atollic-eabi/lib/armv7e-m/fpu\libc_nano.a
START GROUP
LOAD c:/program files (x86)/atollic/truestudio for stm32 9.3.0/armtools/bin/../lib/gcc/arm-atollic-eabi/6.3.1/armv7e-m/fpu\libgcc.a
LOAD c:/program files (x86)/atollic/truestudio for stm32 9.3.0/armtools/bin/../lib/gcc/arm-atollic-eabi/6.3.1/../../../../arm-atollic-eabi/lib/armv7e-m/fpu\libc_nano.a
END GROUP
START GROUP
LOAD c:/program files (x86)/atollic/truestudio for stm32 9.3.0/armtools/bin/../lib/gcc/arm-atollic-eabi/6.3.1/armv7e-m/fpu\libgcc.a
LOAD c:/program files (x86)/atollic/truestudio for stm32 9.3.0/armtools/bin/../lib/gcc/arm-atollic-eabi/6.3.1/../../../../arm-atollic-eabi/lib/armv7e-m/fpu\libc_nano.a
LOAD c:/program files (x86)/atollic/truestudio for stm32 9.3.0/armtools/bin/../lib/gcc/arm-atollic-eabi/6.3.1/../../../../arm-atollic-eabi/lib/armv7e-m/fpu\libnosys.a
END GROUP
START GROUP
LOAD c:/program files (x86)/atollic/truestudio for stm32 9.3.0/armtools/bin/../lib/gcc/arm-atollic-eabi/6.3.1/armv7e-m/fpu\libgcc.a
LOAD c:/program files (x86)/atollic/truestudio for stm32 9.3.0/armtools/bin/../lib/gcc/arm-atollic-eabi/6.3.1/../../../../arm-atollic-eabi/lib/armv7e-m/fpu\libc_nano.a
LOAD c:/program files (x86)/atollic/truestudio for stm32 9.3.0/armtools/bin/../lib/gcc/arm-atollic-eabi/6.3.1/../../../../arm-atollic-eabi/lib/armv7e-m/fpu\libnosys.a
END GROUP
LOAD c:/program files (x86)/atollic/truestudio for stm32 9.3.0/armtools/bin/../lib/gcc/arm-atollic-eabi/6.3.1/armv7e-m/fpu/crtend.o
LOAD c:/program files (x86)/atollic/truestudio for stm32 9.3.0/armtools/bin/../lib/gcc/arm-atollic-eabi/6.3.1/armv7e-m/fpu/crtn.o
                0x20010000                _estack = 0x20010000
                0x00000000                _Min_Heap_Size = 0x0
                0x00000200                _Min_Stack_Size = 0x200

.isr_vector     0x08000000      0x188
                0x08000000                . = ALIGN (0x4)
 *(.isr_vector)
 .isr_vector    0x08000000      0x188 src\startup_stm32f40xx.o
                0x08000000                g_pfnVectors
                0x08000188                . = ALIGN (0x4)

.text           0x08000190    0x10dc4
                0x08000190                . = ALIGN (0x4)
 *(.text)
 .text          0x08000190       0x40 c:/program files (x86)/atollic/truestudio for stm32 9.3.0/armtools/bin/../lib/gcc/arm-atollic-eabi/6.3.1/armv7e-m/fpu/crtbegin.o
 .text          0x080001d0       0x10 c:/program files (x86)/atollic/truestudio for stm32 9.3.0/armtools/bin/../lib/gcc/arm-atollic-eabi/6.3.1/../../../../arm-atollic-eabi/lib/armv7e-m/fpu\libc_nano.a(lib_a-strlen.o)
                0x080001d0                strlen
 .text          0x080001e0       0xa0 c:/program files (x86)/atollic/truestudio for stm32 9.3.0/armtools/bin/../lib/gcc/arm-atollic-eabi/6.3.1/../../../../arm-atollic-eabi/lib/armv7e-m/fpu\libc_nano.a(lib_a-memchr.o)
                0x080001e0                memchr
 *(.text*)
 .text.send_gsm_command_by_index
                0x08000280       0x60 src\gsm\gsm.o
                0x08000280                send_gsm_command_by_index
 .text.send_all_gsm_commands_with_check
                0x080002e0      0x138 src\gsm\gsm.o
                0x080002e0                send_all_gsm_commands_with_check
 .text.parse_response_at
                0x08000418       0x30 src\gsm\gsm_parser.o
                0x08000418                parse_response_at
 .text.parse_response_ati
                0x08000448       0x30 src\gsm\gsm_parser.o
                0x08000448                parse_response_ati
 .text.parse_response_at_cpin
                0x08000478       0x30 src\gsm\gsm_parser.o
                0x08000478                parse_response_at_cpin
 .text.parse_response_at_csq
                0x080004a8       0x30 src\gsm\gsm_parser.o
                0x080004a8                parse_response_at_csq
 .text.parse_response_at_cereg
                0x080004d8       0x30 src\gsm\gsm_parser.o
                0x080004d8                parse_response_at_cereg
 .text.parse_response_at_cops
                0x08000508       0x30 src\gsm\gsm_parser.o
                0x08000508                parse_response_at_cops
 .text.parse_response_at_cgdcont
                0x08000538       0x30 src\gsm\gsm_parser.o
                0x08000538                parse_response_at_cgdcont
 .text.parse_response_at_cgauth
                0x08000568       0x30 src\gsm\gsm_parser.o
                0x08000568                parse_response_at_cgauth
 .text.parse_response_at_cgact
                0x08000598       0x30 src\gsm\gsm_parser.o
                0x08000598                parse_response_at_cgact
 .text.parse_response_at_cgpaddr
                0x080005c8       0x30 src\gsm\gsm_parser.o
                0x080005c8                parse_response_at_cgpaddr
 .text.parse_response_atd99
                0x080005f8       0x40 src\gsm\gsm_parser.o
                0x080005f8                parse_response_atd99
 .text.check_gsm_response_by_index
                0x08000638       0xc8 src\gsm\gsm_state.o
                0x08000638                check_gsm_response_by_index
 .text.button_init
                0x08000700       0x78 src\hardware\button.o
                0x08000700                button_init
 .text.hardware_init
                0x08000778       0x58 src\hardware\hardware.o
                0x08000778                hardware_init
 .text.gsm_module_power_cycle
                0x080007d0       0x98 src\hardware\hardware.o
                0x080007d0                gsm_module_power_cycle
 .text.led_init
                0x08000868       0xdc src\hardware\led.o
                0x08000868                led_init
 .text.NVIC_EnableIRQ
                0x08000944       0x34 src\hardware\timer.o
 .text.timer2_init_1ms
                0x08000978       0x50 src\hardware\timer.o
                0x08000978                timer2_init_1ms
 .text.TIM2_IRQHandler
                0x080009c8       0x40 src\hardware\timer.o
                0x080009c8                TIM2_IRQHandler
 .text.timer2_get_tick
                0x08000a08       0x18 src\hardware\timer.o
                0x08000a08                timer2_get_tick
 .text.delay_ms
                0x08000a20       0x28 src\hardware\timer.o
                0x08000a20                delay_ms
 .text.NVIC_EnableIRQ
                0x08000a48       0x34 src\hardware\uart.o
 .text.NVIC_DisableIRQ
                0x08000a7c       0x34 src\hardware\uart.o
 .text.uart_init_all
                0x08000ab0      0x124 src\hardware\uart.o
                0x08000ab0                uart_init_all
 .text.uart_log
                0x08000bd4       0x70 src\hardware\uart.o
                0x08000bd4                uart_log
 .text.uart1_send_raw
                0x08000c44       0x5c src\hardware\uart.o
                0x08000c44                uart1_send_raw
 .text.usart1_dma_rx_check
                0x08000ca0       0x8c src\hardware\uart.o
                0x08000ca0                usart1_dma_rx_check
 .text.gsm_hw_layer_uart_fill_rx
                0x08000d2c       0x90 src\hardware\uart.o
                0x08000d2c                gsm_hw_layer_uart_fill_rx
 .text.DMA2_Stream2_IRQHandler
                0x08000dbc       0x28 src\hardware\uart.o
                0x08000dbc                DMA2_Stream2_IRQHandler
 .text.uart_enable_uart1_idle_irq
                0x08000de4       0x24 src\hardware\uart.o
                0x08000de4                uart_enable_uart1_idle_irq
 .text.USART1_IRQHandler
                0x08000e08       0x38 src\hardware\uart.o
                0x08000e08                USART1_IRQHandler
 .text.uart1_poll_ppp_mode_rx
                0x08000e40       0xa4 src\hardware\uart.o
                0x08000e40                uart1_poll_ppp_mode_rx
 .text.uart1_poll
                0x08000ee4       0x18 src\hardware\uart.o
                0x08000ee4                uart1_poll
 .text.uart_disable_uart1_irq
                0x08000efc       0x2c src\hardware\uart.o
                0x08000efc                uart_disable_uart1_irq
 .text.restart_dma2_stream2
                0x08000f28       0x60 src\hardware\uart.o
                0x08000f28                restart_dma2_stream2
 .text.uart_line_queue_init
                0x08000f88       0x2c src\hardware\uart_line_queue.o
                0x08000f88                uart_line_queue_init
 .text.uart_line_queue_push
                0x08000fb4       0x80 src\hardware\uart_line_queue.o
                0x08000fb4                uart_line_queue_push
 .text.uart_line_queue_pop
                0x08001034       0x6c src\hardware\uart_line_queue.o
                0x08001034                uart_line_queue_pop
 .text.main     0x080010a0       0x34 src\main.o
                0x080010a0                main
 .text.sys_init
                0x080010d4        0xe src\ppp_net\arch\sys_arch.o
                0x080010d4                sys_init
 .text.sys_mutex_new
                0x080010e2       0x1c src\ppp_net\arch\sys_arch.o
                0x080010e2                sys_mutex_new
 .text.sys_mutex_lock
                0x080010fe       0x14 src\ppp_net\arch\sys_arch.o
                0x080010fe                sys_mutex_lock
 .text.sys_mutex_unlock
                0x08001112       0x14 src\ppp_net\arch\sys_arch.o
                0x08001112                sys_mutex_unlock
 .text.sys_mbox_new
                0x08001126       0x1e src\ppp_net\arch\sys_arch.o
                0x08001126                sys_mbox_new
 .text.sys_mbox_trypost
                0x08001144       0x18 src\ppp_net\arch\sys_arch.o
                0x08001144                sys_mbox_trypost
 .text.sys_arch_mbox_fetch
                0x0800115c       0x1a src\ppp_net\arch\sys_arch.o
                0x0800115c                sys_arch_mbox_fetch
 .text.sys_thread_new
                0x08001176       0x1c src\ppp_net\arch\sys_arch.o
                0x08001176                sys_thread_new
 .text.lwip_win32_platform_diag
                0x08001192       0x14 src\ppp_net\lwip_port.o
                0x08001192                lwip_win32_platform_diag
 *fill*         0x080011a6        0x2 
 .text.sys_now  0x080011a8       0x1c src\ppp_net\lwip_port.o
                0x080011a8                sys_now
 .text.sys_jiffies
                0x080011c4        0xe src\ppp_net\lwip_port.o
                0x080011c4                sys_jiffies
 *fill*         0x080011d2        0x2 
 .text.lwip_port_rand
                0x080011d4       0x30 src\ppp_net\lwip_port.o
                0x080011d4                lwip_port_rand
 .text.sys_arch_protect
                0x08001204       0x10 src\ppp_net\lwip_port.o
                0x08001204                sys_arch_protect
 .text.sys_arch_unprotect
                0x08001214       0x14 src\ppp_net\lwip_port.o
                0x08001214                sys_arch_unprotect
 .text.ppp_io_output_cb
                0x08001228       0x3c src\ppp_net\ppp_io.o
                0x08001228                ppp_io_output_cb
 .text.ppp_status_cb
                0x08001264       0x9c src\ppp_net\ppp_net.o
 .text.ppp_net_init
                0x08001300       0x6c src\ppp_net\ppp_net.o
                0x08001300                ppp_net_init
 .text.ppp_net_poll
                0x0800136c       0x80 src\ppp_net\ppp_net.o
                0x0800136c                ppp_net_poll
 .text.tcpip_mbox_fetch
                0x080013ec       0x6c src\ppp_net\src\api\tcpip.o
 .text.tcpip_thread
                0x08001458       0x70 src\ppp_net\src\api\tcpip.o
 .text.tcpip_thread_handle_msg
                0x080014c8       0x90 src\ppp_net\src\api\tcpip.o
 .text.tcpip_try_callback
                0x08001558       0x5c src\ppp_net\src\api\tcpip.o
                0x08001558                tcpip_try_callback
 .text.tcpip_init
                0x080015b4       0xa4 src\ppp_net\src\api\tcpip.o
                0x080015b4                tcpip_init
 .text.lwip_htons
                0x08001658       0x2a src\ppp_net\src\core\def.o
                0x08001658                lwip_htons
 .text.lwip_htonl
                0x08001682       0x32 src\ppp_net\src\core\def.o
                0x08001682                lwip_htonl
 .text.lwip_standard_chksum
                0x080016b4       0xba src\ppp_net\src\core\inet_chksum.o
                0x080016b4                lwip_standard_chksum
 .text.inet_cksum_pseudo_base
                0x0800176e       0xde src\ppp_net\src\core\inet_chksum.o
 .text.inet_chksum_pseudo
                0x0800184c       0x70 src\ppp_net\src\core\inet_chksum.o
                0x0800184c                inet_chksum_pseudo
 .text.ip_chksum_pseudo
                0x080018bc       0x2c src\ppp_net\src\core\inet_chksum.o
                0x080018bc                ip_chksum_pseudo
 .text.inet_chksum
                0x080018e8       0x24 src\ppp_net\src\core\inet_chksum.o
                0x080018e8                inet_chksum
 .text.inet_chksum_pbuf
                0x0800190c       0x9a src\ppp_net\src\core\inet_chksum.o
                0x0800190c                inet_chksum_pbuf
 .text.lwip_init
                0x080019a6       0x2e src\ppp_net\src\core\init.o
                0x080019a6                lwip_init
 .text.icmp_input
                0x080019d4      0x26c src\ppp_net\src\core\ipv4\icmp.o
                0x080019d4                icmp_input
 .text.icmp_dest_unreach
                0x08001c40       0x20 src\ppp_net\src\core\ipv4\icmp.o
                0x08001c40                icmp_dest_unreach
 .text.icmp_send_response
                0x08001c60      0x108 src\ppp_net\src\core\ipv4\icmp.o
 .text.ip4_route
                0x08001d68       0xd8 src\ppp_net\src\core\ipv4\ip4.o
                0x08001d68                ip4_route
 .text.ip4_input_accept
                0x08001e40       0x54 src\ppp_net\src\core\ipv4\ip4.o
 .text.ip4_input
                0x08001e94      0x23c src\ppp_net\src\core\ipv4\ip4.o
                0x08001e94                ip4_input
 .text.ip4_output_if
                0x080020d0       0x54 src\ppp_net\src\core\ipv4\ip4.o
                0x080020d0                ip4_output_if
 .text.ip4_output_if_src
                0x08002124      0x21c src\ppp_net\src\core\ipv4\ip4.o
                0x08002124                ip4_output_if_src
 .text.ip4_addr_isbroadcast_u32
                0x08002340       0x82 src\ppp_net\src\core\ipv4\ip4_addr.o
                0x08002340                ip4_addr_isbroadcast_u32
 *fill*         0x080023c2        0x2 
 .text.ptr_to_mem
                0x080023c4       0x24 src\ppp_net\src\core\mem.o
 .text.mem_to_ptr
                0x080023e8       0x24 src\ppp_net\src\core\mem.o
 .text.plug_holes
                0x0800240c      0x16c src\ppp_net\src\core\mem.o
 .text.mem_init
                0x08002578       0xa4 src\ppp_net\src\core\mem.o
                0x08002578                mem_init
 .text.mem_link_valid
                0x0800261c       0x78 src\ppp_net\src\core\mem.o
 .text.mem_free
                0x08002694       0xe0 src\ppp_net\src\core\mem.o
                0x08002694                mem_free
 .text.mem_trim
                0x08002774      0x234 src\ppp_net\src\core\mem.o
                0x08002774                mem_trim
 .text.mem_malloc
                0x080029a8      0x1e4 src\ppp_net\src\core\mem.o
                0x080029a8                mem_malloc
 .text.memp_init_pool
                0x08002b8c       0x58 src\ppp_net\src\core\memp.o
                0x08002b8c                memp_init_pool
 .text.memp_init
                0x08002be4       0x34 src\ppp_net\src\core\memp.o
                0x08002be4                memp_init
 .text.do_memp_malloc_pool
                0x08002c18       0x40 src\ppp_net\src\core\memp.o
 .text.memp_malloc_pool
                0x08002c58       0x4c src\ppp_net\src\core\memp.o
                0x08002c58                memp_malloc_pool
 .text.memp_malloc
                0x08002ca4       0x4c src\ppp_net\src\core\memp.o
                0x08002ca4                memp_malloc
 .text.do_memp_free_pool
                0x08002cf0       0x34 src\ppp_net\src\core\memp.o
 .text.memp_free_pool
                0x08002d24       0x54 src\ppp_net\src\core\memp.o
                0x08002d24                memp_free_pool
 .text.memp_free
                0x08002d78       0x54 src\ppp_net\src\core\memp.o
                0x08002d78                memp_free
 .text.netif_init
                0x08002dcc        0xe src\ppp_net\src\core\netif.o
                0x08002dcc                netif_init
 *fill*         0x08002dda        0x2 
 .text.netif_add
                0x08002ddc      0x1ac src\ppp_net\src\core\netif.o
                0x08002ddc                netif_add
 .text.netif_do_ip_addr_changed
                0x08002f88       0x1a src\ppp_net\src\core\netif.o
 *fill*         0x08002fa2        0x2 
 .text.netif_do_set_ipaddr
                0x08002fa4       0xa8 src\ppp_net\src\core\netif.o
 .text.netif_do_set_netmask
                0x0800304c       0x3e src\ppp_net\src\core\netif.o
 .text.netif_do_set_gw
                0x0800308a       0x3e src\ppp_net\src\core\netif.o
 .text.netif_set_addr
                0x080030c8       0x94 src\ppp_net\src\core\netif.o
                0x080030c8                netif_set_addr
 .text.netif_set_default
                0x0800315c       0x20 src\ppp_net\src\core\netif.o
                0x0800315c                netif_set_default
 .text.netif_set_up
                0x0800317c       0x58 src\ppp_net\src\core\netif.o
                0x0800317c                netif_set_up
 .text.netif_issue_reports
                0x080031d4       0x64 src\ppp_net\src\core\netif.o
 .text.netif_set_link_up
                0x08003238       0x58 src\ppp_net\src\core\netif.o
                0x08003238                netif_set_link_up
 .text.netif_set_link_down
                0x08003290       0x50 src\ppp_net\src\core\netif.o
                0x08003290                netif_set_link_down
 .text.netif_null_output_ip4
                0x080032e0       0x1c src\ppp_net\src\core\netif.o
 .text.netif_get_by_index
                0x080032fc       0x4c src\ppp_net\src\core\netif.o
                0x080032fc                netif_get_by_index
 .text.pbuf_free_ooseq
                0x08003348       0x4c src\ppp_net\src\core\pbuf.o
 .text.pbuf_free_ooseq_callback
                0x08003394       0x14 src\ppp_net\src\core\pbuf.o
 .text.pbuf_pool_is_empty
                0x080033a8       0x54 src\ppp_net\src\core\pbuf.o
 .text.pbuf_init_alloced_pbuf
                0x080033fc       0x54 src\ppp_net\src\core\pbuf.o
 .text.pbuf_alloc
                0x08003450      0x170 src\ppp_net\src\core\pbuf.o
                0x08003450                pbuf_alloc
 .text.pbuf_alloc_reference
                0x080035c0       0x74 src\ppp_net\src\core\pbuf.o
                0x080035c0                pbuf_alloc_reference
 .text.pbuf_realloc
                0x08003634      0x148 src\ppp_net\src\core\pbuf.o
                0x08003634                pbuf_realloc
 .text.pbuf_add_header_impl
                0x0800377c       0xdc src\ppp_net\src\core\pbuf.o
 .text.pbuf_add_header
                0x08003858       0x1e src\ppp_net\src\core\pbuf.o
                0x08003858                pbuf_add_header
 *fill*         0x08003876        0x2 
 .text.pbuf_remove_header
                0x08003878       0xac src\ppp_net\src\core\pbuf.o
                0x08003878                pbuf_remove_header
 .text.pbuf_header_impl
                0x08003924       0x42 src\ppp_net\src\core\pbuf.o
 .text.pbuf_header_force
                0x08003966       0x24 src\ppp_net\src\core\pbuf.o
                0x08003966                pbuf_header_force
 *fill*         0x0800398a        0x2 
 .text.pbuf_free
                0x0800398c      0x104 src\ppp_net\src\core\pbuf.o
                0x0800398c                pbuf_free
 .text.pbuf_clen
                0x08003a90       0x2e src\ppp_net\src\core\pbuf.o
                0x08003a90                pbuf_clen
 *fill*         0x08003abe        0x2 
 .text.pbuf_ref
                0x08003ac0       0x5c src\ppp_net\src\core\pbuf.o
                0x08003ac0                pbuf_ref
 .text.pbuf_cat
                0x08003b1c       0xe4 src\ppp_net\src\core\pbuf.o
                0x08003b1c                pbuf_cat
 .text.pbuf_copy
                0x08003c00       0x48 src\ppp_net\src\core\pbuf.o
                0x08003c00                pbuf_copy
 .text.pbuf_copy_partial_pbuf
                0x08003c48      0x224 src\ppp_net\src\core\pbuf.o
                0x08003c48                pbuf_copy_partial_pbuf
 .text.pbuf_copy_partial
                0x08003e6c       0xe4 src\ppp_net\src\core\pbuf.o
                0x08003e6c                pbuf_copy_partial
 .text.pbuf_coalesce
                0x08003f50       0x42 src\ppp_net\src\core\pbuf.o
                0x08003f50                pbuf_coalesce
 *fill*         0x08003f92        0x2 
 .text.pbuf_clone
                0x08003f94       0x6c src\ppp_net\src\core\pbuf.o
                0x08003f94                pbuf_clone
 .text.tcp_init
                0x08004000       0x24 src\ppp_net\src\core\tcp.o
                0x08004000                tcp_init
 .text.tcp_free
                0x08004024       0x44 src\ppp_net\src\core\tcp.o
                0x08004024                tcp_free
 .text.tcp_free_listen
                0x08004068       0x44 src\ppp_net\src\core\tcp.o
 .text.tcp_tmr  0x080040ac       0x2c src\ppp_net\src\core\tcp.o
                0x080040ac                tcp_tmr
 .text.tcp_remove_listener
                0x080040d8       0x5c src\ppp_net\src\core\tcp.o
 .text.tcp_listen_closed
                0x08004134       0x88 src\ppp_net\src\core\tcp.o
 .text.tcp_close_shutdown
                0x080041bc      0x1d0 src\ppp_net\src\core\tcp.o
 .text.tcp_close_shutdown_fin
                0x0800438c       0xd8 src\ppp_net\src\core\tcp.o
 .text.tcp_close
                0x08004464       0x58 src\ppp_net\src\core\tcp.o
                0x08004464                tcp_close
 .text.tcp_abandon
                0x080044bc      0x184 src\ppp_net\src\core\tcp.o
                0x080044bc                tcp_abandon
 .text.tcp_abort
                0x08004640       0x18 src\ppp_net\src\core\tcp.o
                0x08004640                tcp_abort
 .text.tcp_update_rcv_ann_wnd
                0x08004658       0xcc src\ppp_net\src\core\tcp.o
                0x08004658                tcp_update_rcv_ann_wnd
 .text.tcp_recved
                0x08004724       0xa8 src\ppp_net\src\core\tcp.o
                0x08004724                tcp_recved
 .text.tcp_slowtmr
                0x080047cc      0x6e4 src\ppp_net\src\core\tcp.o
                0x080047cc                tcp_slowtmr
 .text.tcp_fasttmr
                0x08004eb0       0xc8 src\ppp_net\src\core\tcp.o
                0x08004eb0                tcp_fasttmr
 .text.tcp_process_refused_data
                0x08004f78       0xf8 src\ppp_net\src\core\tcp.o
                0x08004f78                tcp_process_refused_data
 .text.tcp_segs_free
                0x08005070       0x28 src\ppp_net\src\core\tcp.o
                0x08005070                tcp_segs_free
 .text.tcp_seg_free
                0x08005098       0x30 src\ppp_net\src\core\tcp.o
                0x08005098                tcp_seg_free
 .text.tcp_seg_copy
                0x080050c8       0x64 src\ppp_net\src\core\tcp.o
                0x080050c8                tcp_seg_copy
 .text.tcp_recv_null
                0x0800512c       0x6c src\ppp_net\src\core\tcp.o
                0x0800512c                tcp_recv_null
 .text.tcp_kill_prio
                0x08005198       0x9c src\ppp_net\src\core\tcp.o
 .text.tcp_kill_state
                0x08005234       0xa0 src\ppp_net\src\core\tcp.o
 .text.tcp_kill_timewait
                0x080052d4       0x60 src\ppp_net\src\core\tcp.o
 .text.tcp_handle_closepend
                0x08005334       0x4c src\ppp_net\src\core\tcp.o
 .text.tcp_alloc
                0x08005380      0x108 src\ppp_net\src\core\tcp.o
                0x08005380                tcp_alloc
 .text.tcp_pcb_purge
                0x08005488       0xa0 src\ppp_net\src\core\tcp.o
                0x08005488                tcp_pcb_purge
 .text.tcp_pcb_remove
                0x08005528      0x158 src\ppp_net\src\core\tcp.o
                0x08005528                tcp_pcb_remove
 .text.tcp_next_iss
                0x08005680       0x54 src\ppp_net\src\core\tcp.o
                0x08005680                tcp_next_iss
 .text.tcp_eff_send_mss_netif
                0x080056d4       0x80 src\ppp_net\src\core\tcp.o
                0x080056d4                tcp_eff_send_mss_netif
 .text.tcp_netif_ip_addr_changed_pcblist
                0x08005754       0x6c src\ppp_net\src\core\tcp.o
 .text.tcp_netif_ip_addr_changed
                0x080057c0       0x7c src\ppp_net\src\core\tcp.o
                0x080057c0                tcp_netif_ip_addr_changed
 .text.tcp_free_ooseq
                0x0800583c       0x28 src\ppp_net\src\core\tcp.o
                0x0800583c                tcp_free_ooseq
 .text.tcp_input
                0x08005864      0x89c src\ppp_net\src\core\tcp_in.o
                0x08005864                tcp_input
 .text.tcp_input_delayed_close
                0x08006100       0x8c src\ppp_net\src\core\tcp_in.o
 .text.tcp_listen_input
                0x0800618c      0x208 src\ppp_net\src\core\tcp_in.o
 .text.tcp_timewait_input
                0x08006394      0x100 src\ppp_net\src\core\tcp_in.o
 .text.tcp_process
                0x08006494      0x838 src\ppp_net\src\core\tcp_in.o
 .text.tcp_oos_insert_segment
                0x08006ccc      0x118 src\ppp_net\src\core\tcp_in.o
 .text.tcp_free_acked_segments
                0x08006de4      0x10c src\ppp_net\src\core\tcp_in.o
 .text.tcp_receive
                0x08006ef0      0xf98 src\ppp_net\src\core\tcp_in.o
 .text.tcp_get_next_optbyte
                0x08007e88       0x6c src\ppp_net\src\core\tcp_in.o
 .text.tcp_parseopt
                0x08007ef4       0xf0 src\ppp_net\src\core\tcp_in.o
 .text.tcp_trigger_input_pcb_close
                0x08007fe4       0x20 src\ppp_net\src\core\tcp_in.o
                0x08007fe4                tcp_trigger_input_pcb_close
 .text.tcp_route
                0x08008004       0x38 src\ppp_net\src\core\tcp_out.o
 .text.tcp_create_segment
                0x0800803c      0x164 src\ppp_net\src\core\tcp_out.o
 .text.tcp_split_unsent_seg
                0x080081a0      0x2c8 src\ppp_net\src\core\tcp_out.o
                0x080081a0                tcp_split_unsent_seg
 .text.tcp_send_fin
                0x08008468       0xa8 src\ppp_net\src\core\tcp_out.o
                0x08008468                tcp_send_fin
 .text.tcp_enqueue_flags
                0x08008510      0x1f4 src\ppp_net\src\core\tcp_out.o
                0x08008510                tcp_enqueue_flags
 .text.tcp_output
                0x08008704      0x410 src\ppp_net\src\core\tcp_out.o
                0x08008704                tcp_output
 .text.tcp_output_segment_busy
                0x08008b14       0x4c src\ppp_net\src\core\tcp_out.o
 .text.tcp_output_segment
                0x08008b60      0x210 src\ppp_net\src\core\tcp_out.o
 .text.tcp_rexmit_rto_prepare
                0x08008d70       0xfc src\ppp_net\src\core\tcp_out.o
                0x08008d70                tcp_rexmit_rto_prepare
 .text.tcp_rexmit_rto_commit
                0x08008e6c       0x5c src\ppp_net\src\core\tcp_out.o
                0x08008e6c                tcp_rexmit_rto_commit
 .text.tcp_rexmit_rto
                0x08008ec8       0x4c src\ppp_net\src\core\tcp_out.o
                0x08008ec8                tcp_rexmit_rto
 .text.tcp_rexmit
                0x08008f14       0xe4 src\ppp_net\src\core\tcp_out.o
                0x08008f14                tcp_rexmit
 .text.tcp_rexmit_fast
                0x08008ff8       0xe0 src\ppp_net\src\core\tcp_out.o
                0x08008ff8                tcp_rexmit_fast
 .text.tcp_output_alloc_header_common
                0x080090d8       0xf0 src\ppp_net\src\core\tcp_out.o
 .text.tcp_output_alloc_header
                0x080091c8       0x84 src\ppp_net\src\core\tcp_out.o
 .text.tcp_output_fill_options
                0x0800924c       0x9c src\ppp_net\src\core\tcp_out.o
 .text.tcp_output_control_segment
                0x080092e8       0x70 src\ppp_net\src\core\tcp_out.o
 .text.tcp_output_control_segment_netif
                0x08009358       0xa4 src\ppp_net\src\core\tcp_out.o
 .text.tcp_rst_common
                0x080093fc       0xb0 src\ppp_net\src\core\tcp_out.o
 .text.tcp_rst  0x080094ac       0x42 src\ppp_net\src\core\tcp_out.o
                0x080094ac                tcp_rst
 .text.tcp_rst_netif
                0x080094ee       0x4c src\ppp_net\src\core\tcp_out.o
                0x080094ee                tcp_rst_netif
 *fill*         0x0800953a        0x2 
 .text.tcp_send_empty_ack
                0x0800953c       0xd4 src\ppp_net\src\core\tcp_out.o
                0x0800953c                tcp_send_empty_ack
 .text.tcp_keepalive
                0x08009610       0x8c src\ppp_net\src\core\tcp_out.o
                0x08009610                tcp_keepalive
 .text.tcp_zero_window_probe
                0x0800969c      0x15c src\ppp_net\src\core\tcp_out.o
                0x0800969c                tcp_zero_window_probe
 .text.tcpip_tcp_timer
                0x080097f8       0x48 src\ppp_net\src\core\timeouts.o
 .text.tcp_timer_needed
                0x08009840       0x40 src\ppp_net\src\core\timeouts.o
                0x08009840                tcp_timer_needed
 .text.sys_timeout_abs
                0x08009880       0xd4 src\ppp_net\src\core\timeouts.o
 .text.lwip_cyclic_timer
                0x08009954       0x5c src\ppp_net\src\core\timeouts.o
 .text.sys_timeouts_init
                0x080099b0       0x40 src\ppp_net\src\core\timeouts.o
                0x080099b0                sys_timeouts_init
 .text.sys_timeout
                0x080099f0       0x58 src\ppp_net\src\core\timeouts.o
                0x080099f0                sys_timeout
 .text.sys_untimeout
                0x08009a48       0x74 src\ppp_net\src\core\timeouts.o
                0x08009a48                sys_untimeout
 .text.sys_check_timeouts
                0x08009abc       0x6c src\ppp_net\src\core\timeouts.o
                0x08009abc                sys_check_timeouts
 .text.sys_timeouts_sleeptime
                0x08009b28       0x70 src\ppp_net\src\core\timeouts.o
                0x08009b28                sys_timeouts_sleeptime
 .text.link_required
                0x08009b98       0x14 src\ppp_net\src\netif\ppp\auth.o
                0x08009b98                link_required
 .text.link_terminated
                0x08009bac       0x30 src\ppp_net\src\netif\ppp\auth.o
                0x08009bac                link_terminated
 .text.link_down
                0x08009bdc       0x28 src\ppp_net\src\netif\ppp\auth.o
                0x08009bdc                link_down
 .text.upper_layers_down
                0x08009c04       0x7c src\ppp_net\src\netif\ppp\auth.o
                0x08009c04                upper_layers_down
 .text.link_established
                0x08009c80       0xa0 src\ppp_net\src\netif\ppp\auth.o
                0x08009c80                link_established
 .text.network_phase
                0x08009d20       0x16 src\ppp_net\src\netif\ppp\auth.o
 .text.start_networks
                0x08009d36       0x1e src\ppp_net\src\netif\ppp\auth.o
                0x08009d36                start_networks
 .text.continue_networks
                0x08009d54       0x70 src\ppp_net\src\netif\ppp\auth.o
                0x08009d54                continue_networks
 .text.auth_withpeer_fail
                0x08009dc4       0x28 src\ppp_net\src\netif\ppp\auth.o
                0x08009dc4                auth_withpeer_fail
 .text.auth_withpeer_success
                0x08009dec       0x74 src\ppp_net\src\netif\ppp\auth.o
                0x08009dec                auth_withpeer_success
 .text.np_up    0x08009e60       0x34 src\ppp_net\src\netif\ppp\auth.o
                0x08009e60                np_up
 .text.np_down  0x08009e94       0x34 src\ppp_net\src\netif\ppp\auth.o
                0x08009e94                np_down
 .text.np_finished
                0x08009ec8       0x38 src\ppp_net\src\netif\ppp\auth.o
                0x08009ec8                np_finished
 .text.fsm_init
                0x08009f00       0x3a src\ppp_net\src\netif\ppp\fsm.o
                0x08009f00                fsm_init
 .text.fsm_lowerup
                0x08009f3a       0x4a src\ppp_net\src\netif\ppp\fsm.o
                0x08009f3a                fsm_lowerup
 .text.fsm_lowerdown
                0x08009f84       0xa8 src\ppp_net\src\netif\ppp\fsm.o
                0x08009f84                fsm_lowerdown
 .text.fsm_open
                0x0800a02c       0xb4 src\ppp_net\src\netif\ppp\fsm.o
                0x0800a02c                fsm_open
 .text.terminate_layer
                0x0800a0e0       0xdc src\ppp_net\src\netif\ppp\fsm.o
 .text.fsm_close
                0x0800a1bc       0x98 src\ppp_net\src\netif\ppp\fsm.o
                0x0800a1bc                fsm_close
 .text.fsm_timeout
                0x0800a254      0x130 src\ppp_net\src\netif\ppp\fsm.o
 .text.fsm_input
                0x0800a384      0x148 src\ppp_net\src\netif\ppp\fsm.o
                0x0800a384                fsm_input
 .text.fsm_rconfreq
                0x0800a4cc      0x14c src\ppp_net\src\netif\ppp\fsm.o
 .text.fsm_rconfack
                0x0800a618      0x140 src\ppp_net\src\netif\ppp\fsm.o
 .text.fsm_rconfnakrej
                0x0800a758      0x154 src\ppp_net\src\netif\ppp\fsm.o
 .text.fsm_rtermreq
                0x0800a8ac       0x90 src\ppp_net\src\netif\ppp\fsm.o
 .text.fsm_rtermack
                0x0800a93c       0xbc src\ppp_net\src\netif\ppp\fsm.o
 .text.fsm_rcoderej
                0x0800a9f8       0x42 src\ppp_net\src\netif\ppp\fsm.o
 *fill*         0x0800aa3a        0x2 
 .text.fsm_protreject
                0x0800aa3c       0x9c src\ppp_net\src\netif\ppp\fsm.o
                0x0800aa3c                fsm_protreject
 .text.fsm_sconfreq
                0x0800aad8      0x1dc src\ppp_net\src\netif\ppp\fsm.o
 .text.fsm_sdata
                0x0800acb4       0xfa src\ppp_net\src\netif\ppp\fsm.o
                0x0800acb4                fsm_sdata
 *fill*         0x0800adae        0x2 
 .text.ipcp_init
                0x0800adb0       0x88 src\ppp_net\src\netif\ppp\ipcp.o
 .text.ipcp_open
                0x0800ae38       0x2a src\ppp_net\src\netif\ppp\ipcp.o
 .text.ipcp_close
                0x0800ae62       0x20 src\ppp_net\src\netif\ppp\ipcp.o
 .text.ipcp_lowerup
                0x0800ae82       0x1c src\ppp_net\src\netif\ppp\ipcp.o
 .text.ipcp_lowerdown
                0x0800ae9e       0x1c src\ppp_net\src\netif\ppp\ipcp.o
 .text.ipcp_input
                0x0800aeba       0x24 src\ppp_net\src\netif\ppp\ipcp.o
 .text.ipcp_protrej
                0x0800aede       0x1c src\ppp_net\src\netif\ppp\ipcp.o
 .text.ipcp_resetci
                0x0800aefa       0xd2 src\ppp_net\src\netif\ppp\ipcp.o
 .text.ipcp_cilen
                0x0800afcc       0xa4 src\ppp_net\src\netif\ppp\ipcp.o
 .text.ipcp_addci
                0x0800b070      0x17c src\ppp_net\src\netif\ppp\ipcp.o
 .text.ipcp_ackci
                0x0800b1ec      0x1da src\ppp_net\src\netif\ppp\ipcp.o
 .text.ipcp_nakci
                0x0800b3c6      0x48c src\ppp_net\src\netif\ppp\ipcp.o
 .text.ipcp_rejci
                0x0800b852      0x20e src\ppp_net\src\netif\ppp\ipcp.o
 .text.ipcp_reqci
                0x0800ba60      0x500 src\ppp_net\src\netif\ppp\ipcp.o
 .text.ipcp_up  0x0800bf60      0x190 src\ppp_net\src\netif\ppp\ipcp.o
 .text.ipcp_down
                0x0800c0f0       0x62 src\ppp_net\src\netif\ppp\ipcp.o
 .text.ipcp_clear_addrs
                0x0800c152       0x20 src\ppp_net\src\netif\ppp\ipcp.o
 .text.ipcp_finished
                0x0800c172       0x3c src\ppp_net\src\netif\ppp\ipcp.o
 *fill*         0x0800c1ae        0x2 
 .text.lcp_init
                0x0800c1b0       0xdc src\ppp_net\src\netif\ppp\lcp.o
 .text.lcp_open
                0x0800c28c       0x68 src\ppp_net\src\netif\ppp\lcp.o
                0x0800c28c                lcp_open
 .text.lcp_close
                0x0800c2f4       0x7c src\ppp_net\src\netif\ppp\lcp.o
                0x0800c2f4                lcp_close
 .text.lcp_lowerup
                0x0800c370       0xbc src\ppp_net\src\netif\ppp\lcp.o
                0x0800c370                lcp_lowerup
 .text.lcp_lowerdown
                0x0800c42c       0x44 src\ppp_net\src\netif\ppp\lcp.o
                0x0800c42c                lcp_lowerdown
 .text.lcp_delayed_up
                0x0800c470       0x32 src\ppp_net\src\netif\ppp\lcp.o
 *fill*         0x0800c4a2        0x2 
 .text.lcp_input
                0x0800c4a4       0x50 src\ppp_net\src\netif\ppp\lcp.o
 .text.lcp_extcode
                0x0800c4f4       0xcc src\ppp_net\src\netif\ppp\lcp.o
 .text.lcp_rprotrej
                0x0800c5c0       0x80 src\ppp_net\src\netif\ppp\lcp.o
 .text.lcp_protrej
                0x0800c640       0x1a src\ppp_net\src\netif\ppp\lcp.o
 .text.lcp_sprotrej
                0x0800c65a       0x38 src\ppp_net\src\netif\ppp\lcp.o
                0x0800c65a                lcp_sprotrej
 .text.lcp_resetci
                0x0800c692       0xb6 src\ppp_net\src\netif\ppp\lcp.o
 .text.lcp_cilen
                0x0800c748       0xf2 src\ppp_net\src\netif\ppp\lcp.o
 .text.lcp_addci
                0x0800c83a      0x266 src\ppp_net\src\netif\ppp\lcp.o
 .text.lcp_ackci
                0x0800caa0      0x41c src\ppp_net\src\netif\ppp\lcp.o
 .text.lcp_nakci
                0x0800cebc      0x6f8 src\ppp_net\src\netif\ppp\lcp.o
 .text.lcp_rejci
                0x0800d5b4      0x40a src\ppp_net\src\netif\ppp\lcp.o
 *fill*         0x0800d9be        0x2 
 .text.lcp_reqci
                0x0800d9c0      0x5cc src\ppp_net\src\netif\ppp\lcp.o
 .text.lcp_up   0x0800df8c      0x168 src\ppp_net\src\netif\ppp\lcp.o
 .text.lcp_down
                0x0800e0f4       0x86 src\ppp_net\src\netif\ppp\lcp.o
 .text.lcp_starting
                0x0800e17a       0x1c src\ppp_net\src\netif\ppp\lcp.o
 .text.lcp_finished
                0x0800e196       0x1c src\ppp_net\src\netif\ppp\lcp.o
 *fill*         0x0800e1b2        0x2 
 .text.LcpLinkFailure
                0x0800e1b4       0x34 src\ppp_net\src\netif\ppp\lcp.o
 .text.LcpEchoCheck
                0x0800e1e8       0x58 src\ppp_net\src\netif\ppp\lcp.o
 .text.LcpEchoTimeout
                0x0800e240       0x3e src\ppp_net\src\netif\ppp\lcp.o
 .text.lcp_received_echo_reply
                0x0800e27e       0x9a src\ppp_net\src\netif\ppp\lcp.o
 .text.LcpSendEchoRequest
                0x0800e318       0xc2 src\ppp_net\src\netif\ppp\lcp.o
 .text.lcp_echo_lowerup
                0x0800e3da       0x42 src\ppp_net\src\netif\ppp\lcp.o
 .text.lcp_echo_lowerdown
                0x0800e41c       0x40 src\ppp_net\src\netif\ppp\lcp.o
 .text.magic_init
                0x0800e45c       0x1c src\ppp_net\src\netif\ppp\magic.o
                0x0800e45c                magic_init
 .text.magic_randomize
                0x0800e478       0x1c src\ppp_net\src\netif\ppp\magic.o
                0x0800e478                magic_randomize
 .text.magic    0x0800e494       0x24 src\ppp_net\src\netif\ppp\magic.o
                0x0800e494                magic
 .text.ppp_set_auth
                0x0800e4b8       0x6c src\ppp_net\src\netif\ppp\ppp.o
                0x0800e4b8                ppp_set_auth
 .text.ppp_connect
                0x0800e524       0x5c src\ppp_net\src\netif\ppp\ppp.o
                0x0800e524                ppp_connect
 .text.ppp_close
                0x0800e580       0xb8 src\ppp_net\src\netif\ppp\ppp.o
                0x0800e580                ppp_close
 .text.ppp_do_connect
                0x0800e638       0x64 src\ppp_net\src\netif\ppp\ppp.o
 .text.ppp_netif_init_cb
                0x0800e69c       0x30 src\ppp_net\src\netif\ppp\ppp.o
 .text.ppp_netif_output_ip4
                0x0800e6cc       0x20 src\ppp_net\src\netif\ppp\ppp.o
 .text.ppp_netif_output
                0x0800e6ec       0x64 src\ppp_net\src\netif\ppp\ppp.o
 .text.ppp_init
                0x0800e750       0x24 src\ppp_net\src\netif\ppp\ppp.o
                0x0800e750                ppp_init
 .text.ppp_new  0x0800e774      0x10c src\ppp_net\src\netif\ppp\ppp.o
                0x0800e774                ppp_new
 .text.ppp_start
                0x0800e880       0x24 src\ppp_net\src\netif\ppp\ppp.o
                0x0800e880                ppp_start
 .text.ppp_link_end
                0x0800e8a4       0x3e src\ppp_net\src\netif\ppp\ppp.o
                0x0800e8a4                ppp_link_end
 *fill*         0x0800e8e2        0x2 
 .text.ppp_input
                0x0800e8e4      0x144 src\ppp_net\src\netif\ppp\ppp.o
                0x0800e8e4                ppp_input
 .text.ppp_write
                0x0800ea28       0x24 src\ppp_net\src\netif\ppp\ppp.o
                0x0800ea28                ppp_write
 .text.ppp_link_terminated
                0x0800ea4c       0x20 src\ppp_net\src\netif\ppp\ppp.o
                0x0800ea4c                ppp_link_terminated
 .text.new_phase
                0x0800ea6c       0x20 src\ppp_net\src\netif\ppp\ppp.o
                0x0800ea6c                new_phase
 .text.ppp_send_config
                0x0800ea8c       0x38 src\ppp_net\src\netif\ppp\ppp.o
                0x0800ea8c                ppp_send_config
 .text.ppp_recv_config
                0x0800eac4       0x38 src\ppp_net\src\netif\ppp\ppp.o
                0x0800eac4                ppp_recv_config
 .text.sifaddr  0x0800eafc       0x38 src\ppp_net\src\netif\ppp\ppp.o
                0x0800eafc                sifaddr
 .text.cifaddr  0x0800eb34       0x2c src\ppp_net\src\netif\ppp\ppp.o
                0x0800eb34                cifaddr
 .text.sifup    0x0800eb60       0x46 src\ppp_net\src\netif\ppp\ppp.o
                0x0800eb60                sifup
 .text.sifdown  0x0800eba6       0x2a src\ppp_net\src\netif\ppp\ppp.o
                0x0800eba6                sifdown
 .text.get_mask
                0x0800ebd0       0x18 src\ppp_net\src\netif\ppp\ppp.o
                0x0800ebd0                get_mask
 .text.ppp_netif_set_mtu
                0x0800ebe8       0x20 src\ppp_net\src\netif\ppp\ppp.o
                0x0800ebe8                ppp_netif_set_mtu
 .text.pppos_create
                0x0800ec08       0x6c src\ppp_net\src\netif\ppp\pppos.o
                0x0800ec08                pppos_create
 .text.pppos_write
                0x0800ec74       0xde src\ppp_net\src\netif\ppp\pppos.o
 .text.pppos_netif_output
                0x0800ed52      0x190 src\ppp_net\src\netif\ppp\pppos.o
 .text.pppos_connect
                0x0800eee2       0x46 src\ppp_net\src\netif\ppp\pppos.o
 .text.pppos_disconnect
                0x0800ef28       0x30 src\ppp_net\src\netif\ppp\pppos.o
 .text.pppos_destroy
                0x0800ef58       0x24 src\ppp_net\src\netif\ppp\pppos.o
 .text.pppos_input
                0x0800ef7c      0x3a4 src\ppp_net\src\netif\ppp\pppos.o
                0x0800ef7c                pppos_input
 .text.pppos_send_config
                0x0800f320       0x78 src\ppp_net\src\netif\ppp\pppos.o
 .text.pppos_recv_config
                0x0800f398       0x48 src\ppp_net\src\netif\ppp\pppos.o
 .text.pppos_input_free_current_packet
                0x0800f3e0       0x4c src\ppp_net\src\netif\ppp\pppos.o
 .text.pppos_input_drop
                0x0800f42c       0x16 src\ppp_net\src\netif\ppp\pppos.o
 *fill*         0x0800f442        0x2 
 .text.pppos_output_append
                0x0800f444      0x10c src\ppp_net\src\netif\ppp\pppos.o
 .text.pppos_output_last
                0x0800f550       0xe0 src\ppp_net\src\netif\ppp\pppos.o
 .text.upap_init
                0x0800f630       0x40 src\ppp_net\src\netif\ppp\upap.o
 .text.upap_authwithpeer
                0x0800f670       0x9a src\ppp_net\src\netif\ppp\upap.o
                0x0800f670                upap_authwithpeer
 .text.upap_timeout
                0x0800f70a       0x48 src\ppp_net\src\netif\ppp\upap.o
 .text.upap_lowerup
                0x0800f752       0x34 src\ppp_net\src\netif\ppp\upap.o
 *fill*         0x0800f786        0x2 
 .text.upap_lowerdown
                0x0800f788       0x30 src\ppp_net\src\netif\ppp\upap.o
 .text.upap_protrej
                0x0800f7b8       0x2a src\ppp_net\src\netif\ppp\upap.o
 .text.upap_input
                0x0800f7e2       0x9a src\ppp_net\src\netif\ppp\upap.o
 .text.upap_rauthack
                0x0800f87c       0x70 src\ppp_net\src\netif\ppp\upap.o
 .text.upap_rauthnak
                0x0800f8ec       0x6c src\ppp_net\src\netif\ppp\upap.o
 .text.upap_sauthreq
                0x0800f958      0x15c src\ppp_net\src\netif\ppp\upap.o
 .text.Reset_Handler
                0x0800fab4       0x50 src\startup_stm32f40xx.o
                0x0800fab4                Reset_Handler
 .text.Default_Handler
                0x0800fb04        0x2 src\startup_stm32f40xx.o
                0x0800fb04                RTC_Alarm_IRQHandler
                0x0800fb04                HASH_RNG_IRQHandler
                0x0800fb04                EXTI2_IRQHandler
                0x0800fb04                TIM8_CC_IRQHandler
                0x0800fb04                TIM1_CC_IRQHandler
                0x0800fb04                DMA2_Stream5_IRQHandler
                0x0800fb04                DMA1_Stream5_IRQHandler
                0x0800fb04                PVD_IRQHandler
                0x0800fb04                SDIO_IRQHandler
                0x0800fb04                TAMP_STAMP_IRQHandler
                0x0800fb04                CAN2_RX1_IRQHandler
                0x0800fb04                EXTI3_IRQHandler
                0x0800fb04                TIM8_TRG_COM_TIM14_IRQHandler
                0x0800fb04                TIM1_UP_TIM10_IRQHandler
                0x0800fb04                TIM8_UP_TIM13_IRQHandler
                0x0800fb04                I2C3_ER_IRQHandler
                0x0800fb04                EXTI0_IRQHandler
                0x0800fb04                I2C2_EV_IRQHandler
                0x0800fb04                DMA1_Stream2_IRQHandler
                0x0800fb04                CAN1_RX0_IRQHandler
                0x0800fb04                FPU_IRQHandler
                0x0800fb04                OTG_HS_WKUP_IRQHandler
                0x0800fb04                CAN2_SCE_IRQHandler
                0x0800fb04                SPI1_IRQHandler
                0x0800fb04                TIM6_DAC_IRQHandler
                0x0800fb04                TIM1_BRK_TIM9_IRQHandler
                0x0800fb04                DCMI_IRQHandler
                0x0800fb04                CAN2_RX0_IRQHandler
                0x0800fb04                DMA2_Stream3_IRQHandler
                0x0800fb04                USART6_IRQHandler
                0x0800fb04                USART3_IRQHandler
                0x0800fb04                CRYP_IRQHandler
                0x0800fb04                CAN1_RX1_IRQHandler
                0x0800fb04                UART5_IRQHandler
                0x0800fb04                DMA2_Stream0_IRQHandler
                0x0800fb04                TIM4_IRQHandler
                0x0800fb04                I2C1_EV_IRQHandler
                0x0800fb04                DMA1_Stream6_IRQHandler
                0x0800fb04                DMA1_Stream1_IRQHandler
                0x0800fb04                UART4_IRQHandler
                0x0800fb04                TIM3_IRQHandler
                0x0800fb04                RCC_IRQHandler
                0x0800fb04                TIM8_BRK_TIM12_IRQHandler
                0x0800fb04                Default_Handler
                0x0800fb04                EXTI15_10_IRQHandler
                0x0800fb04                ADC_IRQHandler
                0x0800fb04                DMA1_Stream7_IRQHandler
                0x0800fb04                TIM7_IRQHandler
                0x0800fb04                CAN2_TX_IRQHandler
                0x0800fb04                TIM5_IRQHandler
                0x0800fb04                DMA2_Stream7_IRQHandler
                0x0800fb04                I2C3_EV_IRQHandler
                0x0800fb04                EXTI9_5_IRQHandler
                0x0800fb04                RTC_WKUP_IRQHandler
                0x0800fb04                ETH_WKUP_IRQHandler
                0x0800fb04                SPI2_IRQHandler
                0x0800fb04                OTG_HS_EP1_IN_IRQHandler
                0x0800fb04                DMA1_Stream0_IRQHandler
                0x0800fb04                CAN1_TX_IRQHandler
                0x0800fb04                EXTI4_IRQHandler
                0x0800fb04                FSMC_IRQHandler
                0x0800fb04                ETH_IRQHandler
                0x0800fb04                OTG_HS_EP1_OUT_IRQHandler
                0x0800fb04                WWDG_IRQHandler
                0x0800fb04                OTG_FS_WKUP_IRQHandler
                0x0800fb04                TIM1_TRG_COM_TIM11_IRQHandler
                0x0800fb04                OTG_HS_IRQHandler
                0x0800fb04                EXTI1_IRQHandler
                0x0800fb04                USART2_IRQHandler
                0x0800fb04                I2C2_ER_IRQHandler
                0x0800fb04                DMA2_Stream1_IRQHandler
                0x0800fb04                CAN1_SCE_IRQHandler
                0x0800fb04                FLASH_IRQHandler
                0x0800fb04                DMA2_Stream4_IRQHandler
                0x0800fb04                OTG_FS_IRQHandler
                0x0800fb04                SPI3_IRQHandler
                0x0800fb04                DMA1_Stream4_IRQHandler
                0x0800fb04                I2C1_ER_IRQHandler
                0x0800fb04                DMA2_Stream6_IRQHandler
                0x0800fb04                DMA1_Stream3_IRQHandler
 .text.NMI_Handler
                0x0800fb06        0xe src\stm32f4xx_it.o
                0x0800fb06                NMI_Handler
 .text.HardFault_Handler
                0x0800fb14        0x6 src\stm32f4xx_it.o
                0x0800fb14                HardFault_Handler
 .text.MemManage_Handler
                0x0800fb1a        0x6 src\stm32f4xx_it.o
                0x0800fb1a                MemManage_Handler
 .text.BusFault_Handler
                0x0800fb20        0x6 src\stm32f4xx_it.o
                0x0800fb20                BusFault_Handler
 .text.UsageFault_Handler
                0x0800fb26        0x6 src\stm32f4xx_it.o
                0x0800fb26                UsageFault_Handler
 .text.SVC_Handler
                0x0800fb2c        0xe src\stm32f4xx_it.o
                0x0800fb2c                SVC_Handler
 .text.DebugMon_Handler
                0x0800fb3a        0xe src\stm32f4xx_it.o
                0x0800fb3a                DebugMon_Handler
 .text.PendSV_Handler
                0x0800fb48        0xe src\stm32f4xx_it.o
                0x0800fb48                PendSV_Handler
 .text.SysTick_Handler
                0x0800fb56        0xe src\stm32f4xx_it.o
                0x0800fb56                SysTick_Handler
 .text._getpid  0x0800fb64       0x1c src\syscalls.o
                0x0800fb64                _getpid
 .text._kill    0x0800fb80       0x24 src\syscalls.o
                0x0800fb80                _kill
 .text._exit    0x0800fba4        0xa src\syscalls.o
                0x0800fba4                _exit
 *fill*         0x0800fbae        0x2 
 .text._write   0x0800fbb0       0x28 src\syscalls.o
                0x0800fbb0                _write
 .text._sbrk    0x0800fbd8       0x40 src\syscalls.o
                0x0800fbd8                _sbrk
 .text._close   0x0800fc18       0x24 src\syscalls.o
                0x0800fc18                _close
 .text._lseek   0x0800fc3c       0x28 src\syscalls.o
                0x0800fc3c                _lseek
 .text._read    0x0800fc64       0x28 src\syscalls.o
                0x0800fc64                _read
 .text.SystemInit
                0x0800fc8c       0x6c src\system_stm32f4xx.o
                0x0800fc8c                SystemInit
 .text.SetSysClock
                0x0800fcf8       0xec src\system_stm32f4xx.o
 .text.ts_itoa  0x0800fde4       0x92 src\tiny_printf.o
                0x0800fde4                ts_itoa
 .text.ts_formatstring
                0x0800fe76      0x12e src\tiny_printf.o
                0x0800fe76                ts_formatstring
 .text.ts_formatlength
                0x0800ffa4      0x12c src\tiny_printf.o
                0x0800ffa4                ts_formatlength
 .text.iprintf  0x080100d0       0x92 src\tiny_printf.o
                0x080100d0                iprintf
                0x080100d0                printf
 .text.abort    0x08010162        0xe c:/program files (x86)/atollic/truestudio for stm32 9.3.0/armtools/bin/../lib/gcc/arm-atollic-eabi/6.3.1/../../../../arm-atollic-eabi/lib/armv7e-m/fpu\libc_nano.a(lib_a-abort.o)
                0x08010162                abort
 .text.__sflush_r
                0x08010170      0x110 c:/program files (x86)/atollic/truestudio for stm32 9.3.0/armtools/bin/../lib/gcc/arm-atollic-eabi/6.3.1/../../../../arm-atollic-eabi/lib/armv7e-m/fpu\libc_nano.a(lib_a-fflush.o)
                0x08010170                __sflush_r
 .text._fflush_r
                0x08010280       0x54 c:/program files (x86)/atollic/truestudio for stm32 9.3.0/armtools/bin/../lib/gcc/arm-atollic-eabi/6.3.1/../../../../arm-atollic-eabi/lib/armv7e-m/fpu\libc_nano.a(lib_a-fflush.o)
                0x08010280                _fflush_r
 .text.fflush   0x080102d4       0x24 c:/program files (x86)/atollic/truestudio for stm32 9.3.0/armtools/bin/../lib/gcc/arm-atollic-eabi/6.3.1/../../../../arm-atollic-eabi/lib/armv7e-m/fpu\libc_nano.a(lib_a-fflush.o)
                0x080102d4                fflush
 .text._cleanup_r
                0x080102f8        0xc c:/program files (x86)/atollic/truestudio for stm32 9.3.0/armtools/bin/../lib/gcc/arm-atollic-eabi/6.3.1/../../../../arm-atollic-eabi/lib/armv7e-m/fpu\libc_nano.a(lib_a-findfp.o)
                0x080102f8                _cleanup_r
 .text.std.isra.0
                0x08010304       0x48 c:/program files (x86)/atollic/truestudio for stm32 9.3.0/armtools/bin/../lib/gcc/arm-atollic-eabi/6.3.1/../../../../arm-atollic-eabi/lib/armv7e-m/fpu\libc_nano.a(lib_a-findfp.o)
 .text.__sfmoreglue
                0x0801034c       0x2c c:/program files (x86)/atollic/truestudio for stm32 9.3.0/armtools/bin/../lib/gcc/arm-atollic-eabi/6.3.1/../../../../arm-atollic-eabi/lib/armv7e-m/fpu\libc_nano.a(lib_a-findfp.o)
                0x0801034c                __sfmoreglue
 .text.__sinit  0x08010378       0x60 c:/program files (x86)/atollic/truestudio for stm32 9.3.0/armtools/bin/../lib/gcc/arm-atollic-eabi/6.3.1/../../../../arm-atollic-eabi/lib/armv7e-m/fpu\libc_nano.a(lib_a-findfp.o)
                0x08010378                __sinit
 .text.__sfp    0x080103d8       0x78 c:/program files (x86)/atollic/truestudio for stm32 9.3.0/armtools/bin/../lib/gcc/arm-atollic-eabi/6.3.1/../../../../arm-atollic-eabi/lib/armv7e-m/fpu\libc_nano.a(lib_a-findfp.o)
                0x080103d8                __sfp
 .text._fwalk_reent
                0x08010450       0x3c c:/program files (x86)/atollic/truestudio for stm32 9.3.0/armtools/bin/../lib/gcc/arm-atollic-eabi/6.3.1/../../../../arm-atollic-eabi/lib/armv7e-m/fpu\libc_nano.a(lib_a-fwalk.o)
                0x08010450                _fwalk_reent
 .text.__libc_init_array
                0x0801048c       0x48 c:/program files (x86)/atollic/truestudio for stm32 9.3.0/armtools/bin/../lib/gcc/arm-atollic-eabi/6.3.1/../../../../arm-atollic-eabi/lib/armv7e-m/fpu\libc_nano.a(lib_a-init.o)
                0x0801048c                __libc_init_array
 .text.memcpy   0x080104d4       0x16 c:/program files (x86)/atollic/truestudio for stm32 9.3.0/armtools/bin/../lib/gcc/arm-atollic-eabi/6.3.1/../../../../arm-atollic-eabi/lib/armv7e-m/fpu\libc_nano.a(lib_a-memcpy-stub.o)
                0x080104d4                memcpy
 .text.memmove  0x080104ea       0x34 c:/program files (x86)/atollic/truestudio for stm32 9.3.0/armtools/bin/../lib/gcc/arm-atollic-eabi/6.3.1/../../../../arm-atollic-eabi/lib/armv7e-m/fpu\libc_nano.a(lib_a-memmove.o)
                0x080104ea                memmove
 .text.memset   0x0801051e       0x10 c:/program files (x86)/atollic/truestudio for stm32 9.3.0/armtools/bin/../lib/gcc/arm-atollic-eabi/6.3.1/../../../../arm-atollic-eabi/lib/armv7e-m/fpu\libc_nano.a(lib_a-memset.o)
                0x0801051e                memset
 *fill*         0x0801052e        0x2 
 .text._free_r  0x08010530       0x9c c:/program files (x86)/atollic/truestudio for stm32 9.3.0/armtools/bin/../lib/gcc/arm-atollic-eabi/6.3.1/../../../../arm-atollic-eabi/lib/armv7e-m/fpu\libc_nano.a(lib_a-nano-freer.o)
                0x08010530                _free_r
 .text._malloc_r
                0x080105cc       0xbc c:/program files (x86)/atollic/truestudio for stm32 9.3.0/armtools/bin/../lib/gcc/arm-atollic-eabi/6.3.1/../../../../arm-atollic-eabi/lib/armv7e-m/fpu\libc_nano.a(lib_a-nano-mallocr.o)
                0x080105cc                _malloc_r
 .text._sbrk_r  0x08010688       0x20 c:/program files (x86)/atollic/truestudio for stm32 9.3.0/armtools/bin/../lib/gcc/arm-atollic-eabi/6.3.1/../../../../arm-atollic-eabi/lib/armv7e-m/fpu\libc_nano.a(lib_a-sbrkr.o)
                0x08010688                _sbrk_r
 .text._raise_r
                0x080106a8       0x50 c:/program files (x86)/atollic/truestudio for stm32 9.3.0/armtools/bin/../lib/gcc/arm-atollic-eabi/6.3.1/../../../../arm-atollic-eabi/lib/armv7e-m/fpu\libc_nano.a(lib_a-signal.o)
                0x080106a8                _raise_r
 .text.raise    0x080106f8       0x10 c:/program files (x86)/atollic/truestudio for stm32 9.3.0/armtools/bin/../lib/gcc/arm-atollic-eabi/6.3.1/../../../../arm-atollic-eabi/lib/armv7e-m/fpu\libc_nano.a(lib_a-signal.o)
                0x080106f8                raise
 .text._kill_r  0x08010708       0x24 c:/program files (x86)/atollic/truestudio for stm32 9.3.0/armtools/bin/../lib/gcc/arm-atollic-eabi/6.3.1/../../../../arm-atollic-eabi/lib/armv7e-m/fpu\libc_nano.a(lib_a-signalr.o)
                0x08010708                _kill_r
 .text._getpid_r
                0x0801072c        0x4 c:/program files (x86)/atollic/truestudio for stm32 9.3.0/armtools/bin/../lib/gcc/arm-atollic-eabi/6.3.1/../../../../arm-atollic-eabi/lib/armv7e-m/fpu\libc_nano.a(lib_a-signalr.o)
                0x0801072c                _getpid_r
 .text.snprintf
                0x08010730       0x68 c:/program files (x86)/atollic/truestudio for stm32 9.3.0/armtools/bin/../lib/gcc/arm-atollic-eabi/6.3.1/../../../../arm-atollic-eabi/lib/armv7e-m/fpu\libc_nano.a(lib_a-snprintf.o)
                0x08010730                sniprintf
                0x08010730                snprintf
 .text.__sread  0x08010798       0x22 c:/program files (x86)/atollic/truestudio for stm32 9.3.0/armtools/bin/../lib/gcc/arm-atollic-eabi/6.3.1/../../../../arm-atollic-eabi/lib/armv7e-m/fpu\libc_nano.a(lib_a-stdio.o)
                0x08010798                __sread
 .text.__swrite
                0x080107ba       0x38 c:/program files (x86)/atollic/truestudio for stm32 9.3.0/armtools/bin/../lib/gcc/arm-atollic-eabi/6.3.1/../../../../arm-atollic-eabi/lib/armv7e-m/fpu\libc_nano.a(lib_a-stdio.o)
                0x080107ba                __swrite
 .text.__sseek  0x080107f2       0x24 c:/program files (x86)/atollic/truestudio for stm32 9.3.0/armtools/bin/../lib/gcc/arm-atollic-eabi/6.3.1/../../../../arm-atollic-eabi/lib/armv7e-m/fpu\libc_nano.a(lib_a-stdio.o)
                0x080107f2                __sseek
 .text.__sclose
                0x08010816        0x8 c:/program files (x86)/atollic/truestudio for stm32 9.3.0/armtools/bin/../lib/gcc/arm-atollic-eabi/6.3.1/../../../../arm-atollic-eabi/lib/armv7e-m/fpu\libc_nano.a(lib_a-stdio.o)
                0x08010816                __sclose
 .text.strncpy  0x0801081e       0x2a c:/program files (x86)/atollic/truestudio for stm32 9.3.0/armtools/bin/../lib/gcc/arm-atollic-eabi/6.3.1/../../../../arm-atollic-eabi/lib/armv7e-m/fpu\libc_nano.a(lib_a-strncpy.o)
                0x0801081e                strncpy
 .text.strstr   0x08010848       0x36 c:/program files (x86)/atollic/truestudio for stm32 9.3.0/armtools/bin/../lib/gcc/arm-atollic-eabi/6.3.1/../../../../arm-atollic-eabi/lib/armv7e-m/fpu\libc_nano.a(lib_a-strstr.o)
                0x08010848                strstr
 *fill*         0x0801087e        0x2 
 .text._write_r
                0x08010880       0x24 c:/program files (x86)/atollic/truestudio for stm32 9.3.0/armtools/bin/../lib/gcc/arm-atollic-eabi/6.3.1/../../../../arm-atollic-eabi/lib/armv7e-m/fpu\libc_nano.a(lib_a-writer.o)
                0x08010880                _write_r
 .text._close_r
                0x080108a4       0x20 c:/program files (x86)/atollic/truestudio for stm32 9.3.0/armtools/bin/../lib/gcc/arm-atollic-eabi/6.3.1/../../../../arm-atollic-eabi/lib/armv7e-m/fpu\libc_nano.a(lib_a-closer.o)
                0x080108a4                _close_r
 .text._lseek_r
                0x080108c4       0x24 c:/program files (x86)/atollic/truestudio for stm32 9.3.0/armtools/bin/../lib/gcc/arm-atollic-eabi/6.3.1/../../../../arm-atollic-eabi/lib/armv7e-m/fpu\libc_nano.a(lib_a-lseekr.o)
                0x080108c4                _lseek_r
 .text.__malloc_lock
                0x080108e8        0x2 c:/program files (x86)/atollic/truestudio for stm32 9.3.0/armtools/bin/../lib/gcc/arm-atollic-eabi/6.3.1/../../../../arm-atollic-eabi/lib/armv7e-m/fpu\libc_nano.a(lib_a-mlock.o)
                0x080108e8                __malloc_lock
 .text.__malloc_unlock
                0x080108ea        0x2 c:/program files (x86)/atollic/truestudio for stm32 9.3.0/armtools/bin/../lib/gcc/arm-atollic-eabi/6.3.1/../../../../arm-atollic-eabi/lib/armv7e-m/fpu\libc_nano.a(lib_a-mlock.o)
                0x080108ea                __malloc_unlock
 .text.__ssputs_r
                0x080108ec       0xb6 c:/program files (x86)/atollic/truestudio for stm32 9.3.0/armtools/bin/../lib/gcc/arm-atollic-eabi/6.3.1/../../../../arm-atollic-eabi/lib/armv7e-m/fpu\libc_nano.a(lib_a-nano-svfprintf.o)
                0x080108ec                __ssputs_r
 *fill*         0x080109a2        0x2 
 .text._svfprintf_r
                0x080109a4      0x1e8 c:/program files (x86)/atollic/truestudio for stm32 9.3.0/armtools/bin/../lib/gcc/arm-atollic-eabi/6.3.1/../../../../arm-atollic-eabi/lib/armv7e-m/fpu\libc_nano.a(lib_a-nano-svfprintf.o)
                0x080109a4                _svfiprintf_r
                0x080109a4                _svfprintf_r
 .text._printf_common
                0x08010b8c       0xec c:/program files (x86)/atollic/truestudio for stm32 9.3.0/armtools/bin/../lib/gcc/arm-atollic-eabi/6.3.1/../../../../arm-atollic-eabi/lib/armv7e-m/fpu\libc_nano.a(lib_a-nano-vfprintf_i.o)
                0x08010b8c                _printf_common
 .text._printf_i
                0x08010c78      0x240 c:/program files (x86)/atollic/truestudio for stm32 9.3.0/armtools/bin/../lib/gcc/arm-atollic-eabi/6.3.1/../../../../arm-atollic-eabi/lib/armv7e-m/fpu\libc_nano.a(lib_a-nano-vfprintf_i.o)
                0x08010c78                _printf_i
 .text._read_r  0x08010eb8       0x24 c:/program files (x86)/atollic/truestudio for stm32 9.3.0/armtools/bin/../lib/gcc/arm-atollic-eabi/6.3.1/../../../../arm-atollic-eabi/lib/armv7e-m/fpu\libc_nano.a(lib_a-readr.o)
                0x08010eb8                _read_r
 .text._realloc_r
                0x08010edc       0x4c c:/program files (x86)/atollic/truestudio for stm32 9.3.0/armtools/bin/../lib/gcc/arm-atollic-eabi/6.3.1/../../../../arm-atollic-eabi/lib/armv7e-m/fpu\libc_nano.a(lib_a-nano-reallocr.o)
                0x08010edc                _realloc_r
 .text._malloc_usable_size_r
                0x08010f28       0x12 c:/program files (x86)/atollic/truestudio for stm32 9.3.0/armtools/bin/../lib/gcc/arm-atollic-eabi/6.3.1/../../../../arm-atollic-eabi/lib/armv7e-m/fpu\libc_nano.a(lib_a-nano-msizer.o)
                0x08010f28                _malloc_usable_size_r
 *(.glue_7)
 .glue_7        0x08010f3a        0x0 linker stubs
 *(.glue_7t)
 .glue_7t       0x08010f3a        0x0 linker stubs
 *(.eh_frame)
 *fill*         0x08010f3a        0x2 
 .eh_frame      0x08010f3c        0x0 c:/program files (x86)/atollic/truestudio for stm32 9.3.0/armtools/bin/../lib/gcc/arm-atollic-eabi/6.3.1/armv7e-m/fpu/crtbegin.o
 *(.init)
 .init          0x08010f3c        0x4 c:/program files (x86)/atollic/truestudio for stm32 9.3.0/armtools/bin/../lib/gcc/arm-atollic-eabi/6.3.1/armv7e-m/fpu/crti.o
                0x08010f3c                _init
 .init          0x08010f40        0x8 c:/program files (x86)/atollic/truestudio for stm32 9.3.0/armtools/bin/../lib/gcc/arm-atollic-eabi/6.3.1/armv7e-m/fpu/crtn.o
 *(.fini)
 .fini          0x08010f48        0x4 c:/program files (x86)/atollic/truestudio for stm32 9.3.0/armtools/bin/../lib/gcc/arm-atollic-eabi/6.3.1/armv7e-m/fpu/crti.o
                0x08010f48                _fini
 .fini          0x08010f4c        0x8 c:/program files (x86)/atollic/truestudio for stm32 9.3.0/armtools/bin/../lib/gcc/arm-atollic-eabi/6.3.1/armv7e-m/fpu/crtn.o
                0x08010f54                . = ALIGN (0x4)
                0x08010f54                _etext = .

.vfp11_veneer   0x08010f54        0x0
 .vfp11_veneer  0x08010f54        0x0 linker stubs

.v4_bx          0x08010f54        0x0
 .v4_bx         0x08010f54        0x0 linker stubs

.iplt           0x08010f54        0x0
 .iplt          0x08010f54        0x0 c:/program files (x86)/atollic/truestudio for stm32 9.3.0/armtools/bin/../lib/gcc/arm-atollic-eabi/6.3.1/armv7e-m/fpu/crtbegin.o

.rodata         0x08010f54     0x2d00
                0x08010f54                . = ALIGN (0x4)
 *(.rodata)
 .rodata        0x08010f54       0x3d src\gsm\gsm.o
 *fill*         0x08010f91        0x3 
 .rodata        0x08010f94      0x160 src\gsm\gsm_commands.o
 .rodata        0x080110f4       0x60 src\gsm\gsm_parser.o
 .rodata        0x08011154       0x1e src\hardware\uart.o
 *fill*         0x08011172        0x2 
 .rodata        0x08011174        0xf src\main.o
 *fill*         0x08011183        0x1 
 .rodata        0x08011184       0x3f src\ppp_net\ppp_io.o
 *fill*         0x080111c3        0x1 
 .rodata        0x080111c4      0x108 src\ppp_net\ppp_net.o
 .rodata        0x080112cc       0xbd src\ppp_net\src\api\tcpip.o
 *fill*         0x08011389        0x3 
 .rodata        0x0801138c       0xe0 src\ppp_net\src\core\ipv4\icmp.o
 .rodata        0x0801146c       0x85 src\ppp_net\src\core\ipv4\ip4.o
 *fill*         0x080114f1        0x3 
 .rodata        0x080114f4      0x1f0 src\ppp_net\src\core\mem.o
 .rodata        0x080116e4      0x10f src\ppp_net\src\core\memp.o
 *fill*         0x080117f3        0x1 
 .rodata        0x080117f4      0x21b src\ppp_net\src\core\netif.o
 *fill*         0x08011a0f        0x1 
 .rodata        0x08011a10      0x499 src\ppp_net\src\core\pbuf.o
 *fill*         0x08011ea9        0x3 
 .rodata        0x08011eac      0x7cc src\ppp_net\src\core\tcp.o
 .rodata        0x08012678      0x46a src\ppp_net\src\core\tcp_in.o
 *fill*         0x08012ae2        0x2 
 .rodata        0x08012ae4      0x883 src\ppp_net\src\core\tcp_out.o
 *fill*         0x08013367        0x1 
 .rodata        0x08013368       0xd6 src\ppp_net\src\core\timeouts.o
 *fill*         0x0801343e        0x2 
 .rodata        0x08013440       0x60 src\ppp_net\src\netif\ppp\auth.o
 .rodata        0x080134a0       0x78 src\ppp_net\src\netif\ppp\fsm.o
 .rodata        0x08013518       0x87 src\ppp_net\src\netif\ppp\ipcp.o
 *fill*         0x0801359f        0x1 
 .rodata        0x080135a0       0x2c src\ppp_net\src\netif\ppp\lcp.o
 .rodata        0x080135cc      0x10b src\ppp_net\src\netif\ppp\ppp.o
 *fill*         0x080136d7        0x1 
 .rodata        0x080136d8        0xa src\ppp_net\src\netif\ppp\pppos.o
 *(.rodata*)
 *fill*         0x080136e2        0x2 
 .rodata.gsm_commands
                0x080136e4       0xb0 src\gsm\gsm_commands.o
                0x080136e4                gsm_commands
 .rodata.gsm_commands_count
                0x08013794        0x4 src\gsm\gsm_commands.o
                0x08013794                gsm_commands_count
 .rodata.ip_addr_any
                0x08013798        0x4 src\ppp_net\src\core\ipv4\ip4_addr.o
                0x08013798                ip_addr_any
 .rodata.ip_addr_broadcast
                0x0801379c        0x4 src\ppp_net\src\core\ipv4\ip4_addr.o
                0x0801379c                ip_addr_broadcast
 .rodata.memp_TCP_PCB
                0x080137a0       0x10 src\ppp_net\src\core\memp.o
                0x080137a0                memp_TCP_PCB
 .rodata.memp_TCP_PCB_LISTEN
                0x080137b0       0x10 src\ppp_net\src\core\memp.o
                0x080137b0                memp_TCP_PCB_LISTEN
 .rodata.memp_TCP_SEG
                0x080137c0       0x10 src\ppp_net\src\core\memp.o
                0x080137c0                memp_TCP_SEG
 .rodata.memp_NETBUF
                0x080137d0       0x10 src\ppp_net\src\core\memp.o
                0x080137d0                memp_NETBUF
 .rodata.memp_NETCONN
                0x080137e0       0x10 src\ppp_net\src\core\memp.o
                0x080137e0                memp_NETCONN
 .rodata.memp_TCPIP_MSG_API
                0x080137f0       0x10 src\ppp_net\src\core\memp.o
                0x080137f0                memp_TCPIP_MSG_API
 .rodata.memp_TCPIP_MSG_INPKT
                0x08013800       0x10 src\ppp_net\src\core\memp.o
                0x08013800                memp_TCPIP_MSG_INPKT
 .rodata.memp_SYS_TIMEOUT
                0x08013810       0x10 src\ppp_net\src\core\memp.o
                0x08013810                memp_SYS_TIMEOUT
 .rodata.memp_PBUF
                0x08013820       0x10 src\ppp_net\src\core\memp.o
                0x08013820                memp_PBUF
 .rodata.memp_PBUF_POOL
                0x08013830       0x10 src\ppp_net\src\core\memp.o
                0x08013830                memp_PBUF_POOL
 .rodata.memp_pools
                0x08013840       0x28 src\ppp_net\src\core\memp.o
                0x08013840                memp_pools
 .rodata.tcp_backoff
                0x08013868        0xd src\ppp_net\src\core\tcp.o
 *fill*         0x08013875        0x3 
 .rodata.tcp_persist_backoff
                0x08013878        0x7 src\ppp_net\src\core\tcp.o
 *fill*         0x0801387f        0x1 
 .rodata.tcp_pcb_lists
                0x08013880       0x10 src\ppp_net\src\core\tcp.o
                0x08013880                tcp_pcb_lists
 .rodata.lwip_cyclic_timers
                0x08013890        0x8 src\ppp_net\src\core\timeouts.o
                0x08013890                lwip_cyclic_timers
 .rodata.ipcp_callbacks
                0x08013898       0x3c src\ppp_net\src\netif\ppp\ipcp.o
 .rodata.ipcp_protent
                0x080138d4       0x20 src\ppp_net\src\netif\ppp\ipcp.o
                0x080138d4                ipcp_protent
 .rodata.lcp_callbacks
                0x080138f4       0x3c src\ppp_net\src\netif\ppp\lcp.o
 .rodata.lcp_protent
                0x08013930       0x20 src\ppp_net\src\netif\ppp\lcp.o
                0x08013930                lcp_protent
 .rodata.memp_PPP_PCB
                0x08013950       0x10 src\ppp_net\src\netif\ppp\ppp.o
                0x08013950                memp_PPP_PCB
 .rodata.protocols
                0x08013960       0x10 src\ppp_net\src\netif\ppp\ppp.o
                0x08013960                protocols
 .rodata.memp_PPPOS_PCB
                0x08013970       0x10 src\ppp_net\src\netif\ppp\pppos.o
                0x08013970                memp_PPPOS_PCB
 .rodata.pppos_callbacks
                0x08013980       0x1c src\ppp_net\src\netif\ppp\pppos.o
 .rodata.fcstab
                0x0801399c      0x200 src\ppp_net\src\netif\ppp\pppos.o
 .rodata.pap_protent
                0x08013b9c       0x20 src\ppp_net\src\netif\ppp\upap.o
                0x08013b9c                pap_protent
 .rodata.__sf_fake_stderr
                0x08013bbc       0x20 c:/program files (x86)/atollic/truestudio for stm32 9.3.0/armtools/bin/../lib/gcc/arm-atollic-eabi/6.3.1/../../../../arm-atollic-eabi/lib/armv7e-m/fpu\libc_nano.a(lib_a-findfp.o)
                0x08013bbc                __sf_fake_stderr
 .rodata.__sf_fake_stdin
                0x08013bdc       0x20 c:/program files (x86)/atollic/truestudio for stm32 9.3.0/armtools/bin/../lib/gcc/arm-atollic-eabi/6.3.1/../../../../arm-atollic-eabi/lib/armv7e-m/fpu\libc_nano.a(lib_a-findfp.o)
                0x08013bdc                __sf_fake_stdin
 .rodata.__sf_fake_stdout
                0x08013bfc       0x20 c:/program files (x86)/atollic/truestudio for stm32 9.3.0/armtools/bin/../lib/gcc/arm-atollic-eabi/6.3.1/../../../../arm-atollic-eabi/lib/armv7e-m/fpu\libc_nano.a(lib_a-findfp.o)
                0x08013bfc                __sf_fake_stdout
 .rodata._global_impure_ptr
                0x08013c1c        0x4 c:/program files (x86)/atollic/truestudio for stm32 9.3.0/armtools/bin/../lib/gcc/arm-atollic-eabi/6.3.1/../../../../arm-atollic-eabi/lib/armv7e-m/fpu\libc_nano.a(lib_a-impure.o)
                0x08013c1c                _global_impure_ptr
 .rodata._svfprintf_r.str1.1
                0x08013c20       0x11 c:/program files (x86)/atollic/truestudio for stm32 9.3.0/armtools/bin/../lib/gcc/arm-atollic-eabi/6.3.1/../../../../arm-atollic-eabi/lib/armv7e-m/fpu\libc_nano.a(lib_a-nano-svfprintf.o)
 .rodata._printf_i.str1.1
                0x08013c31       0x22 c:/program files (x86)/atollic/truestudio for stm32 9.3.0/armtools/bin/../lib/gcc/arm-atollic-eabi/6.3.1/../../../../arm-atollic-eabi/lib/armv7e-m/fpu\libc_nano.a(lib_a-nano-vfprintf_i.o)
                0x08013c54                . = ALIGN (0x4)
 *fill*         0x08013c53        0x1 

.rel.dyn        0x08013c54        0x0
 .rel.iplt      0x08013c54        0x0 c:/program files (x86)/atollic/truestudio for stm32 9.3.0/armtools/bin/../lib/gcc/arm-atollic-eabi/6.3.1/armv7e-m/fpu/crtbegin.o

.ARM.extab
 *(.ARM.extab* .gnu.linkonce.armextab.*)

.ARM            0x08013c54        0x0
                0x08013c54                __exidx_start = .
 *(.ARM.exidx*)
                0x08013c54                __exidx_end = .

.preinit_array  0x08013c54        0x0
                0x08013c54                PROVIDE (__preinit_array_start, .)
 *(.preinit_array*)
                0x08013c54                PROVIDE (__preinit_array_end, .)

.init_array     0x08013c54        0x4
                0x08013c54                PROVIDE (__init_array_start, .)
 *(SORT(.init_array.*))
 *(.init_array*)
 .init_array    0x08013c54        0x4 c:/program files (x86)/atollic/truestudio for stm32 9.3.0/armtools/bin/../lib/gcc/arm-atollic-eabi/6.3.1/armv7e-m/fpu/crtbegin.o
                0x08013c58                PROVIDE (__init_array_end, .)

.fini_array     0x08013c58        0x4
                [!provide]                PROVIDE (__fini_array_start, .)
 *(SORT(.fini_array.*))
 *(.fini_array*)
 .fini_array    0x08013c58        0x4 c:/program files (x86)/atollic/truestudio for stm32 9.3.0/armtools/bin/../lib/gcc/arm-atollic-eabi/6.3.1/armv7e-m/fpu/crtbegin.o
                [!provide]                PROVIDE (__fini_array_end, .)
                0x08013c5c                _sidata = LOADADDR (.data)

.data           0x20000000       0x70 load address 0x08013c5c
                0x20000000                . = ALIGN (0x4)
                0x20000000                _sdata = .
 *(.data)
 *(.data*)
 .data.seed.6275
                0x20000000        0x4 src\ppp_net\lwip_port.o
 .data.tcp_port
                0x20000004        0x2 src\ppp_net\src\core\tcp.o
 *fill*         0x20000006        0x2 
 .data.iss.8292
                0x20000008        0x4 src\ppp_net\src\core\tcp.o
 .data._impure_ptr
                0x2000000c        0x4 c:/program files (x86)/atollic/truestudio for stm32 9.3.0/armtools/bin/../lib/gcc/arm-atollic-eabi/6.3.1/../../../../arm-atollic-eabi/lib/armv7e-m/fpu\libc_nano.a(lib_a-impure.o)
                0x2000000c                _impure_ptr
 .data.impure_data
                0x20000010       0x60 c:/program files (x86)/atollic/truestudio for stm32 9.3.0/armtools/bin/../lib/gcc/arm-atollic-eabi/6.3.1/../../../../arm-atollic-eabi/lib/armv7e-m/fpu\libc_nano.a(lib_a-impure.o)
                0x20000070                . = ALIGN (0x4)
                0x20000070                _edata = .
                0x08013ccc                _siccmram = LOADADDR (.ccmram)

.igot.plt       0x20000070        0x0 load address 0x08013ccc
 .igot.plt      0x20000070        0x0 c:/program files (x86)/atollic/truestudio for stm32 9.3.0/armtools/bin/../lib/gcc/arm-atollic-eabi/6.3.1/armv7e-m/fpu/crtbegin.o

.ccmram         0x10000000        0x0 load address 0x08013ccc
                0x10000000                . = ALIGN (0x4)
                0x10000000                _sccmram = .
 *(.ccmram)
 *(.ccmram*)
                0x10000000                . = ALIGN (0x4)
                0x10000000                _eccmram = .
                0x10000000                . = ALIGN (0x4)

.bss            0x20000070     0x1890
                0x20000070                _sbss = .
                0x20000070                __bss_start__ = _sbss
 *(.bss)
 .bss           0x20000070       0x1c c:/program files (x86)/atollic/truestudio for stm32 9.3.0/armtools/bin/../lib/gcc/arm-atollic-eabi/6.3.1/armv7e-m/fpu/crtbegin.o
 *(.bss*)
 .bss.ppp_mode  0x2000008c        0x1 src\gsm\gsm_state.o
                0x2000008c                ppp_mode
 *fill*         0x2000008d        0x3 
 .bss.timer2_tick
                0x20000090        0x4 src\hardware\timer.o
 .bss.m_old_uart1_dma_rx_pos
                0x20000094        0x4 src\hardware\uart.o
                0x20000094                m_old_uart1_dma_rx_pos
 .bss.line_idx.11348
                0x20000098        0x2 src\hardware\uart.o
 *fill*         0x2000009a        0x2 
 .bss.line_buf.11347
                0x2000009c       0x80 src\hardware\uart.o
 .bss.uart_line_queue
                0x2000011c      0x400 src\hardware\uart_line_queue.o
 .bss.uart_line_queue_head
                0x2000051c        0x1 src\hardware\uart_line_queue.o
 .bss.uart_line_queue_tail
                0x2000051d        0x1 src\hardware\uart_line_queue.o
 .bss.uart_line_queue_count
                0x2000051e        0x1 src\hardware\uart_line_queue.o
 *fill*         0x2000051f        0x1 
 .bss.fake_tick.6268
                0x20000520        0x4 src\ppp_net\lwip_port.o
 .bss.ppp_netif
                0x20000524       0x30 src\ppp_net\ppp_net.o
 .bss.ppp       0x20000554        0x4 src\ppp_net\ppp_net.o
                0x20000554                ppp
 .bss.ppp_state
                0x20000558        0x1 src\ppp_net\ppp_net.o
                0x20000558                ppp_state
 *fill*         0x20000559        0x3 
 .bss.tcpip_init_done
                0x2000055c        0x4 src\ppp_net\src\api\tcpip.o
 .bss.tcpip_init_done_arg
                0x20000560        0x4 src\ppp_net\src\api\tcpip.o
 .bss.tcpip_mbox
                0x20000564        0x1 src\ppp_net\src\api\tcpip.o
 *fill*         0x20000565        0x1 
 .bss.ip_id     0x20000566        0x2 src\ppp_net\src\core\ipv4\ip4.o
 .bss.ram       0x20000568        0x4 src\ppp_net\src\core\mem.o
 .bss.ram_end   0x2000056c        0x4 src\ppp_net\src\core\mem.o
 .bss.mem_mutex
                0x20000570        0x1 src\ppp_net\src\core\mem.o
 *fill*         0x20000571        0x3 
 .bss.lfree     0x20000574        0x4 src\ppp_net\src\core\mem.o
 .bss.memp_tab_TCP_PCB
                0x20000578        0x4 src\ppp_net\src\core\memp.o
 .bss.memp_tab_TCP_PCB_LISTEN
                0x2000057c        0x4 src\ppp_net\src\core\memp.o
 .bss.memp_tab_TCP_SEG
                0x20000580        0x4 src\ppp_net\src\core\memp.o
 .bss.memp_tab_NETBUF
                0x20000584        0x4 src\ppp_net\src\core\memp.o
 .bss.memp_tab_NETCONN
                0x20000588        0x4 src\ppp_net\src\core\memp.o
 .bss.memp_tab_TCPIP_MSG_API
                0x2000058c        0x4 src\ppp_net\src\core\memp.o
 .bss.memp_tab_TCPIP_MSG_INPKT
                0x20000590        0x4 src\ppp_net\src\core\memp.o
 .bss.memp_tab_SYS_TIMEOUT
                0x20000594        0x4 src\ppp_net\src\core\memp.o
 .bss.memp_tab_PBUF
                0x20000598        0x4 src\ppp_net\src\core\memp.o
 .bss.memp_tab_PBUF_POOL
                0x2000059c        0x4 src\ppp_net\src\core\memp.o
 .bss.netif_num
                0x200005a0        0x1 src\ppp_net\src\core\netif.o
 .bss.tcp_timer
                0x200005a1        0x1 src\ppp_net\src\core\tcp.o
 .bss.tcp_timer_ctr
                0x200005a2        0x1 src\ppp_net\src\core\tcp.o
 *fill*         0x200005a3        0x1 
 .bss.inseg     0x200005a4       0x14 src\ppp_net\src\core\tcp_in.o
 .bss.tcphdr    0x200005b8        0x4 src\ppp_net\src\core\tcp_in.o
 .bss.tcphdr_optlen
                0x200005bc        0x2 src\ppp_net\src\core\tcp_in.o
 .bss.tcphdr_opt1len
                0x200005be        0x2 src\ppp_net\src\core\tcp_in.o
 .bss.tcphdr_opt2
                0x200005c0        0x4 src\ppp_net\src\core\tcp_in.o
 .bss.tcp_optidx
                0x200005c4        0x2 src\ppp_net\src\core\tcp_in.o
 *fill*         0x200005c6        0x2 
 .bss.seqno     0x200005c8        0x4 src\ppp_net\src\core\tcp_in.o
 .bss.ackno     0x200005cc        0x4 src\ppp_net\src\core\tcp_in.o
 .bss.recv_acked
                0x200005d0        0x2 src\ppp_net\src\core\tcp_in.o
 .bss.tcplen    0x200005d2        0x2 src\ppp_net\src\core\tcp_in.o
 .bss.flags     0x200005d4        0x1 src\ppp_net\src\core\tcp_in.o
 .bss.recv_flags
                0x200005d5        0x1 src\ppp_net\src\core\tcp_in.o
 *fill*         0x200005d6        0x2 
 .bss.recv_data
                0x200005d8        0x4 src\ppp_net\src\core\tcp_in.o
 .bss.next_timeout
                0x200005dc        0x4 src\ppp_net\src\core\timeouts.o
 .bss.current_timeout_due_time
                0x200005e0        0x4 src\ppp_net\src\core\timeouts.o
 .bss.tcpip_tcp_timer_active
                0x200005e4        0x4 src\ppp_net\src\core\timeouts.o
 .bss.magic_randomseed
                0x200005e8        0x4 src\ppp_net\src\netif\ppp\magic.o
 .bss.memp_tab_PPP_PCB
                0x200005ec        0x4 src\ppp_net\src\netif\ppp\ppp.o
 .bss.memp_tab_PPPOS_PCB
                0x200005f0        0x4 src\ppp_net\src\netif\ppp\pppos.o
 .bss.heap_end.7007
                0x200005f4        0x4 src\syscalls.o
 .bss.__malloc_free_list
                0x200005f8        0x4 c:/program files (x86)/atollic/truestudio for stm32 9.3.0/armtools/bin/../lib/gcc/arm-atollic-eabi/6.3.1/../../../../arm-atollic-eabi/lib/armv7e-m/fpu\libc_nano.a(lib_a-nano-mallocr.o)
                0x200005f8                __malloc_free_list
 .bss.__malloc_sbrk_start
                0x200005fc        0x4 c:/program files (x86)/atollic/truestudio for stm32 9.3.0/armtools/bin/../lib/gcc/arm-atollic-eabi/6.3.1/../../../../arm-atollic-eabi/lib/armv7e-m/fpu\libc_nano.a(lib_a-nano-mallocr.o)
                0x200005fc                __malloc_sbrk_start
 *(COMMON)
 COMMON         0x20000600      0x100 src\hardware\uart.o
                0x20000600                m_uart1_rx_buffer
 COMMON         0x20000700        0x1 src\ppp_net\src\api\tcpip.o
                0x20000700                lock_tcpip_core
 *fill*         0x20000701        0x3 
 COMMON         0x20000704       0x18 src\ppp_net\src\core\ip.o
                0x20000704                ip_data
 COMMON         0x2000071c      0x64c src\ppp_net\src\core\mem.o
                0x2000071c                ram_heap
 COMMON         0x20000d68      0x9c8 src\ppp_net\src\core\memp.o
                0x20000d68                memp_memory_NETBUF_base
                0x20000d88                memp_memory_TCPIP_MSG_INPKT_base
                0x20000e08                memp_memory_TCP_SEG_base
                0x20000ea8                memp_memory_PBUF_POOL_base
                0x200012e8                memp_memory_TCPIP_MSG_API_base
                0x20001368                memp_memory_PBUF_base
                0x20001468                memp_memory_TCP_PCB_LISTEN_base
                0x20001548                memp_memory_NETCONN_base
                0x200015b8                memp_memory_TCP_PCB_base
                0x200016f0                memp_memory_SYS_TIMEOUT_base
 COMMON         0x20001730        0x8 src\ppp_net\src\core\netif.o
                0x20001730                netif_list
                0x20001734                netif_default
 COMMON         0x20001738        0x1 src\ppp_net\src\core\pbuf.o
                0x20001738                pbuf_free_ooseq_pending
 *fill*         0x20001739        0x3 
 COMMON         0x2000173c       0x18 src\ppp_net\src\core\tcp.o
                0x2000173c                tcp_active_pcbs_changed
                0x20001740                tcp_active_pcbs
                0x20001744                tcp_ticks
                0x20001748                tcp_listen_pcbs
                0x2000174c                tcp_bound_pcbs
                0x20001750                tcp_tw_pcbs
 COMMON         0x20001754        0x4 src\ppp_net\src\core\tcp_in.o
                0x20001754                tcp_input_pcb
 COMMON         0x20001758      0x144 src\ppp_net\src\netif\ppp\ppp.o
                0x20001758                memp_memory_PPP_PCB_base
 COMMON         0x2000189c       0x60 src\ppp_net\src\netif\ppp\pppos.o
                0x2000189c                memp_memory_PPPOS_PCB_base
 COMMON         0x200018fc        0x4 c:/program files (x86)/atollic/truestudio for stm32 9.3.0/armtools/bin/../lib/gcc/arm-atollic-eabi/6.3.1/../../../../arm-atollic-eabi/lib/armv7e-m/fpu\libc_nano.a(lib_a-reent.o)
                0x200018fc                errno
                0x20001900                . = ALIGN (0x4)
                0x20001900                _ebss = .
                0x20001900                __bss_end__ = _ebss

._user_heap_stack
                0x20001900      0x200
                0x20001900                . = ALIGN (0x4)
                0x20001900                PROVIDE (end, .)
                [!provide]                PROVIDE (_end, .)
                0x20001900                . = (. + _Min_Heap_Size)
                0x20001b00                . = (. + _Min_Stack_Size)
 *fill*         0x20001900      0x200 
                0x20001b00                . = ALIGN (0x4)

.memory_b1_text
 *(.mb1text)
 *(.mb1text*)
 *(.mb1rodata)
 *(.mb1rodata*)

/DISCARD/
 libc.a(*)
 libm.a(*)
 libgcc.a(*)

.ARM.attributes
                0x00000000       0x30
 *(.ARM.attributes)
 .ARM.attributes
                0x00000000       0x22 c:/program files (x86)/atollic/truestudio for stm32 9.3.0/armtools/bin/../lib/gcc/arm-atollic-eabi/6.3.1/armv7e-m/fpu/crti.o
 .ARM.attributes
                0x00000022       0x34 c:/program files (x86)/atollic/truestudio for stm32 9.3.0/armtools/bin/../lib/gcc/arm-atollic-eabi/6.3.1/armv7e-m/fpu/crtbegin.o
 .ARM.attributes
                0x00000056       0x39 src\gsm\gsm.o
 .ARM.attributes
                0x0000008f       0x39 src\gsm\gsm_commands.o
 .ARM.attributes
                0x000000c8       0x39 src\gsm\gsm_parser.o
 .ARM.attributes
                0x00000101       0x39 src\gsm\gsm_state.o
 .ARM.attributes
                0x0000013a       0x39 src\hardware\button.o
 .ARM.attributes
                0x00000173       0x39 src\hardware\hardware.o
 .ARM.attributes
                0x000001ac       0x39 src\hardware\led.o
 .ARM.attributes
                0x000001e5       0x39 src\hardware\timer.o
 .ARM.attributes
                0x0000021e       0x39 src\hardware\uart.o
 .ARM.attributes
                0x00000257       0x39 src\hardware\uart_line_queue.o
 .ARM.attributes
                0x00000290       0x39 src\main.o
 .ARM.attributes
                0x000002c9       0x39 src\ppp_net\arch\sys_arch.o
 .ARM.attributes
                0x00000302       0x39 src\ppp_net\lwip_port.o
 .ARM.attributes
                0x0000033b       0x39 src\ppp_net\ppp_io.o
 .ARM.attributes
                0x00000374       0x39 src\ppp_net\ppp_net.o
 .ARM.attributes
                0x000003ad       0x39 src\ppp_net\src\api\tcpip.o
 .ARM.attributes
                0x000003e6       0x39 src\ppp_net\src\core\def.o
 .ARM.attributes
                0x0000041f       0x39 src\ppp_net\src\core\inet_chksum.o
 .ARM.attributes
                0x00000458       0x39 src\ppp_net\src\core\init.o
 .ARM.attributes