Archive member included to satisfy reference by file (symbol)

c:/program files (x86)/atollic/truestudio for stm32 9.3.0/armtools/bin/../lib/gcc/arm-atollic-eabi/6.3.1/../../../../arm-atollic-eabi/lib/armv7e-m/fpu\libc_nano.a(lib_a-abort.o)
                              src\ppp_net\src\api\sockets.o (abort)
c:/program files (x86)/atollic/truestudio for stm32 9.3.0/armtools/bin/../lib/gcc/arm-atollic-eabi/6.3.1/../../../../arm-atollic-eabi/lib/armv7e-m/fpu\libc_nano.a(lib_a-atoi.o)
                              src\ppp_net\src\core\netif.o (atoi)
c:/program files (x86)/atollic/truestudio for stm32 9.3.0/armtools/bin/../lib/gcc/arm-atollic-eabi/6.3.1/../../../../arm-atollic-eabi/lib/armv7e-m/fpu\libc_nano.a(lib_a-fflush.o)
                              src\ppp_net\src\api\sockets.o (fflush)
c:/program files (x86)/atollic/truestudio for stm32 9.3.0/armtools/bin/../lib/gcc/arm-atollic-eabi/6.3.1/../../../../arm-atollic-eabi/lib/armv7e-m/fpu\libc_nano.a(lib_a-findfp.o)
                              c:/program files (x86)/atollic/truestudio for stm32 9.3.0/armtools/bin/../lib/gcc/arm-atollic-eabi/6.3.1/../../../../arm-atollic-eabi/lib/armv7e-m/fpu\libc_nano.a(lib_a-fflush.o) (__sinit)
c:/program files (x86)/atollic/truestudio for stm32 9.3.0/armtools/bin/../lib/gcc/arm-atollic-eabi/6.3.1/../../../../arm-atollic-eabi/lib/armv7e-m/fpu\libc_nano.a(lib_a-fwalk.o)
                              c:/program files (x86)/atollic/truestudio for stm32 9.3.0/armtools/bin/../lib/gcc/arm-atollic-eabi/6.3.1/../../../../arm-atollic-eabi/lib/armv7e-m/fpu\libc_nano.a(lib_a-findfp.o) (_fwalk)
c:/program files (x86)/atollic/truestudio for stm32 9.3.0/armtools/bin/../lib/gcc/arm-atollic-eabi/6.3.1/../../../../arm-atollic-eabi/lib/armv7e-m/fpu\libc_nano.a(lib_a-impure.o)
                              c:/program files (x86)/atollic/truestudio for stm32 9.3.0/armtools/bin/../lib/gcc/arm-atollic-eabi/6.3.1/../../../../arm-atollic-eabi/lib/armv7e-m/fpu\libc_nano.a(lib_a-fflush.o) (_global_impure_ptr)
c:/program files (x86)/atollic/truestudio for stm32 9.3.0/armtools/bin/../lib/gcc/arm-atollic-eabi/6.3.1/../../../../arm-atollic-eabi/lib/armv7e-m/fpu\libc_nano.a(lib_a-init.o)
                              src\startup_stm32f40xx.o (__libc_init_array)
c:/program files (x86)/atollic/truestudio for stm32 9.3.0/armtools/bin/../lib/gcc/arm-atollic-eabi/6.3.1/../../../../arm-atollic-eabi/lib/armv7e-m/fpu\libc_nano.a(lib_a-locale.o)
                              src\ppp_net\src\core\ipv4\ip4_addr.o (__locale_ctype_ptr)
c:/program files (x86)/atollic/truestudio for stm32 9.3.0/armtools/bin/../lib/gcc/arm-atollic-eabi/6.3.1/../../../../arm-atollic-eabi/lib/armv7e-m/fpu\libc_nano.a(lib_a-mbtowc_r.o)
                              c:/program files (x86)/atollic/truestudio for stm32 9.3.0/armtools/bin/../lib/gcc/arm-atollic-eabi/6.3.1/../../../../arm-atollic-eabi/lib/armv7e-m/fpu\libc_nano.a(lib_a-locale.o) (__ascii_mbtowc)
c:/program files (x86)/atollic/truestudio for stm32 9.3.0/armtools/bin/../lib/gcc/arm-atollic-eabi/6.3.1/../../../../arm-atollic-eabi/lib/armv7e-m/fpu\libc_nano.a(lib_a-memcpy-stub.o)
                              src\ppp_net\src\api\sockets.o (memcpy)
c:/program files (x86)/atollic/truestudio for stm32 9.3.0/armtools/bin/../lib/gcc/arm-atollic-eabi/6.3.1/../../../../arm-atollic-eabi/lib/armv7e-m/fpu\libc_nano.a(lib_a-memmove.o)
                              src\ppp_net\src\core\def.o (memmove)
c:/program files (x86)/atollic/truestudio for stm32 9.3.0/armtools/bin/../lib/gcc/arm-atollic-eabi/6.3.1/../../../../arm-atollic-eabi/lib/armv7e-m/fpu\libc_nano.a(lib_a-memset.o)
                              src\ppp_net\src\api\sockets.o (memset)
c:/program files (x86)/atollic/truestudio for stm32 9.3.0/armtools/bin/../lib/gcc/arm-atollic-eabi/6.3.1/../../../../arm-atollic-eabi/lib/armv7e-m/fpu\libc_nano.a(lib_a-nano-freer.o)
                              c:/program files (x86)/atollic/truestudio for stm32 9.3.0/armtools/bin/../lib/gcc/arm-atollic-eabi/6.3.1/../../../../arm-atollic-eabi/lib/armv7e-m/fpu\libc_nano.a(lib_a-fflush.o) (_free_r)
c:/program files (x86)/atollic/truestudio for stm32 9.3.0/armtools/bin/../lib/gcc/arm-atollic-eabi/6.3.1/../../../../arm-atollic-eabi/lib/armv7e-m/fpu\libc_nano.a(lib_a-nano-mallocr.o)
                              c:/program files (x86)/atollic/truestudio for stm32 9.3.0/armtools/bin/../lib/gcc/arm-atollic-eabi/6.3.1/../../../../arm-atollic-eabi/lib/armv7e-m/fpu\libc_nano.a(lib_a-findfp.o) (_malloc_r)
c:/program files (x86)/atollic/truestudio for stm32 9.3.0/armtools/bin/../lib/gcc/arm-atollic-eabi/6.3.1/../../../../arm-atollic-eabi/lib/armv7e-m/fpu\libc_nano.a(lib_a-reent.o)
                              src\ppp_net\src\api\if_api.o (errno)
c:/program files (x86)/atollic/truestudio for stm32 9.3.0/armtools/bin/../lib/gcc/arm-atollic-eabi/6.3.1/../../../../arm-atollic-eabi/lib/armv7e-m/fpu\libc_nano.a(lib_a-sbrkr.o)
[...]
Memory Configuration

Name             Origin             Length             Attributes
FLASH            0x08000000         0x00040000         xr
RAM              0x20000000         0x00010000         xrw
MEMORY_B1        0x60000000         0x00000000         xr
CCMRAM           0x10000000         0x00010000         rw
*default*        0x00000000         0xffffffff

Linker script and memory map

LOAD c:/program files (x86)/atollic/truestudio for stm32 9.3.0/armtools/bin/../lib/gcc/arm-atollic-eabi/6.3.1/armv7e-m/fpu/crti.o
LOAD c:/program files (x86)/atollic/truestudio for stm32 9.3.0/armtools/bin/../lib/gcc/arm-atollic-eabi/6.3.1/armv7e-m/fpu/crtbegin.o
LOAD Libraries\STM32F4xx_StdPeriph_Driver\src\misc.o
LOAD Libraries\STM32F4xx_StdPeriph_Driver\src\stm32f4xx_adc.o
LOAD Libraries\STM32F4xx_StdPeriph_Driver\src\stm32f4xx_can.o
LOAD Libraries\STM32F4xx_StdPeriph_Driver\src\stm32f4xx_crc.o
LOAD Libraries\STM32F4xx_StdPeriph_Driver\src\stm32f4xx_cryp.o
LOAD Libraries\STM32F4xx_StdPeriph_Driver\src\stm32f4xx_cryp_aes.o
LOAD Libraries\STM32F4xx_StdPeriph_Driver\src\stm32f4xx_cryp_des.o
LOAD Libraries\STM32F4xx_StdPeriph_Driver\src\stm32f4xx_cryp_tdes.o
LOAD Libraries\STM32F4xx_StdPeriph_Driver\src\stm32f4xx_dac.o
LOAD Libraries\STM32F4xx_StdPeriph_Driver\src\stm32f4xx_dbgmcu.o
LOAD Libraries\STM32F4xx_StdPeriph_Driver\src\stm32f4xx_dcmi.o
LOAD Libraries\STM32F4xx_StdPeriph_Driver\src\stm32f4xx_dma.o
LOAD Libraries\STM32F4xx_StdPeriph_Driver\src\stm32f4xx_exti.o
LOAD Libraries\STM32F4xx_StdPeriph_Driver\src\stm32f4xx_flash.o
LOAD Libraries\STM32F4xx_StdPeriph_Driver\src\stm32f4xx_fsmc.o
LOAD Libraries\STM32F4xx_StdPeriph_Driver\src\stm32f4xx_gpio.o
LOAD Libraries\STM32F4xx_StdPeriph_Driver\src\stm32f4xx_hash.o
LOAD Libraries\STM32F4xx_StdPeriph_Driver\src\stm32f4xx_hash_md5.o
LOAD Libraries\STM32F4xx_StdPeriph_Driver\src\stm32f4xx_hash_sha1.o
LOAD Libraries\STM32F4xx_StdPeriph_Driver\src\stm32f4xx_i2c.o
LOAD Libraries\STM32F4xx_StdPeriph_Driver\src\stm32f4xx_iwdg.o
LOAD Libraries\STM32F4xx_StdPeriph_Driver\src\stm32f4xx_pwr.o
LOAD Libraries\STM32F4xx_StdPeriph_Driver\src\stm32f4xx_rcc.o
LOAD Libraries\STM32F4xx_StdPeriph_Driver\src\stm32f4xx_rng.o
LOAD Libraries\STM32F4xx_StdPeriph_Driver\src\stm32f4xx_rtc.o
LOAD Libraries\STM32F4xx_StdPeriph_Driver\src\stm32f4xx_sdio.o
LOAD Libraries\STM32F4xx_StdPeriph_Driver\src\stm32f4xx_spi.o
LOAD Libraries\STM32F4xx_StdPeriph_Driver\src\stm32f4xx_syscfg.o
LOAD Libraries\STM32F4xx_StdPeriph_Driver\src\stm32f4xx_tim.o
LOAD Libraries\STM32F4xx_StdPeriph_Driver\src\stm32f4xx_usart.o
LOAD Libraries\STM32F4xx_StdPeriph_Driver\src\stm32f4xx_wwdg.o
LOAD src\gsm\gsm.o
LOAD src\gsm\gsm_commands.o
LOAD src\gsm\gsm_data_layer.o
LOAD src\gsm\gsm_parser.o
LOAD src\gsm\gsm_state.o
LOAD src\hardware\button.o
LOAD src\hardware\hardware.o
LOAD src\hardware\led.o
LOAD src\hardware\timer.o
LOAD src\hardware\uart.o
LOAD src\hardware\uart_line_queue.o
LOAD src\main.o
LOAD src\middle\button_logic.o
LOAD src\middle\led_logic.o
LOAD src\ppp_net\arch\sys_arch.o
LOAD src\ppp_net\lwip_port.o
LOAD src\ppp_net\ppp_io.o
LOAD src\ppp_net\ppp_net.o
LOAD src\ppp_net\src\api\api_lib.o
LOAD src\ppp_net\src\api\api_msg.o
LOAD src\ppp_net\src\api\err.o
LOAD src\ppp_net\src\api\if_api.o
LOAD src\ppp_net\src\api\netbuf.o
LOAD src\ppp_net\src\api\netdb.o
LOAD src\ppp_net\src\api\netifapi.o
LOAD src\ppp_net\src\api\sockets.o
LOAD src\ppp_net\src\api\tcpip.o
LOAD src\ppp_net\src\core\altcp.o
LOAD src\ppp_net\src\core\altcp_alloc.o
LOAD src\ppp_net\src\core\altcp_tcp.o
LOAD src\ppp_net\src\core\def.o
LOAD src\ppp_net\src\core\dns.o
LOAD src\ppp_net\src\core\inet_chksum.o
LOAD src\ppp_net\src\core\init.o
LOAD src\ppp_net\src\core\ip.o
LOAD src\ppp_net\src\core\ipv4\icmp.o
LOAD src\ppp_net\src\core\ipv4\ip4.o
LOAD src\ppp_net\src\core\ipv4\ip4_addr.o
LOAD src\ppp_net\src\core\mem.o
LOAD src\ppp_net\src\core\memp.o
LOAD src\ppp_net\src\core\netif.o
LOAD src\ppp_net\src\core\pbuf.o
LOAD src\ppp_net\src\core\raw.o
LOAD src\ppp_net\src\core\stats.o
LOAD src\ppp_net\src\core\sys.o
LOAD src\ppp_net\src\core\tcp.o
LOAD src\ppp_net\src\core\tcp_in.o
LOAD src\ppp_net\src\core\tcp_out.o
LOAD src\ppp_net\src\core\timeouts.o
LOAD src\ppp_net\src\netif\ppp\auth.o
LOAD src\ppp_net\src\netif\ppp\ccp.o
LOAD src\ppp_net\src\netif\ppp\chap-md5.o
LOAD src\ppp_net\src\netif\ppp\chap-new.o
LOAD src\ppp_net\src\netif\ppp\chap_ms.o
LOAD src\ppp_net\src\netif\ppp\demand.o
LOAD src\ppp_net\src\netif\ppp\eap.o
LOAD src\ppp_net\src\netif\ppp\ecp.o
LOAD src\ppp_net\src\netif\ppp\eui64.o
LOAD src\ppp_net\src\netif\ppp\fsm.o
LOAD src\ppp_net\src\netif\ppp\ipcp.o
LOAD src\ppp_net\src\netif\ppp\ipv6cp.o
LOAD src\ppp_net\src\netif\ppp\lcp.o
LOAD src\ppp_net\src\netif\ppp\magic.o
LOAD src\ppp_net\src\netif\ppp\mppe.o
LOAD src\ppp_net\src\netif\ppp\multilink.o
LOAD src\ppp_net\src\netif\ppp\ppp.o
LOAD src\ppp_net\src\netif\ppp\pppapi.o
LOAD src\ppp_net\src\netif\ppp\pppcrypt.o
LOAD src\ppp_net\src\netif\ppp\pppoe.o
LOAD src\ppp_net\src\netif\ppp\pppol2tp.o
LOAD src\ppp_net\src\netif\ppp\pppos.o
LOAD src\ppp_net\src\netif\ppp\upap.o
LOAD src\ppp_net\src\netif\ppp\utils.o
LOAD src\ppp_net\src\netif\ppp\vj.o
LOAD src\startup_stm32f40xx.o
LOAD src\stm32f4xx_it.o
LOAD src\syscalls.o
LOAD src\system_stm32f4xx.o
LOAD src\tiny_printf.o
                0x00001000                malloc_getpagesize_P = 0x1000
START GROUP
LOAD c:/program files (x86)/atollic/truestudio for stm32 9.3.0/armtools/bin/../lib/gcc/arm-atollic-eabi/6.3.1/../../../../arm-atollic-eabi/lib/armv7e-m/fpu\libstdc++_nano.a
LOAD c:/program files (x86)/atollic/truestudio for stm32 9.3.0/armtools/bin/../lib/gcc/arm-atollic-eabi/6.3.1/../../../../arm-atollic-eabi/lib/armv7e-m/fpu\libsupc++_nano.a
END GROUP
LOAD c:/program files (x86)/atollic/truestudio for stm32 9.3.0/armtools/bin/../lib/gcc/arm-atollic-eabi/6.3.1/../../../../arm-atollic-eabi/lib/armv7e-m/fpu\libstdc++_nano.a
LOAD c:/program files (x86)/atollic/truestudio for stm32 9.3.0/armtools/bin/../lib/gcc/arm-atollic-eabi/6.3.1/../../../../arm-atollic-eabi/lib/armv7e-m/fpu\libm.a
LOAD c:/program files (x86)/atollic/truestudio for stm32 9.3.0/armtools/bin/../lib/gcc/arm-atollic-eabi/6.3.1/../../../../arm-atollic-eabi/lib/armv7e-m/fpu\libc_nano.a
START GROUP
LOAD c:/program files (x86)/atollic/truestudio for stm32 9.3.0/armtools/bin/../lib/gcc/arm-atollic-eabi/6.3.1/armv7e-m/fpu\libgcc.a
LOAD c:/program files (x86)/atollic/truestudio for stm32 9.3.0/armtools/bin/../lib/gcc/arm-atollic-eabi/6.3.1/../../../../arm-atollic-eabi/lib/armv7e-m/fpu\libc_nano.a
END GROUP
START GROUP
LOAD c:/program files (x86)/atollic/truestudio for stm32 9.3.0/armtools/bin/../lib/gcc/arm-atollic-eabi/6.3.1/armv7e-m/fpu\libgcc.a
LOAD c:/program files (x86)/atollic/truestudio for stm32 9.3.0/armtools/bin/../lib/gcc/arm-atollic-eabi/6.3.1/../../../../arm-atollic-eabi/lib/armv7e-m/fpu\libc_nano.a
LOAD c:/program files (x86)/atollic/truestudio for stm32 9.3.0/armtools/bin/../lib/gcc/arm-atollic-eabi/6.3.1/../../../../arm-atollic-eabi/lib/armv7e-m/fpu\libnosys.a
END GROUP
START GROUP
LOAD c:/program files (x86)/atollic/truestudio for stm32 9.3.0/armtools/bin/../lib/gcc/arm-atollic-eabi/6.3.1/armv7e-m/fpu\libgcc.a
LOAD c:/program files (x86)/atollic/truestudio for stm32 9.3.0/armtools/bin/../lib/gcc/arm-atollic-eabi/6.3.1/../../../../arm-atollic-eabi/lib/armv7e-m/fpu\libc_nano.a
LOAD c:/program files (x86)/atollic/truestudio for stm32 9.3.0/armtools/bin/../lib/gcc/arm-atollic-eabi/6.3.1/../../../../arm-atollic-eabi/lib/armv7e-m/fpu\libnosys.a
END GROUP
LOAD c:/program files (x86)/atollic/truestudio for stm32 9.3.0/armtools/bin/../lib/gcc/arm-atollic-eabi/6.3.1/armv7e-m/fpu/crtend.o
LOAD c:/program files (x86)/atollic/truestudio for stm32 9.3.0/armtools/bin/../lib/gcc/arm-atollic-eabi/6.3.1/armv7e-m/fpu/crtn.o
                0x20010000                _estack = 0x20010000
                0x00000000                _Min_Heap_Size = 0x0
                0x00000200                _Min_Stack_Size = 0x200

.isr_vector     0x08000000      0x188
                0x08000000                . = ALIGN (0x4)
 *(.isr_vector)
 .isr_vector    0x08000000      0x188 src\startup_stm32f40xx.o
                0x08000000                g_pfnVectors
                0x08000188                . = ALIGN (0x4)

.text           0x08000190     0xf874
                0x08000190                . = ALIGN (0x4)
 *(.text)
 .text          0x08000190       0x40 c:/program files (x86)/atollic/truestudio for stm32 9.3.0/armtools/bin/../lib/gcc/arm-atollic-eabi/6.3.1/armv7e-m/fpu/crtbegin.o
 .text          0x080001d0       0x10 c:/program files (x86)/atollic/truestudio for stm32 9.3.0/armtools/bin/../lib/gcc/arm-atollic-eabi/6.3.1/../../../../arm-atollic-eabi/lib/armv7e-m/fpu\libc_nano.a(lib_a-strlen.o)
                0x080001d0                strlen
 .text          0x080001e0       0xa0 c:/program files (x86)/atollic/truestudio for stm32 9.3.0/armtools/bin/../lib/gcc/arm-atollic-eabi/6.3.1/../../../../arm-atollic-eabi/lib/armv7e-m/fpu\libc_nano.a(lib_a-memchr.o)
                0x080001e0                memchr
 *(.text*)
 .text.send_gsm_command_by_index
                0x08000280       0x60 src\gsm\gsm.o
                0x08000280                send_gsm_command_by_index
 .text.send_all_gsm_commands_with_check
                0x080002e0      0x124 src\gsm\gsm.o
                0x080002e0                send_all_gsm_commands_with_check
 .text.parse_response_at
                0x08000404       0x30 src\gsm\gsm_parser.o
                0x08000404                parse_response_at
 .text.parse_response_ati
                0x08000434       0x30 src\gsm\gsm_parser.o
                0x08000434                parse_response_ati
 .text.parse_response_at_cpin
                0x08000464       0x30 src\gsm\gsm_parser.o
                0x08000464                parse_response_at_cpin
 .text.parse_response_at_csq
                0x08000494       0x30 src\gsm\gsm_parser.o
                0x08000494                parse_response_at_csq
 .text.parse_response_at_cereg
                0x080004c4       0x30 src\gsm\gsm_parser.o
                0x080004c4                parse_response_at_cereg
 .text.parse_response_at_cops
                0x080004f4       0x30 src\gsm\gsm_parser.o
                0x080004f4                parse_response_at_cops
 .text.parse_response_at_cgdcont
                0x08000524       0x30 src\gsm\gsm_parser.o
                0x08000524                parse_response_at_cgdcont
 .text.parse_response_at_cgauth
                0x08000554       0x30 src\gsm\gsm_parser.o
                0x08000554                parse_response_at_cgauth
 .text.parse_response_at_cgact
                0x08000584       0x30 src\gsm\gsm_parser.o
                0x08000584                parse_response_at_cgact
 .text.parse_response_at_cgpaddr
                0x080005b4       0x30 src\gsm\gsm_parser.o
                0x080005b4                parse_response_at_cgpaddr
 .text.parse_response_atd99
                0x080005e4       0x34 src\gsm\gsm_parser.o
                0x080005e4                parse_response_atd99
 .text.check_gsm_response_by_index
                0x08000618       0xc8 src\gsm\gsm_state.o
                0x08000618                check_gsm_response_by_index
 .text.button_init
                0x080006e0       0x78 src\hardware\button.o
                0x080006e0                button_init
 .text.hardware_init
                0x08000758       0x58 src\hardware\hardware.o
                0x08000758                hardware_init
 .text.gsm_module_power_cycle
                0x080007b0       0x98 src\hardware\hardware.o
                0x080007b0                gsm_module_power_cycle
 .text.led_init
                0x08000848       0xdc src\hardware\led.o
                0x08000848                led_init
 .text.NVIC_EnableIRQ
                0x08000924       0x34 src\hardware\timer.o
 .text.timer2_init_1ms
                0x08000958       0x50 src\hardware\timer.o
                0x08000958                timer2_init_1ms
 .text.TIM2_IRQHandler
                0x080009a8       0x40 src\hardware\timer.o
                0x080009a8                TIM2_IRQHandler
 .text.timer2_get_tick
                0x080009e8       0x18 src\hardware\timer.o
                0x080009e8                timer2_get_tick
 .text.delay_ms
                0x08000a00       0x28 src\hardware\timer.o
                0x08000a00                delay_ms
 .text.NVIC_EnableIRQ
                0x08000a28       0x34 src\hardware\uart.o
 .text.uart_init_all
                0x08000a5c      0x124 src\hardware\uart.o
                0x08000a5c                uart_init_all
 .text.uart_log
                0x08000b80       0x70 src\hardware\uart.o
                0x08000b80                uart_log
 .text.uart1_send_raw
                0x08000bf0       0x5c src\hardware\uart.o
                0x08000bf0                uart1_send_raw
 .text.gsm_hw_layer_uart_fill_rx
                0x08000c4c       0x90 src\hardware\uart.o
                0x08000c4c                gsm_hw_layer_uart_fill_rx
 .text.uart1_poll
                0x08000cdc      0x11c src\hardware\uart.o
                0x08000cdc                uart1_poll
 .text.DMA2_Stream2_IRQHandler
                0x08000df8       0x34 src\hardware\uart.o
                0x08000df8                DMA2_Stream2_IRQHandler
 .text.USART1_IRQHandler
                0x08000e2c       0x40 src\hardware\uart.o
                0x08000e2c                USART1_IRQHandler
 .text.uart_enable_uart1_idle_irq
                0x08000e6c       0x24 src\hardware\uart.o
                0x08000e6c                uart_enable_uart1_idle_irq
 .text.restart_dma2_stream2
                0x08000e90       0x60 src\hardware\uart.o
                0x08000e90                restart_dma2_stream2
 .text.uart_line_queue_init
                0x08000ef0       0x2c src\hardware\uart_line_queue.o
                0x08000ef0                uart_line_queue_init
 .text.uart_line_queue_push
                0x08000f1c       0x80 src\hardware\uart_line_queue.o
                0x08000f1c                uart_line_queue_push
 .text.uart_line_queue_pop
                0x08000f9c       0x6c src\hardware\uart_line_queue.o
                0x08000f9c                uart_line_queue_pop
 .text.main     0x08001008       0x24 src\main.o
                0x08001008                main
 .text.sys_mutex_lock
                0x0800102c       0x14 src\ppp_net\arch\sys_arch.o
                0x0800102c                sys_mutex_lock
 .text.sys_mutex_unlock
                0x08001040       0x14 src\ppp_net\arch\sys_arch.o
                0x08001040                sys_mutex_unlock
 .text.sys_mbox_trypost
                0x08001054       0x18 src\ppp_net\arch\sys_arch.o
                0x08001054                sys_mbox_trypost
 .text.lwip_win32_platform_diag
                0x0800106c       0x14 src\ppp_net\lwip_port.o
                0x0800106c                lwip_win32_platform_diag
 .text.sys_now  0x08001080       0x1c src\ppp_net\lwip_port.o
                0x08001080                sys_now
 .text.sys_jiffies
                0x0800109c        0xe src\ppp_net\lwip_port.o
                0x0800109c                sys_jiffies
 *fill*         0x080010aa        0x2 
 .text.lwip_port_rand
                0x080010ac       0x30 src\ppp_net\lwip_port.o
                0x080010ac                lwip_port_rand
 .text.sys_arch_protect
                0x080010dc       0x10 src\ppp_net\lwip_port.o
                0x080010dc                sys_arch_protect
 .text.sys_arch_unprotect
                0x080010ec       0x14 src\ppp_net\lwip_port.o
                0x080010ec                sys_arch_unprotect
 .text.tcpip_try_callback
                0x08001100       0x5c src\ppp_net\src\api\tcpip.o
                0x08001100                tcpip_try_callback
 .text.lwip_htons
                0x0800115c       0x2a src\ppp_net\src\core\def.o
                0x0800115c                lwip_htons
 .text.lwip_htonl
                0x08001186       0x32 src\ppp_net\src\core\def.o
                0x08001186                lwip_htonl
 .text.lwip_standard_chksum
                0x080011b8       0xba src\ppp_net\src\core\inet_chksum.o
                0x080011b8                lwip_standard_chksum
 .text.inet_cksum_pseudo_base
                0x08001272       0xde src\ppp_net\src\core\inet_chksum.o
 .text.inet_chksum_pseudo
                0x08001350       0x70 src\ppp_net\src\core\inet_chksum.o
                0x08001350                inet_chksum_pseudo
 .text.ip_chksum_pseudo
                0x080013c0       0x2c src\ppp_net\src\core\inet_chksum.o
                0x080013c0                ip_chksum_pseudo
 .text.inet_chksum
                0x080013ec       0x24 src\ppp_net\src\core\inet_chksum.o
                0x080013ec                inet_chksum
 .text.inet_chksum_pbuf
                0x08001410       0x9a src\ppp_net\src\core\inet_chksum.o
                0x08001410                inet_chksum_pbuf
 *fill*         0x080014aa        0x2 
 .text.icmp_input
                0x080014ac      0x26c src\ppp_net\src\core\ipv4\icmp.o
                0x080014ac                icmp_input
 .text.icmp_dest_unreach
                0x08001718       0x20 src\ppp_net\src\core\ipv4\icmp.o
                0x08001718                icmp_dest_unreach
 .text.icmp_send_response
                0x08001738      0x108 src\ppp_net\src\core\ipv4\icmp.o
 .text.ip4_route
                0x08001840       0xd8 src\ppp_net\src\core\ipv4\ip4.o
                0x08001840                ip4_route
 .text.ip4_input_accept
                0x08001918       0x54 src\ppp_net\src\core\ipv4\ip4.o
 .text.ip4_input
                0x0800196c      0x23c src\ppp_net\src\core\ipv4\ip4.o
                0x0800196c                ip4_input
 .text.ip4_output_if
                0x08001ba8       0x54 src\ppp_net\src\core\ipv4\ip4.o
                0x08001ba8                ip4_output_if
 .text.ip4_output_if_src
                0x08001bfc      0x21c src\ppp_net\src\core\ipv4\ip4.o
                0x08001bfc                ip4_output_if_src
 .text.ip4_addr_isbroadcast_u32
                0x08001e18       0x82 src\ppp_net\src\core\ipv4\ip4_addr.o
                0x08001e18                ip4_addr_isbroadcast_u32
 *fill*         0x08001e9a        0x2 
 .text.ptr_to_mem
                0x08001e9c       0x24 src\ppp_net\src\core\mem.o
 .text.mem_to_ptr
                0x08001ec0       0x24 src\ppp_net\src\core\mem.o
 .text.plug_holes
                0x08001ee4      0x16c src\ppp_net\src\core\mem.o
 .text.mem_link_valid
                0x08002050       0x78 src\ppp_net\src\core\mem.o
 .text.mem_free
                0x080020c8       0xe0 src\ppp_net\src\core\mem.o
                0x080020c8                mem_free
 .text.mem_trim
                0x080021a8      0x234 src\ppp_net\src\core\mem.o
                0x080021a8                mem_trim
 .text.mem_malloc
                0x080023dc      0x1e4 src\ppp_net\src\core\mem.o
                0x080023dc                mem_malloc
 .text.do_memp_malloc_pool
                0x080025c0       0x40 src\ppp_net\src\core\memp.o
 .text.memp_malloc
                0x08002600       0x4c src\ppp_net\src\core\memp.o
                0x08002600                memp_malloc
 .text.do_memp_free_pool
                0x0800264c       0x34 src\ppp_net\src\core\memp.o
 .text.memp_free
                0x08002680       0x54 src\ppp_net\src\core\memp.o
                0x08002680                memp_free
 .text.netif_do_ip_addr_changed
                0x080026d4       0x1a src\ppp_net\src\core\netif.o
 *fill*         0x080026ee        0x2 
 .text.netif_do_set_ipaddr
                0x080026f0       0xa8 src\ppp_net\src\core\netif.o
 .text.netif_do_set_netmask
                0x08002798       0x3e src\ppp_net\src\core\netif.o
 .text.netif_do_set_gw
                0x080027d6       0x3e src\ppp_net\src\core\netif.o
 .text.netif_set_addr
                0x08002814       0x94 src\ppp_net\src\core\netif.o
                0x08002814                netif_set_addr
 .text.netif_issue_reports
                0x080028a8       0x64 src\ppp_net\src\core\netif.o
 .text.netif_set_link_up
                0x0800290c       0x58 src\ppp_net\src\core\netif.o
                0x0800290c                netif_set_link_up
 .text.netif_set_link_down
                0x08002964       0x50 src\ppp_net\src\core\netif.o
                0x08002964                netif_set_link_down
 .text.netif_get_by_index
                0x080029b4       0x4c src\ppp_net\src\core\netif.o
                0x080029b4                netif_get_by_index
 .text.pbuf_free_ooseq
                0x08002a00       0x4c src\ppp_net\src\core\pbuf.o
 .text.pbuf_free_ooseq_callback
                0x08002a4c       0x14 src\ppp_net\src\core\pbuf.o
 .text.pbuf_pool_is_empty
                0x08002a60       0x54 src\ppp_net\src\core\pbuf.o
 .text.pbuf_init_alloced_pbuf
                0x08002ab4       0x54 src\ppp_net\src\core\pbuf.o
 .text.pbuf_alloc
                0x08002b08      0x170 src\ppp_net\src\core\pbuf.o
                0x08002b08                pbuf_alloc
 .text.pbuf_alloc_reference
                0x08002c78       0x74 src\ppp_net\src\core\pbuf.o
                0x08002c78                pbuf_alloc_reference
 .text.pbuf_realloc
                0x08002cec      0x148 src\ppp_net\src\core\pbuf.o
                0x08002cec                pbuf_realloc
 .text.pbuf_add_header_impl
                0x08002e34       0xdc src\ppp_net\src\core\pbuf.o
 .text.pbuf_add_header
                0x08002f10       0x1e src\ppp_net\src\core\pbuf.o
                0x08002f10                pbuf_add_header
 *fill*         0x08002f2e        0x2 
 .text.pbuf_remove_header
                0x08002f30       0xac src\ppp_net\src\core\pbuf.o
                0x08002f30                pbuf_remove_header
 .text.pbuf_header_impl
                0x08002fdc       0x42 src\ppp_net\src\core\pbuf.o
 .text.pbuf_header_force
                0x0800301e       0x24 src\ppp_net\src\core\pbuf.o
                0x0800301e                pbuf_header_force
 *fill*         0x08003042        0x2 
 .text.pbuf_free
                0x08003044      0x104 src\ppp_net\src\core\pbuf.o
                0x08003044                pbuf_free
 .text.pbuf_clen
                0x08003148       0x2e src\ppp_net\src\core\pbuf.o
                0x08003148                pbuf_clen
 *fill*         0x08003176        0x2 
 .text.pbuf_ref
                0x08003178       0x5c src\ppp_net\src\core\pbuf.o
                0x08003178                pbuf_ref
 .text.pbuf_cat
                0x080031d4       0xe4 src\ppp_net\src\core\pbuf.o
                0x080031d4                pbuf_cat
 .text.pbuf_copy
                0x080032b8       0x48 src\ppp_net\src\core\pbuf.o
                0x080032b8                pbuf_copy
 .text.pbuf_copy_partial_pbuf
                0x08003300      0x224 src\ppp_net\src\core\pbuf.o
                0x08003300                pbuf_copy_partial_pbuf
 .text.pbuf_copy_partial
                0x08003524       0xe4 src\ppp_net\src\core\pbuf.o
                0x08003524                pbuf_copy_partial
 .text.pbuf_coalesce
                0x08003608       0x42 src\ppp_net\src\core\pbuf.o
                0x08003608                pbuf_coalesce
 *fill*         0x0800364a        0x2 
 .text.pbuf_clone
                0x0800364c       0x6c src\ppp_net\src\core\pbuf.o
                0x0800364c                pbuf_clone
 .text.tcp_free
                0x080036b8       0x44 src\ppp_net\src\core\tcp.o
                0x080036b8                tcp_free
 .text.tcp_free_listen
                0x080036fc       0x44 src\ppp_net\src\core\tcp.o
 .text.tcp_tmr  0x08003740       0x2c src\ppp_net\src\core\tcp.o
                0x08003740                tcp_tmr
 .text.tcp_remove_listener
                0x0800376c       0x5c src\ppp_net\src\core\tcp.o
 .text.tcp_listen_closed
                0x080037c8       0x88 src\ppp_net\src\core\tcp.o
 .text.tcp_close_shutdown
                0x08003850      0x1d0 src\ppp_net\src\core\tcp.o
 .text.tcp_close_shutdown_fin
                0x08003a20       0xd8 src\ppp_net\src\core\tcp.o
 .text.tcp_close
                0x08003af8       0x58 src\ppp_net\src\core\tcp.o
                0x08003af8                tcp_close
 .text.tcp_abandon
                0x08003b50      0x184 src\ppp_net\src\core\tcp.o
                0x08003b50                tcp_abandon
 .text.tcp_abort
                0x08003cd4       0x18 src\ppp_net\src\core\tcp.o
                0x08003cd4                tcp_abort
 .text.tcp_update_rcv_ann_wnd
                0x08003cec       0xcc src\ppp_net\src\core\tcp.o
                0x08003cec                tcp_update_rcv_ann_wnd
 .text.tcp_recved
                0x08003db8       0xa8 src\ppp_net\src\core\tcp.o
                0x08003db8                tcp_recved
 .text.tcp_slowtmr
                0x08003e60      0x6e4 src\ppp_net\src\core\tcp.o
                0x08003e60                tcp_slowtmr
 .text.tcp_fasttmr
                0x08004544       0xc8 src\ppp_net\src\core\tcp.o
                0x08004544                tcp_fasttmr
 .text.tcp_process_refused_data
                0x0800460c       0xf8 src\ppp_net\src\core\tcp.o
                0x0800460c                tcp_process_refused_data
 .text.tcp_segs_free
                0x08004704       0x28 src\ppp_net\src\core\tcp.o
                0x08004704                tcp_segs_free
 .text.tcp_seg_free
                0x0800472c       0x30 src\ppp_net\src\core\tcp.o
                0x0800472c                tcp_seg_free
 .text.tcp_seg_copy
                0x0800475c       0x64 src\ppp_net\src\core\tcp.o
                0x0800475c                tcp_seg_copy
 .text.tcp_recv_null
                0x080047c0       0x6c src\ppp_net\src\core\tcp.o
                0x080047c0                tcp_recv_null
 .text.tcp_kill_prio
                0x0800482c       0x9c src\ppp_net\src\core\tcp.o
 .text.tcp_kill_state
                0x080048c8       0xa0 src\ppp_net\src\core\tcp.o
 .text.tcp_kill_timewait
                0x08004968       0x60 src\ppp_net\src\core\tcp.o
 .text.tcp_handle_closepend
                0x080049c8       0x4c src\ppp_net\src\core\tcp.o
 .text.tcp_alloc
                0x08004a14      0x108 src\ppp_net\src\core\tcp.o
                0x08004a14                tcp_alloc
 .text.tcp_pcb_purge
                0x08004b1c       0xa0 src\ppp_net\src\core\tcp.o
                0x08004b1c                tcp_pcb_purge
 .text.tcp_pcb_remove
                0x08004bbc      0x158 src\ppp_net\src\core\tcp.o
                0x08004bbc                tcp_pcb_remove
 .text.tcp_next_iss
                0x08004d14       0x54 src\ppp_net\src\core\tcp.o
                0x08004d14                tcp_next_iss
 .text.tcp_eff_send_mss_netif
                0x08004d68       0x80 src\ppp_net\src\core\tcp.o
                0x08004d68                tcp_eff_send_mss_netif
 .text.tcp_netif_ip_addr_changed_pcblist
                0x08004de8       0x6c src\ppp_net\src\core\tcp.o
 .text.tcp_netif_ip_addr_changed
                0x08004e54       0x7c src\ppp_net\src\core\tcp.o
                0x08004e54                tcp_netif_ip_addr_changed
 .text.tcp_free_ooseq
                0x08004ed0       0x28 src\ppp_net\src\core\tcp.o
                0x08004ed0                tcp_free_ooseq
 .text.tcp_input
                0x08004ef8      0x89c src\ppp_net\src\core\tcp_in.o
                0x08004ef8                tcp_input
 .text.tcp_input_delayed_close
                0x08005794       0x8c src\ppp_net\src\core\tcp_in.o
 .text.tcp_listen_input
                0x08005820      0x208 src\ppp_net\src\core\tcp_in.o
 .text.tcp_timewait_input
                0x08005a28      0x100 src\ppp_net\src\core\tcp_in.o
 .text.tcp_process
                0x08005b28      0x838 src\ppp_net\src\core\tcp_in.o
 .text.tcp_oos_insert_segment
                0x08006360      0x118 src\ppp_net\src\core\tcp_in.o
 .text.tcp_free_acked_segments
                0x08006478      0x10c src\ppp_net\src\core\tcp_in.o
 .text.tcp_receive
                0x08006584      0xf98 src\ppp_net\src\core\tcp_in.o
 .text.tcp_get_next_optbyte
                0x0800751c       0x6c src\ppp_net\src\core\tcp_in.o
 .text.tcp_parseopt
                0x08007588       0xf0 src\ppp_net\src\core\tcp_in.o
 .text.tcp_trigger_input_pcb_close
                0x08007678       0x20 src\ppp_net\src\core\tcp_in.o
                0x08007678                tcp_trigger_input_pcb_close
 .text.tcp_route
                0x08007698       0x38 src\ppp_net\src\core\tcp_out.o
 .text.tcp_create_segment
                0x080076d0      0x164 src\ppp_net\src\core\tcp_out.o
 .text.tcp_split_unsent_seg
                0x08007834      0x2c8 src\ppp_net\src\core\tcp_out.o
                0x08007834                tcp_split_unsent_seg
 .text.tcp_send_fin
                0x08007afc       0xa8 src\ppp_net\src\core\tcp_out.o
                0x08007afc                tcp_send_fin
 .text.tcp_enqueue_flags
                0x08007ba4      0x1f4 src\ppp_net\src\core\tcp_out.o
                0x08007ba4                tcp_enqueue_flags
 .text.tcp_output
                0x08007d98      0x410 src\ppp_net\src\core\tcp_out.o
                0x08007d98                tcp_output
 .text.tcp_output_segment_busy
                0x080081a8       0x4c src\ppp_net\src\core\tcp_out.o
 .text.tcp_output_segment
                0x080081f4      0x210 src\ppp_net\src\core\tcp_out.o
 .text.tcp_rexmit_rto_prepare
                0x08008404       0xfc src\ppp_net\src\core\tcp_out.o
                0x08008404                tcp_rexmit_rto_prepare
 .text.tcp_rexmit_rto_commit
                0x08008500       0x5c src\ppp_net\src\core\tcp_out.o
                0x08008500                tcp_rexmit_rto_commit
 .text.tcp_rexmit_rto
                0x0800855c       0x4c src\ppp_net\src\core\tcp_out.o
                0x0800855c                tcp_rexmit_rto
 .text.tcp_rexmit
                0x080085a8       0xe4 src\ppp_net\src\core\tcp_out.o
                0x080085a8                tcp_rexmit
 .text.tcp_rexmit_fast
                0x0800868c       0xe0 src\ppp_net\src\core\tcp_out.o
                0x0800868c                tcp_rexmit_fast
 .text.tcp_output_alloc_header_common
                0x0800876c       0xf0 src\ppp_net\src\core\tcp_out.o
 .text.tcp_output_alloc_header
                0x0800885c       0x84 src\ppp_net\src\core\tcp_out.o
 .text.tcp_output_fill_options
                0x080088e0       0x9c src\ppp_net\src\core\tcp_out.o
 .text.tcp_output_control_segment
                0x0800897c       0x70 src\ppp_net\src\core\tcp_out.o
 .text.tcp_output_control_segment_netif
                0x080089ec       0xa4 src\ppp_net\src\core\tcp_out.o
 .text.tcp_rst_common
                0x08008a90       0xb0 src\ppp_net\src\core\tcp_out.o
 .text.tcp_rst  0x08008b40       0x42 src\ppp_net\src\core\tcp_out.o
                0x08008b40                tcp_rst
 .text.tcp_rst_netif
                0x08008b82       0x4c src\ppp_net\src\core\tcp_out.o
                0x08008b82                tcp_rst_netif
 *fill*         0x08008bce        0x2 
 .text.tcp_send_empty_ack
                0x08008bd0       0xd4 src\ppp_net\src\core\tcp_out.o
                0x08008bd0                tcp_send_empty_ack
 .text.tcp_keepalive
                0x08008ca4       0x8c src\ppp_net\src\core\tcp_out.o
                0x08008ca4                tcp_keepalive
 .text.tcp_zero_window_probe
                0x08008d30      0x15c src\ppp_net\src\core\tcp_out.o
                0x08008d30                tcp_zero_window_probe
 .text.tcpip_tcp_timer
                0x08008e8c       0x48 src\ppp_net\src\core\timeouts.o
 .text.tcp_timer_needed
                0x08008ed4       0x40 src\ppp_net\src\core\timeouts.o
                0x08008ed4                tcp_timer_needed
 .text.sys_timeout_abs
                0x08008f14       0xd4 src\ppp_net\src\core\timeouts.o
 .text.sys_timeout
                0x08008fe8       0x58 src\ppp_net\src\core\timeouts.o
                0x08008fe8                sys_timeout
 .text.sys_untimeout
                0x08009040       0x74 src\ppp_net\src\core\timeouts.o
                0x08009040                sys_untimeout
 .text.link_required
                0x080090b4       0x14 src\ppp_net\src\netif\ppp\auth.o
                0x080090b4                link_required
 .text.link_terminated
                0x080090c8       0x30 src\ppp_net\src\netif\ppp\auth.o
                0x080090c8                link_terminated
 .text.link_down
                0x080090f8       0x28 src\ppp_net\src\netif\ppp\auth.o
                0x080090f8                link_down
 .text.upper_layers_down
                0x08009120       0x7c src\ppp_net\src\netif\ppp\auth.o
                0x08009120                upper_layers_down
 .text.link_established
                0x0800919c       0xa0 src\ppp_net\src\netif\ppp\auth.o
                0x0800919c                link_established
 .text.network_phase
                0x0800923c       0x16 src\ppp_net\src\netif\ppp\auth.o
 .text.start_networks
                0x08009252       0x1e src\ppp_net\src\netif\ppp\auth.o
                0x08009252                start_networks
 .text.continue_networks
                0x08009270       0x70 src\ppp_net\src\netif\ppp\auth.o
                0x08009270                continue_networks
 .text.auth_withpeer_fail
                0x080092e0       0x28 src\ppp_net\src\netif\ppp\auth.o
                0x080092e0                auth_withpeer_fail
 .text.auth_withpeer_success
                0x08009308       0x74 src\ppp_net\src\netif\ppp\auth.o
                0x08009308                auth_withpeer_success
 .text.np_up    0x0800937c       0x34 src\ppp_net\src\netif\ppp\auth.o
                0x0800937c                np_up
 .text.np_down  0x080093b0       0x34 src\ppp_net\src\netif\ppp\auth.o
                0x080093b0                np_down
 .text.np_finished
                0x080093e4       0x38 src\ppp_net\src\netif\ppp\auth.o
                0x080093e4                np_finished
 .text.fsm_init
                0x0800941c       0x3a src\ppp_net\src\netif\ppp\fsm.o
                0x0800941c                fsm_init
 .text.fsm_lowerup
                0x08009456       0x4a src\ppp_net\src\netif\ppp\fsm.o
                0x08009456                fsm_lowerup
 .text.fsm_lowerdown
                0x080094a0       0xa8 src\ppp_net\src\netif\ppp\fsm.o
                0x080094a0                fsm_lowerdown
 .text.fsm_open
                0x08009548       0xb4 src\ppp_net\src\netif\ppp\fsm.o
                0x08009548                fsm_open
 .text.terminate_layer
                0x080095fc       0xdc src\ppp_net\src\netif\ppp\fsm.o
 .text.fsm_close
                0x080096d8       0x98 src\ppp_net\src\netif\ppp\fsm.o
                0x080096d8                fsm_close
 .text.fsm_timeout
                0x08009770      0x130 src\ppp_net\src\netif\ppp\fsm.o
 .text.fsm_input
                0x080098a0      0x148 src\ppp_net\src\netif\ppp\fsm.o
                0x080098a0                fsm_input
 .text.fsm_rconfreq
                0x080099e8      0x14c src\ppp_net\src\netif\ppp\fsm.o
 .text.fsm_rconfack
                0x08009b34      0x140 src\ppp_net\src\netif\ppp\fsm.o
 .text.fsm_rconfnakrej
                0x08009c74      0x154 src\ppp_net\src\netif\ppp\fsm.o
 .text.fsm_rtermreq
                0x08009dc8       0x90 src\ppp_net\src\netif\ppp\fsm.o
 .text.fsm_rtermack
                0x08009e58       0xbc src\ppp_net\src\netif\ppp\fsm.o
 .text.fsm_rcoderej
                0x08009f14       0x42 src\ppp_net\src\netif\ppp\fsm.o
 *fill*         0x08009f56        0x2 
 .text.fsm_protreject
                0x08009f58       0x9c src\ppp_net\src\netif\ppp\fsm.o
                0x08009f58                fsm_protreject
 .text.fsm_sconfreq
                0x08009ff4      0x1dc src\ppp_net\src\netif\ppp\fsm.o
 .text.fsm_sdata
                0x0800a1d0       0xfa src\ppp_net\src\netif\ppp\fsm.o
                0x0800a1d0                fsm_sdata
 *fill*         0x0800a2ca        0x2 
 .text.ipcp_init
                0x0800a2cc       0x88 src\ppp_net\src\netif\ppp\ipcp.o
 .text.ipcp_open
                0x0800a354       0x2a src\ppp_net\src\netif\ppp\ipcp.o
 .text.ipcp_close
                0x0800a37e       0x20 src\ppp_net\src\netif\ppp\ipcp.o
 .text.ipcp_lowerup
                0x0800a39e       0x1c src\ppp_net\src\netif\ppp\ipcp.o
 .text.ipcp_lowerdown
                0x0800a3ba       0x1c src\ppp_net\src\netif\ppp\ipcp.o
 .text.ipcp_input
                0x0800a3d6       0x24 src\ppp_net\src\netif\ppp\ipcp.o
 .text.ipcp_protrej
                0x0800a3fa       0x1c src\ppp_net\src\netif\ppp\ipcp.o
 .text.ipcp_resetci
                0x0800a416       0xd2 src\ppp_net\src\netif\ppp\ipcp.o
 .text.ipcp_cilen
                0x0800a4e8       0xa4 src\ppp_net\src\netif\ppp\ipcp.o
 .text.ipcp_addci
                0x0800a58c      0x17c src\ppp_net\src\netif\ppp\ipcp.o
 .text.ipcp_ackci
                0x0800a708      0x1da src\ppp_net\src\netif\ppp\ipcp.o
 .text.ipcp_nakci
                0x0800a8e2      0x48c src\ppp_net\src\netif\ppp\ipcp.o
 .text.ipcp_rejci
                0x0800ad6e      0x20e src\ppp_net\src\netif\ppp\ipcp.o
 .text.ipcp_reqci
                0x0800af7c      0x500 src\ppp_net\src\netif\ppp\ipcp.o
 .text.ipcp_up  0x0800b47c      0x190 src\ppp_net\src\netif\ppp\ipcp.o
 .text.ipcp_down
                0x0800b60c       0x62 src\ppp_net\src\netif\ppp\ipcp.o
 .text.ipcp_clear_addrs
                0x0800b66e       0x20 src\ppp_net\src\netif\ppp\ipcp.o
 .text.ipcp_finished
                0x0800b68e       0x3c src\ppp_net\src\netif\ppp\ipcp.o
 *fill*         0x0800b6ca        0x2 
 .text.lcp_init
                0x0800b6cc       0xdc src\ppp_net\src\netif\ppp\lcp.o
 .text.lcp_open
                0x0800b7a8       0x68 src\ppp_net\src\netif\ppp\lcp.o
                0x0800b7a8                lcp_open
 .text.lcp_close
                0x0800b810       0x7c src\ppp_net\src\netif\ppp\lcp.o
                0x0800b810                lcp_close
 .text.lcp_lowerup
                0x0800b88c       0xbc src\ppp_net\src\netif\ppp\lcp.o
                0x0800b88c                lcp_lowerup
 .text.lcp_lowerdown
                0x0800b948       0x44 src\ppp_net\src\netif\ppp\lcp.o
                0x0800b948                lcp_lowerdown
 .text.lcp_delayed_up
                0x0800b98c       0x32 src\ppp_net\src\netif\ppp\lcp.o
 *fill*         0x0800b9be        0x2 
 .text.lcp_input
                0x0800b9c0       0x50 src\ppp_net\src\netif\ppp\lcp.o
 .text.lcp_extcode
                0x0800ba10       0xcc src\ppp_net\src\netif\ppp\lcp.o
 .text.lcp_rprotrej
                0x0800badc       0x80 src\ppp_net\src\netif\ppp\lcp.o
 .text.lcp_protrej
                0x0800bb5c       0x1a src\ppp_net\src\netif\ppp\lcp.o
 .text.lcp_sprotrej
                0x0800bb76       0x38 src\ppp_net\src\netif\ppp\lcp.o
                0x0800bb76                lcp_sprotrej
 .text.lcp_resetci
                0x0800bbae       0xb6 src\ppp_net\src\netif\ppp\lcp.o
 .text.lcp_cilen
                0x0800bc64       0xf2 src\ppp_net\src\netif\ppp\lcp.o
 .text.lcp_addci
                0x0800bd56      0x266 src\ppp_net\src\netif\ppp\lcp.o
 .text.lcp_ackci
                0x0800bfbc      0x41c src\ppp_net\src\netif\ppp\lcp.o
 .text.lcp_nakci
                0x0800c3d8      0x6f8 src\ppp_net\src\netif\ppp\lcp.o
 .text.lcp_rejci
                0x0800cad0      0x40a src\ppp_net\src\netif\ppp\lcp.o
 *fill*         0x0800ceda        0x2 
 .text.lcp_reqci
                0x0800cedc      0x5cc src\ppp_net\src\netif\ppp\lcp.o
 .text.lcp_up   0x0800d4a8      0x168 src\ppp_net\src\netif\ppp\lcp.o
 .text.lcp_down
                0x0800d610       0x86 src\ppp_net\src\netif\ppp\lcp.o
 .text.lcp_starting
                0x0800d696       0x1c src\ppp_net\src\netif\ppp\lcp.o
 .text.lcp_finished
                0x0800d6b2       0x1c src\ppp_net\src\netif\ppp\lcp.o
 *fill*         0x0800d6ce        0x2 
 .text.LcpLinkFailure
                0x0800d6d0       0x34 src\ppp_net\src\netif\ppp\lcp.o
 .text.LcpEchoCheck
                0x0800d704       0x58 src\ppp_net\src\netif\ppp\lcp.o
 .text.LcpEchoTimeout
                0x0800d75c       0x3e src\ppp_net\src\netif\ppp\lcp.o
 .text.lcp_received_echo_reply
                0x0800d79a       0x9a src\ppp_net\src\netif\ppp\lcp.o
 .text.LcpSendEchoRequest
                0x0800d834       0xc2 src\ppp_net\src\netif\ppp\lcp.o
 .text.lcp_echo_lowerup
                0x0800d8f6       0x42 src\ppp_net\src\netif\ppp\lcp.o
 .text.lcp_echo_lowerdown
                0x0800d938       0x40 src\ppp_net\src\netif\ppp\lcp.o
 .text.magic_randomize
                0x0800d978       0x1c src\ppp_net\src\netif\ppp\magic.o
                0x0800d978                magic_randomize
 .text.magic    0x0800d994       0x24 src\ppp_net\src\netif\ppp\magic.o
                0x0800d994                magic
 .text.ppp_input
                0x0800d9b8      0x144 src\ppp_net\src\netif\ppp\ppp.o
                0x0800d9b8                ppp_input
 .text.ppp_write
                0x0800dafc       0x24 src\ppp_net\src\netif\ppp\ppp.o
                0x0800dafc                ppp_write
 .text.ppp_link_terminated
                0x0800db20       0x20 src\ppp_net\src\netif\ppp\ppp.o
                0x0800db20                ppp_link_terminated
 .text.new_phase
                0x0800db40       0x20 src\ppp_net\src\netif\ppp\ppp.o
                0x0800db40                new_phase
 .text.ppp_send_config
                0x0800db60       0x38 src\ppp_net\src\netif\ppp\ppp.o
                0x0800db60                ppp_send_config
 .text.ppp_recv_config
                0x0800db98       0x38 src\ppp_net\src\netif\ppp\ppp.o
                0x0800db98                ppp_recv_config
 .text.sifaddr  0x0800dbd0       0x38 src\ppp_net\src\netif\ppp\ppp.o
                0x0800dbd0                sifaddr
 .text.cifaddr  0x0800dc08       0x2c src\ppp_net\src\netif\ppp\ppp.o
                0x0800dc08                cifaddr
 .text.sifup    0x0800dc34       0x46 src\ppp_net\src\netif\ppp\ppp.o
                0x0800dc34                sifup
 .text.sifdown  0x0800dc7a       0x2a src\ppp_net\src\netif\ppp\ppp.o
                0x0800dc7a                sifdown
 .text.get_mask
                0x0800dca4       0x18 src\ppp_net\src\netif\ppp\ppp.o
                0x0800dca4                get_mask
 .text.ppp_netif_set_mtu
                0x0800dcbc       0x20 src\ppp_net\src\netif\ppp\ppp.o
                0x0800dcbc                ppp_netif_set_mtu
 .text.pppos_input
                0x0800dcdc      0x3a4 src\ppp_net\src\netif\ppp\pppos.o
                0x0800dcdc                pppos_input
 .text.pppos_input_free_current_packet
                0x0800e080       0x4c src\ppp_net\src\netif\ppp\pppos.o
 .text.pppos_input_drop
                0x0800e0cc       0x16 src\ppp_net\src\netif\ppp\pppos.o
 .text.upap_init
                0x0800e0e2       0x40 src\ppp_net\src\netif\ppp\upap.o
 .text.upap_authwithpeer
                0x0800e122       0x9a src\ppp_net\src\netif\ppp\upap.o
                0x0800e122                upap_authwithpeer
 .text.upap_timeout
                0x0800e1bc       0x48 src\ppp_net\src\netif\ppp\upap.o
 .text.upap_lowerup
                0x0800e204       0x34 src\ppp_net\src\netif\ppp\upap.o
 .text.upap_lowerdown
                0x0800e238       0x30 src\ppp_net\src\netif\ppp\upap.o
 .text.upap_protrej
                0x0800e268       0x2a src\ppp_net\src\netif\ppp\upap.o
 .text.upap_input
                0x0800e292       0x9a src\ppp_net\src\netif\ppp\upap.o
 .text.upap_rauthack
                0x0800e32c       0x70 src\ppp_net\src\netif\ppp\upap.o
 .text.upap_rauthnak
                0x0800e39c       0x6c src\ppp_net\src\netif\ppp\upap.o
 .text.upap_sauthreq
                0x0800e408      0x15c src\ppp_net\src\netif\ppp\upap.o
 .text.Reset_Handler
                0x0800e564       0x50 src\startup_stm32f40xx.o
                0x0800e564                Reset_Handler
 .text.Default_Handler
                0x0800e5b4        0x2 src\startup_stm32f40xx.o
                0x0800e5b4                RTC_Alarm_IRQHandler
                0x0800e5b4                HASH_RNG_IRQHandler
                0x0800e5b4                EXTI2_IRQHandler
                0x0800e5b4                TIM8_CC_IRQHandler
                0x0800e5b4                TIM1_CC_IRQHandler
                0x0800e5b4                DMA2_Stream5_IRQHandler
                0x0800e5b4                DMA1_Stream5_IRQHandler
                0x0800e5b4                PVD_IRQHandler
                0x0800e5b4                SDIO_IRQHandler
                0x0800e5b4                TAMP_STAMP_IRQHandler
                0x0800e5b4                CAN2_RX1_IRQHandler
                0x0800e5b4                EXTI3_IRQHandler
                0x0800e5b4                TIM8_TRG_COM_TIM14_IRQHandler
                0x0800e5b4                TIM1_UP_TIM10_IRQHandler
                0x0800e5b4                TIM8_UP_TIM13_IRQHandler
                0x0800e5b4                I2C3_ER_IRQHandler
                0x0800e5b4                EXTI0_IRQHandler
                0x0800e5b4                I2C2_EV_IRQHandler
                0x0800e5b4                DMA1_Stream2_IRQHandler
                0x0800e5b4                CAN1_RX0_IRQHandler
                0x0800e5b4                FPU_IRQHandler
                0x0800e5b4                OTG_HS_WKUP_IRQHandler
                0x0800e5b4                CAN2_SCE_IRQHandler
                0x0800e5b4                SPI1_IRQHandler
                0x0800e5b4                TIM6_DAC_IRQHandler
                0x0800e5b4                TIM1_BRK_TIM9_IRQHandler
                0x0800e5b4                DCMI_IRQHandler
                0x0800e5b4                CAN2_RX0_IRQHandler
                0x0800e5b4                DMA2_Stream3_IRQHandler
                0x0800e5b4                USART6_IRQHandler
                0x0800e5b4                USART3_IRQHandler
                0x0800e5b4                CRYP_IRQHandler
                0x0800e5b4                CAN1_RX1_IRQHandler
                0x0800e5b4                UART5_IRQHandler
                0x0800e5b4                DMA2_Stream0_IRQHandler
                0x0800e5b4                TIM4_IRQHandler
                0x0800e5b4                I2C1_EV_IRQHandler
                0x0800e5b4                DMA1_Stream6_IRQHandler
                0x0800e5b4                DMA1_Stream1_IRQHandler
                0x0800e5b4                UART4_IRQHandler
                0x0800e5b4                TIM3_IRQHandler
                0x0800e5b4                RCC_IRQHandler
                0x0800e5b4                TIM8_BRK_TIM12_IRQHandler
                0x0800e5b4                Default_Handler
                0x0800e5b4                EXTI15_10_IRQHandler
                0x0800e5b4                ADC_IRQHandler
                0x0800e5b4                DMA1_Stream7_IRQHandler
                0x0800e5b4                TIM7_IRQHandler
                0x0800e5b4                CAN2_TX_IRQHandler
                0x0800e5b4                TIM5_IRQHandler
                0x0800e5b4                DMA2_Stream7_IRQHandler
                0x0800e5b4                I2C3_EV_IRQHandler
                0x0800e5b4                EXTI9_5_IRQHandler
                0x0800e5b4                RTC_WKUP_IRQHandler
                0x0800e5b4                ETH_WKUP_IRQHandler
                0x0800e5b4                SPI2_IRQHandler
                0x0800e5b4                OTG_HS_EP1_IN_IRQHandler
                0x0800e5b4                DMA1_Stream0_IRQHandler
                0x0800e5b4                CAN1_TX_IRQHandler
                0x0800e5b4                EXTI4_IRQHandler
                0x0800e5b4                FSMC_IRQHandler
                0x0800e5b4                ETH_IRQHandler
                0x0800e5b4                OTG_HS_EP1_OUT_IRQHandler
                0x0800e5b4                WWDG_IRQHandler
                0x0800e5b4                OTG_FS_WKUP_IRQHandler
                0x0800e5b4                TIM1_TRG_COM_TIM11_IRQHandler
                0x0800e5b4                OTG_HS_IRQHandler
                0x0800e5b4                EXTI1_IRQHandler
                0x0800e5b4                USART2_IRQHandler
                0x0800e5b4                I2C2_ER_IRQHandler
                0x0800e5b4                DMA2_Stream1_IRQHandler
                0x0800e5b4                CAN1_SCE_IRQHandler
                0x0800e5b4                FLASH_IRQHandler
                0x0800e5b4                DMA2_Stream4_IRQHandler
                0x0800e5b4                OTG_FS_IRQHandler
                0x0800e5b4                SPI3_IRQHandler
                0x0800e5b4                DMA1_Stream4_IRQHandler
                0x0800e5b4                I2C1_ER_IRQHandler
                0x0800e5b4                DMA2_Stream6_IRQHandler
                0x0800e5b4                DMA1_Stream3_IRQHandler
 .text.NMI_Handler
                0x0800e5b6        0xe src\stm32f4xx_it.o
                0x0800e5b6                NMI_Handler
 .text.HardFault_Handler
                0x0800e5c4        0x6 src\stm32f4xx_it.o
                0x0800e5c4                HardFault_Handler
 .text.MemManage_Handler
                0x0800e5ca        0x6 src\stm32f4xx_it.o
                0x0800e5ca                MemManage_Handler
 .text.BusFault_Handler
                0x0800e5d0        0x6 src\stm32f4xx_it.o
                0x0800e5d0                BusFault_Handler
 .text.UsageFault_Handler
                0x0800e5d6        0x6 src\stm32f4xx_it.o
                0x0800e5d6                UsageFault_Handler
 .text.SVC_Handler
                0x0800e5dc        0xe src\stm32f4xx_it.o
                0x0800e5dc                SVC_Handler
 .text.DebugMon_Handler
                0x0800e5ea        0xe src\stm32f4xx_it.o
                0x0800e5ea                DebugMon_Handler
 .text.PendSV_Handler
                0x0800e5f8        0xe src\stm32f4xx_it.o
                0x0800e5f8                PendSV_Handler
 .text.SysTick_Handler
                0x0800e606        0xe src\stm32f4xx_it.o
                0x0800e606                SysTick_Handler
 .text._getpid  0x0800e614       0x1c src\syscalls.o
                0x0800e614                _getpid
 .text._kill    0x0800e630       0x24 src\syscalls.o
                0x0800e630                _kill
 .text._exit    0x0800e654        0xa src\syscalls.o
                0x0800e654                _exit
 *fill*         0x0800e65e        0x2 
 .text._write   0x0800e660       0x28 src\syscalls.o
                0x0800e660                _write
 .text._sbrk    0x0800e688       0x40 src\syscalls.o
                0x0800e688                _sbrk
 .text._close   0x0800e6c8       0x24 src\syscalls.o
                0x0800e6c8                _close
 .text._lseek   0x0800e6ec       0x28 src\syscalls.o
                0x0800e6ec                _lseek
 .text._read    0x0800e714       0x28 src\syscalls.o
                0x0800e714                _read
 .text.SystemInit
                0x0800e73c       0x6c src\system_stm32f4xx.o
                0x0800e73c                SystemInit
 .text.SetSysClock
                0x0800e7a8       0xec src\system_stm32f4xx.o
 .text.ts_itoa  0x0800e894       0x92 src\tiny_printf.o
                0x0800e894                ts_itoa
 .text.ts_formatstring
                0x0800e926      0x12e src\tiny_printf.o
                0x0800e926                ts_formatstring
 .text.ts_formatlength
                0x0800ea54      0x12c src\tiny_printf.o
                0x0800ea54                ts_formatlength
 .text.iprintf  0x0800eb80       0x92 src\tiny_printf.o
                0x0800eb80                iprintf
                0x0800eb80                printf
 .text.abort    0x0800ec12        0xe c:/program files (x86)/atollic/truestudio for stm32 9.3.0/armtools/bin/../lib/gcc/arm-atollic-eabi/6.3.1/../../../../arm-atollic-eabi/lib/armv7e-m/fpu\libc_nano.a(lib_a-abort.o)
                0x0800ec12                abort
 .text.__sflush_r
                0x0800ec20      0x110 c:/program files (x86)/atollic/truestudio for stm32 9.3.0/armtools/bin/../lib/gcc/arm-atollic-eabi/6.3.1/../../../../arm-atollic-eabi/lib/armv7e-m/fpu\libc_nano.a(lib_a-fflush.o)
                0x0800ec20                __sflush_r
 .text._fflush_r
                0x0800ed30       0x54 c:/program files (x86)/atollic/truestudio for stm32 9.3.0/armtools/bin/../lib/gcc/arm-atollic-eabi/6.3.1/../../../../arm-atollic-eabi/lib/armv7e-m/fpu\libc_nano.a(lib_a-fflush.o)
                0x0800ed30                _fflush_r
 .text.fflush   0x0800ed84       0x24 c:/program files (x86)/atollic/truestudio for stm32 9.3.0/armtools/bin/../lib/gcc/arm-atollic-eabi/6.3.1/../../../../arm-atollic-eabi/lib/armv7e-m/fpu\libc_nano.a(lib_a-fflush.o)
                0x0800ed84                fflush
 .text._cleanup_r
                0x0800eda8        0xc c:/program files (x86)/atollic/truestudio for stm32 9.3.0/armtools/bin/../lib/gcc/arm-atollic-eabi/6.3.1/../../../../arm-atollic-eabi/lib/armv7e-m/fpu\libc_nano.a(lib_a-findfp.o)
                0x0800eda8                _cleanup_r
 .text.std.isra.0
                0x0800edb4       0x48 c:/program files (x86)/atollic/truestudio for stm32 9.3.0/armtools/bin/../lib/gcc/arm-atollic-eabi/6.3.1/../../../../arm-atollic-eabi/lib/armv7e-m/fpu\libc_nano.a(lib_a-findfp.o)
 .text.__sfmoreglue
                0x0800edfc       0x2c c:/program files (x86)/atollic/truestudio for stm32 9.3.0/armtools/bin/../lib/gcc/arm-atollic-eabi/6.3.1/../../../../arm-atollic-eabi/lib/armv7e-m/fpu\libc_nano.a(lib_a-findfp.o)
                0x0800edfc                __sfmoreglue
 .text.__sinit  0x0800ee28       0x60 c:/program files (x86)/atollic/truestudio for stm32 9.3.0/armtools/bin/../lib/gcc/arm-atollic-eabi/6.3.1/../../../../arm-atollic-eabi/lib/armv7e-m/fpu\libc_nano.a(lib_a-findfp.o)
                0x0800ee28                __sinit
 .text.__sfp    0x0800ee88       0x78 c:/program files (x86)/atollic/truestudio for stm32 9.3.0/armtools/bin/../lib/gcc/arm-atollic-eabi/6.3.1/../../../../arm-atollic-eabi/lib/armv7e-m/fpu\libc_nano.a(lib_a-findfp.o)
                0x0800ee88                __sfp
 .text._fwalk_reent
                0x0800ef00       0x3c c:/program files (x86)/atollic/truestudio for stm32 9.3.0/armtools/bin/../lib/gcc/arm-atollic-eabi/6.3.1/../../../../arm-atollic-eabi/lib/armv7e-m/fpu\libc_nano.a(lib_a-fwalk.o)
                0x0800ef00                _fwalk_reent
 .text.__libc_init_array
                0x0800ef3c       0x48 c:/program files (x86)/atollic/truestudio for stm32 9.3.0/armtools/bin/../lib/gcc/arm-atollic-eabi/6.3.1/../../../../arm-atollic-eabi/lib/armv7e-m/fpu\libc_nano.a(lib_a-init.o)
                0x0800ef3c                __libc_init_array
 .text.memcpy   0x0800ef84       0x16 c:/program files (x86)/atollic/truestudio for stm32 9.3.0/armtools/bin/../lib/gcc/arm-atollic-eabi/6.3.1/../../../../arm-atollic-eabi/lib/armv7e-m/fpu\libc_nano.a(lib_a-memcpy-stub.o)
                0x0800ef84                memcpy
 .text.memmove  0x0800ef9a       0x34 c:/program files (x86)/atollic/truestudio for stm32 9.3.0/armtools/bin/../lib/gcc/arm-atollic-eabi/6.3.1/../../../../arm-atollic-eabi/lib/armv7e-m/fpu\libc_nano.a(lib_a-memmove.o)
                0x0800ef9a                memmove
 .text.memset   0x0800efce       0x10 c:/program files (x86)/atollic/truestudio for stm32 9.3.0/armtools/bin/../lib/gcc/arm-atollic-eabi/6.3.1/../../../../arm-atollic-eabi/lib/armv7e-m/fpu\libc_nano.a(lib_a-memset.o)
                0x0800efce                memset
 *fill*         0x0800efde        0x2 
 .text._free_r  0x0800efe0       0x9c c:/program files (x86)/atollic/truestudio for stm32 9.3.0/armtools/bin/../lib/gcc/arm-atollic-eabi/6.3.1/../../../../arm-atollic-eabi/lib/armv7e-m/fpu\libc_nano.a(lib_a-nano-freer.o)
                0x0800efe0                _free_r
 .text._malloc_r
                0x0800f07c       0xbc c:/program files (x86)/atollic/truestudio for stm32 9.3.0/armtools/bin/../lib/gcc/arm-atollic-eabi/6.3.1/../../../../arm-atollic-eabi/lib/armv7e-m/fpu\libc_nano.a(lib_a-nano-mallocr.o)
                0x0800f07c                _malloc_r
 .text._sbrk_r  0x0800f138       0x20 c:/program files (x86)/atollic/truestudio for stm32 9.3.0/armtools/bin/../lib/gcc/arm-atollic-eabi/6.3.1/../../../../arm-atollic-eabi/lib/armv7e-m/fpu\libc_nano.a(lib_a-sbrkr.o)
                0x0800f138                _sbrk_r
 .text._raise_r
                0x0800f158       0x50 c:/program files (x86)/atollic/truestudio for stm32 9.3.0/armtools/bin/../lib/gcc/arm-atollic-eabi/6.3.1/../../../../arm-atollic-eabi/lib/armv7e-m/fpu\libc_nano.a(lib_a-signal.o)
                0x0800f158                _raise_r
 .text.raise    0x0800f1a8       0x10 c:/program files (x86)/atollic/truestudio for stm32 9.3.0/armtools/bin/../lib/gcc/arm-atollic-eabi/6.3.1/../../../../arm-atollic-eabi/lib/armv7e-m/fpu\libc_nano.a(lib_a-signal.o)
                0x0800f1a8                raise
 .text._kill_r  0x0800f1b8       0x24 c:/program files (x86)/atollic/truestudio for stm32 9.3.0/armtools/bin/../lib/gcc/arm-atollic-eabi/6.3.1/../../../../arm-atollic-eabi/lib/armv7e-m/fpu\libc_nano.a(lib_a-signalr.o)
                0x0800f1b8                _kill_r
 .text._getpid_r
                0x0800f1dc        0x4 c:/program files (x86)/atollic/truestudio for stm32 9.3.0/armtools/bin/../lib/gcc/arm-atollic-eabi/6.3.1/../../../../arm-atollic-eabi/lib/armv7e-m/fpu\libc_nano.a(lib_a-signalr.o)
                0x0800f1dc                _getpid_r
 .text.snprintf
                0x0800f1e0       0x68 c:/program files (x86)/atollic/truestudio for stm32 9.3.0/armtools/bin/../lib/gcc/arm-atollic-eabi/6.3.1/../../../../arm-atollic-eabi/lib/armv7e-m/fpu\libc_nano.a(lib_a-snprintf.o)
                0x0800f1e0                sniprintf
                0x0800f1e0                snprintf
 .text.__sread  0x0800f248       0x22 c:/program files (x86)/atollic/truestudio for stm32 9.3.0/armtools/bin/../lib/gcc/arm-atollic-eabi/6.3.1/../../../../arm-atollic-eabi/lib/armv7e-m/fpu\libc_nano.a(lib_a-stdio.o)
                0x0800f248                __sread
 .text.__swrite
                0x0800f26a       0x38 c:/program files (x86)/atollic/truestudio for stm32 9.3.0/armtools/bin/../lib/gcc/arm-atollic-eabi/6.3.1/../../../../arm-atollic-eabi/lib/armv7e-m/fpu\libc_nano.a(lib_a-stdio.o)
                0x0800f26a                __swrite
 .text.__sseek  0x0800f2a2       0x24 c:/program files (x86)/atollic/truestudio for stm32 9.3.0/armtools/bin/../lib/gcc/arm-atollic-eabi/6.3.1/../../../../arm-atollic-eabi/lib/armv7e-m/fpu\libc_nano.a(lib_a-stdio.o)
                0x0800f2a2                __sseek
 .text.__sclose
                0x0800f2c6        0x8 c:/program files (x86)/atollic/truestudio for stm32 9.3.0/armtools/bin/../lib/gcc/arm-atollic-eabi/6.3.1/../../../../arm-atollic-eabi/lib/armv7e-m/fpu\libc_nano.a(lib_a-stdio.o)
                0x0800f2c6                __sclose
 .text.strncpy  0x0800f2ce       0x2a c:/program files (x86)/atollic/truestudio for stm32 9.3.0/armtools/bin/../lib/gcc/arm-atollic-eabi/6.3.1/../../../../arm-atollic-eabi/lib/armv7e-m/fpu\libc_nano.a(lib_a-strncpy.o)
                0x0800f2ce                strncpy
 .text.strstr   0x0800f2f8       0x36 c:/program files (x86)/atollic/truestudio for stm32 9.3.0/armtools/bin/../lib/gcc/arm-atollic-eabi/6.3.1/../../../../arm-atollic-eabi/lib/armv7e-m/fpu\libc_nano.a(lib_a-strstr.o)
                0x0800f2f8                strstr
 *fill*         0x0800f32e        0x2 
 .text._write_r
                0x0800f330       0x24 c:/program files (x86)/atollic/truestudio for stm32 9.3.0/armtools/bin/../lib/gcc/arm-atollic-eabi/6.3.1/../../../../arm-atollic-eabi/lib/armv7e-m/fpu\libc_nano.a(lib_a-writer.o)
                0x0800f330                _write_r
 .text._close_r
                0x0800f354       0x20 c:/program files (x86)/atollic/truestudio for stm32 9.3.0/armtools/bin/../lib/gcc/arm-atollic-eabi/6.3.1/../../../../arm-atollic-eabi/lib/armv7e-m/fpu\libc_nano.a(lib_a-closer.o)
                0x0800f354                _close_r
 .text._lseek_r
                0x0800f374       0x24 c:/program files (x86)/atollic/truestudio for stm32 9.3.0/armtools/bin/../lib/gcc/arm-atollic-eabi/6.3.1/../../../../arm-atollic-eabi/lib/armv7e-m/fpu\libc_nano.a(lib_a-lseekr.o)
                0x0800f374                _lseek_r
 .text.__malloc_lock
                0x0800f398        0x2 c:/program files (x86)/atollic/truestudio for stm32 9.3.0/armtools/bin/../lib/gcc/arm-atollic-eabi/6.3.1/../../../../arm-atollic-eabi/lib/armv7e-m/fpu\libc_nano.a(lib_a-mlock.o)
                0x0800f398                __malloc_lock
 .text.__malloc_unlock
                0x0800f39a        0x2 c:/program files (x86)/atollic/truestudio for stm32 9.3.0/armtools/bin/../lib/gcc/arm-atollic-eabi/6.3.1/../../../../arm-atollic-eabi/lib/armv7e-m/fpu\libc_nano.a(lib_a-mlock.o)
                0x0800f39a                __malloc_unlock
 .text.__ssputs_r
                0x0800f39c       0xb6 c:/program files (x86)/atollic/truestudio for stm32 9.3.0/armtools/bin/../lib/gcc/arm-atollic-eabi/6.3.1/../../../../arm-atollic-eabi/lib/armv7e-m/fpu\libc_nano.a(lib_a-nano-svfprintf.o)
                0x0800f39c                __ssputs_r
 *fill*         0x0800f452        0x2 
 .text._svfprintf_r
                0x0800f454      0x1e8 c:/program files (x86)/atollic/truestudio for stm32 9.3.0/armtools/bin/../lib/gcc/arm-atollic-eabi/6.3.1/../../../../arm-atollic-eabi/lib/armv7e-m/fpu\libc_nano.a(lib_a-nano-svfprintf.o)
                0x0800f454                _svfiprintf_r
                0x0800f454                _svfprintf_r
 .text._printf_common
                0x0800f63c       0xec c:/program files (x86)/atollic/truestudio for stm32 9.3.0/armtools/bin/../lib/gcc/arm-atollic-eabi/6.3.1/../../../../arm-atollic-eabi/lib/armv7e-m/fpu\libc_nano.a(lib_a-nano-vfprintf_i.o)
                0x0800f63c                _printf_common
 .text._printf_i
                0x0800f728      0x240 c:/program files (x86)/atollic/truestudio for stm32 9.3.0/armtools/bin/../lib/gcc/arm-atollic-eabi/6.3.1/../../../../arm-atollic-eabi/lib/armv7e-m/fpu\libc_nano.a(lib_a-nano-vfprintf_i.o)
                0x0800f728                _printf_i
 .text._read_r  0x0800f968       0x24 c:/program files (x86)/atollic/truestudio for stm32 9.3.0/armtools/bin/../lib/gcc/arm-atollic-eabi/6.3.1/../../../../arm-atollic-eabi/lib/armv7e-m/fpu\libc_nano.a(lib_a-readr.o)
                0x0800f968                _read_r
 .text._realloc_r
                0x0800f98c       0x4c c:/program files (x86)/atollic/truestudio for stm32 9.3.0/armtools/bin/../lib/gcc/arm-atollic-eabi/6.3.1/../../../../arm-atollic-eabi/lib/armv7e-m/fpu\libc_nano.a(lib_a-nano-reallocr.o)
                0x0800f98c                _realloc_r
 .text._malloc_usable_size_r
                0x0800f9d8       0x12 c:/program files (x86)/atollic/truestudio for stm32 9.3.0/armtools/bin/../lib/gcc/arm-atollic-eabi/6.3.1/../../../../arm-atollic-eabi/lib/armv7e-m/fpu\libc_nano.a(lib_a-nano-msizer.o)
                0x0800f9d8                _malloc_usable_size_r
 *(.glue_7)
 .glue_7        0x0800f9ea        0x0 linker stubs
 *(.glue_7t)
 .glue_7t       0x0800f9ea        0x0 linker stubs
 *(.eh_frame)
 *fill*         0x0800f9ea        0x2 
 .eh_frame      0x0800f9ec        0x0 c:/program files (x86)/atollic/truestudio for stm32 9.3.0/armtools/bin/../lib/gcc/arm-atollic-eabi/6.3.1/armv7e-m/fpu/crtbegin.o
 *(.init)
 .init          0x0800f9ec        0x4 c:/program files (x86)/atollic/truestudio for stm32 9.3.0/armtools/bin/../lib/gcc/arm-atollic-eabi/6.3.1/armv7e-m/fpu/crti.o
                0x0800f9ec                _init
 .init          0x0800f9f0        0x8 c:/program files (x86)/atollic/truestudio for stm32 9.3.0/armtools/bin/../lib/gcc/arm-atollic-eabi/6.3.1/armv7e-m/fpu/crtn.o
 *(.fini)
 .fini          0x0800f9f8        0x4 c:/program files (x86)/atollic/truestudio for stm32 9.3.0/armtools/bin/../lib/gcc/arm-atollic-eabi/6.3.1/armv7e-m/fpu/crti.o
                0x0800f9f8                _fini
 .fini          0x0800f9fc        0x8 c:/program files (x86)/atollic/truestudio for stm32 9.3.0/armtools/bin/../lib/gcc/arm-atollic-eabi/6.3.1/armv7e-m/fpu/crtn.o
                0x0800fa04                . = ALIGN (0x4)
                0x0800fa04                _etext = .

.vfp11_veneer   0x0800fa04        0x0
 .vfp11_veneer  0x0800fa04        0x0 linker stubs

.v4_bx          0x0800fa04        0x0
 .v4_bx         0x0800fa04        0x0 linker stubs

.iplt           0x0800fa04        0x0
 .iplt          0x0800fa04        0x0 c:/program files (x86)/atollic/truestudio for stm32 9.3.0/armtools/bin/../lib/gcc/arm-atollic-eabi/6.3.1/armv7e-m/fpu/crtbegin.o

.rodata         0x0800fa04     0x2a70
                0x0800fa04                . = ALIGN (0x4)
 *(.rodata)
 .rodata        0x0800fa04       0x21 src\gsm\gsm.o
 *fill*         0x0800fa25        0x3 
 .rodata        0x0800fa28      0x160 src\gsm\gsm_commands.o
 .rodata        0x0800fb88       0x64 src\gsm\gsm_parser.o
 .rodata        0x0800fbec        0xf src\main.o
 *fill*         0x0800fbfb        0x1 
 .rodata        0x0800fbfc       0xe0 src\ppp_net\src\core\ipv4\icmp.o
 .rodata        0x0800fcdc       0x85 src\ppp_net\src\core\ipv4\ip4.o
 *fill*         0x0800fd61        0x3 
 .rodata        0x0800fd64      0x1f0 src\ppp_net\src\core\mem.o
 .rodata        0x0800ff54      0x10f src\ppp_net\src\core\memp.o
 *fill*         0x08010063        0x1 
 .rodata        0x08010064      0x21b src\ppp_net\src\core\netif.o
 *fill*         0x0801027f        0x1 
 .rodata        0x08010280      0x499 src\ppp_net\src\core\pbuf.o
 *fill*         0x08010719        0x3 
 .rodata        0x0801071c      0x7cc src\ppp_net\src\core\tcp.o
 .rodata        0x08010ee8      0x46a src\ppp_net\src\core\tcp_in.o
 *fill*         0x08011352        0x2 
 .rodata        0x08011354      0x883 src\ppp_net\src\core\tcp_out.o
 *fill*         0x08011bd7        0x1 
 .rodata        0x08011bd8       0xd6 src\ppp_net\src\core\timeouts.o
 *fill*         0x08011cae        0x2 
 .rodata        0x08011cb0       0x60 src\ppp_net\src\netif\ppp\auth.o
 .rodata        0x08011d10       0x78 src\ppp_net\src\netif\ppp\fsm.o
 .rodata        0x08011d88       0x87 src\ppp_net\src\netif\ppp\ipcp.o
 *fill*         0x08011e0f        0x1 
 .rodata        0x08011e10       0x2c src\ppp_net\src\netif\ppp\lcp.o
 .rodata        0x08011e3c      0x10b src\ppp_net\src\netif\ppp\ppp.o
 *(.rodata*)
 *fill*         0x08011f47        0x1 
 .rodata.gsm_commands
                0x08011f48       0xb0 src\gsm\gsm_commands.o
                0x08011f48                gsm_commands
 .rodata.gsm_commands_count
                0x08011ff8        0x4 src\gsm\gsm_commands.o
                0x08011ff8                gsm_commands_count
 .rodata.ip_addr_any
                0x08011ffc        0x4 src\ppp_net\src\core\ipv4\ip4_addr.o
                0x08011ffc                ip_addr_any
 .rodata.ip_addr_broadcast
                0x08012000        0x4 src\ppp_net\src\core\ipv4\ip4_addr.o
                0x08012000                ip_addr_broadcast
 .rodata.memp_TCP_PCB
                0x08012004       0x10 src\ppp_net\src\core\memp.o
                0x08012004                memp_TCP_PCB
 .rodata.memp_TCP_PCB_LISTEN
                0x08012014       0x10 src\ppp_net\src\core\memp.o
                0x08012014                memp_TCP_PCB_LISTEN
 .rodata.memp_TCP_SEG
                0x08012024       0x10 src\ppp_net\src\core\memp.o
                0x08012024                memp_TCP_SEG
 .rodata.memp_NETBUF
                0x08012034       0x10 src\ppp_net\src\core\memp.o
                0x08012034                memp_NETBUF
 .rodata.memp_NETCONN
                0x08012044       0x10 src\ppp_net\src\core\memp.o
                0x08012044                memp_NETCONN
 .rodata.memp_TCPIP_MSG_API
                0x08012054       0x10 src\ppp_net\src\core\memp.o
                0x08012054                memp_TCPIP_MSG_API
 .rodata.memp_TCPIP_MSG_INPKT
                0x08012064       0x10 src\ppp_net\src\core\memp.o
                0x08012064                memp_TCPIP_MSG_INPKT
 .rodata.memp_SYS_TIMEOUT
                0x08012074       0x10 src\ppp_net\src\core\memp.o
                0x08012074                memp_SYS_TIMEOUT
 .rodata.memp_PBUF
                0x08012084       0x10 src\ppp_net\src\core\memp.o
                0x08012084                memp_PBUF
 .rodata.memp_PBUF_POOL
                0x08012094       0x10 src\ppp_net\src\core\memp.o
                0x08012094                memp_PBUF_POOL
 .rodata.memp_pools
                0x080120a4       0x28 src\ppp_net\src\core\memp.o
                0x080120a4                memp_pools
 .rodata.tcp_backoff
                0x080120cc        0xd src\ppp_net\src\core\tcp.o
 *fill*         0x080120d9        0x3 
 .rodata.tcp_persist_backoff
                0x080120dc        0x7 src\ppp_net\src\core\tcp.o
 *fill*         0x080120e3        0x1 
 .rodata.tcp_pcb_lists
                0x080120e4       0x10 src\ppp_net\src\core\tcp.o
                0x080120e4                tcp_pcb_lists
 .rodata.ipcp_callbacks
                0x080120f4       0x3c src\ppp_net\src\netif\ppp\ipcp.o
 .rodata.ipcp_protent
                0x08012130       0x20 src\ppp_net\src\netif\ppp\ipcp.o
                0x08012130                ipcp_protent
 .rodata.lcp_callbacks
                0x08012150       0x3c src\ppp_net\src\netif\ppp\lcp.o
 .rodata.lcp_protent
                0x0801218c       0x20 src\ppp_net\src\netif\ppp\lcp.o
                0x0801218c                lcp_protent
 .rodata.protocols
                0x080121ac       0x10 src\ppp_net\src\netif\ppp\ppp.o
                0x080121ac                protocols
 .rodata.fcstab
                0x080121bc      0x200 src\ppp_net\src\netif\ppp\pppos.o
 .rodata.pap_protent
                0x080123bc       0x20 src\ppp_net\src\netif\ppp\upap.o
                0x080123bc                pap_protent
 .rodata.__sf_fake_stderr
                0x080123dc       0x20 c:/program files (x86)/atollic/truestudio for stm32 9.3.0/armtools/bin/../lib/gcc/arm-atollic-eabi/6.3.1/../../../../arm-atollic-eabi/lib/armv7e-m/fpu\libc_nano.a(lib_a-findfp.o)
                0x080123dc                __sf_fake_stderr
 .rodata.__sf_fake_stdin
                0x080123fc       0x20 c:/program files (x86)/atollic/truestudio for stm32 9.3.0/armtools/bin/../lib/gcc/arm-atollic-eabi/6.3.1/../../../../arm-atollic-eabi/lib/armv7e-m/fpu\libc_nano.a(lib_a-findfp.o)
                0x080123fc                __sf_fake_stdin
 .rodata.__sf_fake_stdout
                0x0801241c       0x20 c:/program files (x86)/atollic/truestudio for stm32 9.3.0/armtools/bin/../lib/gcc/arm-atollic-eabi/6.3.1/../../../../arm-atollic-eabi/lib/armv7e-m/fpu\libc_nano.a(lib_a-findfp.o)
                0x0801241c                __sf_fake_stdout
 .rodata._global_impure_ptr
                0x0801243c        0x4 c:/program files (x86)/atollic/truestudio for stm32 9.3.0/armtools/bin/../lib/gcc/arm-atollic-eabi/6.3.1/../../../../arm-atollic-eabi/lib/armv7e-m/fpu\libc_nano.a(lib_a-impure.o)
                0x0801243c                _global_impure_ptr
 .rodata._svfprintf_r.str1.1
                0x08012440       0x11 c:/program files (x86)/atollic/truestudio for stm32 9.3.0/armtools/bin/../lib/gcc/arm-atollic-eabi/6.3.1/../../../../arm-atollic-eabi/lib/armv7e-m/fpu\libc_nano.a(lib_a-nano-svfprintf.o)
 .rodata._printf_i.str1.1
                0x08012451       0x22 c:/program files (x86)/atollic/truestudio for stm32 9.3.0/armtools/bin/../lib/gcc/arm-atollic-eabi/6.3.1/../../../../arm-atollic-eabi/lib/armv7e-m/fpu\libc_nano.a(lib_a-nano-vfprintf_i.o)
                0x08012474                . = ALIGN (0x4)
 *fill*         0x08012473        0x1 

.rel.dyn        0x08012474        0x0
 .rel.iplt      0x08012474        0x0 c:/program files (x86)/atollic/truestudio for stm32 9.3.0/armtools/bin/../lib/gcc/arm-atollic-eabi/6.3.1/armv7e-m/fpu/crtbegin.o

.ARM.extab
 *(.ARM.extab* .gnu.linkonce.armextab.*)

.ARM            0x08012474        0x0
                0x08012474                __exidx_start = .
 *(.ARM.exidx*)
                0x08012474                __exidx_end = .

.preinit_array  0x08012474        0x0
                0x08012474                PROVIDE (__preinit_array_start, .)
 *(.preinit_array*)
                0x08012474                PROVIDE (__preinit_array_end, .)

.init_array     0x08012474        0x4
                0x08012474                PROVIDE (__init_array_start, .)
 *(SORT(.init_array.*))
 *(.init_array*)
 .init_array    0x08012474        0x4 c:/program files (x86)/atollic/truestudio for stm32 9.3.0/armtools/bin/../lib/gcc/arm-atollic-eabi/6.3.1/armv7e-m/fpu/crtbegin.o
                0x08012478                PROVIDE (__init_array_end, .)

.fini_array     0x08012478        0x4
                [!provide]                PROVIDE (__fini_array_start, .)
 *(SORT(.fini_array.*))
 *(.fini_array*)
 .fini_array    0x08012478        0x4 c:/program files (x86)/atollic/truestudio for stm32 9.3.0/armtools/bin/../lib/gcc/arm-atollic-eabi/6.3.1/armv7e-m/fpu/crtbegin.o
                [!provide]                PROVIDE (__fini_array_end, .)
                0x0801247c                _sidata = LOADADDR (.data)

.data           0x20000000       0x6c load address 0x0801247c
                0x20000000                . = ALIGN (0x4)
                0x20000000                _sdata = .
 *(.data)
 *(.data*)
 .data.seed.6275
                0x20000000        0x4 src\ppp_net\lwip_port.o
 .data.iss.8292
                0x20000004        0x4 src\ppp_net\src\core\tcp.o
 .data._impure_ptr
                0x20000008        0x4 c:/program files (x86)/atollic/truestudio for stm32 9.3.0/armtools/bin/../lib/gcc/arm-atollic-eabi/6.3.1/../../../../arm-atollic-eabi/lib/armv7e-m/fpu\libc_nano.a(lib_a-impure.o)
                0x20000008                _impure_ptr
 .data.impure_data
                0x2000000c       0x60 c:/program files (x86)/atollic/truestudio for stm32 9.3.0/armtools/bin/../lib/gcc/arm-atollic-eabi/6.3.1/../../../../arm-atollic-eabi/lib/armv7e-m/fpu\libc_nano.a(lib_a-impure.o)
                0x2000006c                . = ALIGN (0x4)
                0x2000006c                _edata = .
                0x080124e8                _siccmram = LOADADDR (.ccmram)

.igot.plt       0x2000006c        0x0 load address 0x080124e8
 .igot.plt      0x2000006c        0x0 c:/program files (x86)/atollic/truestudio for stm32 9.3.0/armtools/bin/../lib/gcc/arm-atollic-eabi/6.3.1/armv7e-m/fpu/crtbegin.o

.ccmram         0x10000000        0x0 load address 0x080124e8
                0x10000000                . = ALIGN (0x4)
                0x10000000                _sccmram = .
 *(.ccmram)
 *(.ccmram*)
                0x10000000                . = ALIGN (0x4)
                0x10000000                _eccmram = .
                0x10000000                . = ALIGN (0x4)

.bss            0x2000006c     0x1064
                0x2000006c                _sbss = .
                0x2000006c                __bss_start__ = _sbss
 *(.bss)
 .bss           0x2000006c       0x1c c:/program files (x86)/atollic/truestudio for stm32 9.3.0/armtools/bin/../lib/gcc/arm-atollic-eabi/6.3.1/armv7e-m/fpu/crtbegin.o
 *(.bss*)
 .bss.current_command_index.9874
                0x20000088        0x4 src\gsm\gsm.o
 .bss.waiting_for_response.9877
                0x2000008c        0x1 src\gsm\gsm.o
 *fill*         0x2000008d        0x3 
 .bss.start_tick.9875
                0x20000090        0x4 src\gsm\gsm.o
 .bss.last_send_tick.9876
                0x20000094        0x4 src\gsm\gsm.o
 .bss.ppp_mode  0x20000098        0x1 src\gsm\gsm_state.o
                0x20000098                ppp_mode
 *fill*         0x20000099        0x3 
 .bss.timer2_tick
                0x2000009c        0x4 src\hardware\timer.o
 .bss.m_old_uart1_dma_rx_pos
                0x200000a0        0x4 src\hardware\uart.o
                0x200000a0                m_old_uart1_dma_rx_pos
 .bss.rx_line_ready
                0x200000a4        0x1 src\hardware\uart.o
                0x200000a4                rx_line_ready
 *fill*         0x200000a5        0x1 
 .bss.line_idx.11345
                0x200000a6        0x2 src\hardware\uart.o
 .bss.line_buf.11344
                0x200000a8       0x80 src\hardware\uart.o
 .bss.uart_line_queue
                0x20000128      0x400 src\hardware\uart_line_queue.o
 .bss.uart_line_queue_head
                0x20000528        0x1 src\hardware\uart_line_queue.o
 .bss.uart_line_queue_tail
                0x20000529        0x1 src\hardware\uart_line_queue.o
 .bss.uart_line_queue_count
                0x2000052a        0x1 src\hardware\uart_line_queue.o
 *fill*         0x2000052b        0x1 
 .bss.fake_tick.6268
                0x2000052c        0x4 src\ppp_net\lwip_port.o
 .bss.ppp       0x20000530        0x4 src\ppp_net\ppp_net.o
                0x20000530                ppp
 .bss.tcpip_mbox
                0x20000534        0x1 src\ppp_net\src\api\tcpip.o
 *fill*         0x20000535        0x1 
 .bss.ip_id     0x20000536        0x2 src\ppp_net\src\core\ipv4\ip4.o
 .bss.ram       0x20000538        0x4 src\ppp_net\src\core\mem.o
 .bss.ram_end   0x2000053c        0x4 src\ppp_net\src\core\mem.o
 .bss.mem_mutex
                0x20000540        0x1 src\ppp_net\src\core\mem.o
 *fill*         0x20000541        0x3 
 .bss.lfree     0x20000544        0x4 src\ppp_net\src\core\mem.o
 .bss.memp_tab_TCP_PCB
                0x20000548        0x4 src\ppp_net\src\core\memp.o
 .bss.memp_tab_TCP_PCB_LISTEN
                0x2000054c        0x4 src\ppp_net\src\core\memp.o
 .bss.memp_tab_TCP_SEG
                0x20000550        0x4 src\ppp_net\src\core\memp.o
 .bss.memp_tab_NETBUF
                0x20000554        0x4 src\ppp_net\src\core\memp.o
 .bss.memp_tab_NETCONN
                0x20000558        0x4 src\ppp_net\src\core\memp.o
 .bss.memp_tab_TCPIP_MSG_API
                0x2000055c        0x4 src\ppp_net\src\core\memp.o
 .bss.memp_tab_TCPIP_MSG_INPKT
                0x20000560        0x4 src\ppp_net\src\core\memp.o
 .bss.memp_tab_SYS_TIMEOUT
                0x20000564        0x4 src\ppp_net\src\core\memp.o
 .bss.memp_tab_PBUF
                0x20000568        0x4 src\ppp_net\src\core\memp.o
 .bss.memp_tab_PBUF_POOL
                0x2000056c        0x4 src\ppp_net\src\core\memp.o
 .bss.tcp_timer
                0x20000570        0x1 src\ppp_net\src\core\tcp.o
 .bss.tcp_timer_ctr
                0x20000571        0x1 src\ppp_net\src\core\tcp.o
 *fill*         0x20000572        0x2 
 .bss.inseg     0x20000574       0x14 src\ppp_net\src\core\tcp_in.o
 .bss.tcphdr    0x20000588        0x4 src\ppp_net\src\core\tcp_in.o
 .bss.tcphdr_optlen
                0x2000058c        0x2 src\ppp_net\src\core\tcp_in.o
 .bss.tcphdr_opt1len
                0x2000058e        0x2 src\ppp_net\src\core\tcp_in.o
 .bss.tcphdr_opt2
                0x20000590        0x4 src\ppp_net\src\core\tcp_in.o
 .bss.tcp_optidx
                0x20000594        0x2 src\ppp_net\src\core\tcp_in.o
 *fill*         0x20000596        0x2 
 .bss.seqno     0x20000598        0x4 src\ppp_net\src\core\tcp_in.o
 .bss.ackno     0x2000059c        0x4 src\ppp_net\src\core\tcp_in.o
 .bss.recv_acked
                0x200005a0        0x2 src\ppp_net\src\core\tcp_in.o
 .bss.tcplen    0x200005a2        0x2 src\ppp_net\src\core\tcp_in.o
 .bss.flags     0x200005a4        0x1 src\ppp_net\src\core\tcp_in.o
 .bss.recv_flags
                0x200005a5        0x1 src\ppp_net\src\core\tcp_in.o
 *fill*         0x200005a6        0x2 
 .bss.recv_data
                0x200005a8        0x4 src\ppp_net\src\core\tcp_in.o
 .bss.next_timeout
                0x200005ac        0x4 src\ppp_net\src\core\timeouts.o
 .bss.tcpip_tcp_timer_active
                0x200005b0        0x4 src\ppp_net\src\core\timeouts.o
 .bss.magic_randomseed
                0x200005b4        0x4 src\ppp_net\src\netif\ppp\magic.o
 .bss.heap_end.7007
                0x200005b8        0x4 src\syscalls.o
 .bss.__malloc_free_list
                0x200005bc        0x4 c:/program files (x86)/atollic/truestudio for stm32 9.3.0/armtools/bin/../lib/gcc/arm-atollic-eabi/6.3.1/../../../../arm-atollic-eabi/lib/armv7e-m/fpu\libc_nano.a(lib_a-nano-mallocr.o)
                0x200005bc                __malloc_free_list
 .bss.__malloc_sbrk_start
                0x200005c0        0x4 c:/program files (x86)/atollic/truestudio for stm32 9.3.0/armtools/bin/../lib/gcc/arm-atollic-eabi/6.3.1/../../../../arm-atollic-eabi/lib/armv7e-m/fpu\libc_nano.a(lib_a-nano-mallocr.o)
                0x200005c0                __malloc_sbrk_start
 *(COMMON)
 COMMON         0x200005c4      0x100 src\hardware\uart.o
                0x200005c4                m_uart1_rx_buffer
 COMMON         0x200006c4       0x18 src\ppp_net\src\core\ip.o
                0x200006c4                ip_data
 COMMON         0x200006dc      0x9c8 src\ppp_net\src\core\memp.o
                0x200006dc                memp_memory_NETBUF_base
                0x200006fc                memp_memory_TCPIP_MSG_INPKT_base
                0x2000077c                memp_memory_TCP_SEG_base
                0x2000081c                memp_memory_PBUF_POOL_base
                0x20000c5c                memp_memory_TCPIP_MSG_API_base
                0x20000cdc                memp_memory_PBUF_base
                0x20000ddc                memp_memory_TCP_PCB_LISTEN_base
                0x20000ebc                memp_memory_NETCONN_base
                0x20000f2c                memp_memory_TCP_PCB_base
                0x20001064                memp_memory_SYS_TIMEOUT_base
 COMMON         0x200010a4        0x8 src\ppp_net\src\core\netif.o
                0x200010a4                netif_list
                0x200010a8                netif_default
 COMMON         0x200010ac        0x1 src\ppp_net\src\core\pbuf.o
                0x200010ac                pbuf_free_ooseq_pending
 *fill*         0x200010ad        0x3 
 COMMON         0x200010b0       0x18 src\ppp_net\src\core\tcp.o
                0x200010b0                tcp_active_pcbs_changed
                0x200010b4                tcp_active_pcbs
                0x200010b8                tcp_ticks
                0x200010bc                tcp_listen_pcbs
                0x200010c0                tcp_bound_pcbs
                0x200010c4                tcp_tw_pcbs
 COMMON         0x200010c8        0x4 src\ppp_net\src\core\tcp_in.o
                0x200010c8                tcp_input_pcb
 COMMON         0x200010cc        0x4 c:/program files (x86)/atollic/truestudio for stm32 9.3.0/armtools/bin/../lib/gcc/arm-atollic-eabi/6.3.1/../../../../arm-atollic-eabi/lib/armv7e-m/fpu\libc_nano.a(lib_a-reent.o)
                0x200010cc                errno
                0x200010d0                . = ALIGN (0x4)
                0x200010d0                _ebss = .
                0x200010d0                __bss_end__ = _ebss

._user_heap_stack
                0x200010d0      0x200
                0x200010d0                . = ALIGN (0x4)
                0x200010d0                PROVIDE (end, .)
                [!provide]                PROVIDE (_end, .)
                0x200010d0                . = (. + _Min_Heap_Size)
                0x200012d0                . = (. + _Min_Stack_Size)
 *fill*         0x200010d0      0x200 
                0x200012d0                . = ALIGN (0x4)

.memory_b1_text
 *(.mb1text)
 *(.mb1text*)
 *(.mb1rodata)
 *(.mb1rodata*)

/DISCARD/
 libc.a(*)
 libm.a(*)
 libgcc.a(*)

.ARM.attributes
                0x00000000       0x30
 *(.ARM.attributes)
 .ARM.attributes
                0x00000000       0x22 c:/program files (x86)/atollic/truestudio for stm32 9.3.0/armtools/bin/../lib/gcc/arm-atollic-eabi/6.3.1/armv7e-m/fpu/crti.o
 .ARM.attributes
                0x00000022       0x34 c:/program files (x86)/atollic/truestudio for stm32 9.3.0/armtools/bin/../lib/gcc/arm-atollic-eabi/6.3.1/armv7e-m/fpu/crtbegin.o
 .ARM.attributes
                0x00000056       0x39 src\gsm\gsm.o
 .ARM.attributes
                0x0000008f       0x39 src\gsm\gsm_commands.o
 .ARM.attributes
                0x000000c8       0x39 src\gsm\gsm_parser.o
 .ARM.attributes
                0x00000101       0x39 src\gsm\gsm_state.o
 .ARM.attributes
                0x0000013a       0x39 src\hardware\button.o
 .ARM.attributes
                0x00000173       0x39 src\hardware\hardware.o
 .ARM.attributes
                0x000001ac       0x39 src\hardware\led.o
 .ARM.attributes
                0x000001e5       0x39 src\hardware\timer.o
 .ARM.attributes
                0x0000021e       0x39 src\hardware\uart.o
 .ARM.attributes
                0x00000257       0x39 src\hardware\uart_line_queue.o
 .ARM.attributes
                0x00000290       0x39 src\main.o
 .ARM.attributes
                0x000002c9       0x39 src\ppp_net\arch\sys_arch.o
 .ARM.attributes
                0x00000302       0x39 src\ppp_net\lwip_port.o
 .ARM.attributes
                0x0000033b       0x39 src\ppp_net\ppp_net.o
 .ARM.attributes
                0x00000374       0x39 src\ppp_net\src\api\tcpip.o
 .ARM.attributes
                0x000003ad       0x39 src\ppp_net\src\core\def.o
 .ARM.attributes
                0x000003e6       0x39 src\ppp_net\src\core\inet_chksum.o
 .ARM.attributes
                0x0000041f       0x39 src\ppp_net\src\core\ip.o
 .ARM.attributes
                0x00000458       0x39 src\ppp_net\src\core\ipv4\icmp.o
 .ARM.attributes
                0x00000491       0x39 src\ppp_net\src\core\ipv4\ip4.o
 .ARM.attributes
                0x000004ca       0x39 src\ppp_net\src\core\ipv4\ip4_addr.o
 .ARM.attributes
                0x00000503       0x39 src\ppp_net\src\core\mem.o
 .ARM.attributes
                0x0000053c       0x39 src\ppp_net\src\core\memp.o
 .ARM.attributes
                0x00000575       0x39 src\ppp_net\src\core\netif.o
 .ARM.attributes
                0x000005ae       0x39 src\ppp_net\src\core\pbuf.o
 .ARM.attributes
                0x000005e7       0x39 src\ppp_net\src\core\tcp.o
 .ARM.attributes
                0x00000620       0x39 src\ppp_net\src\core\tcp_in.o
 .ARM.attributes
                0x00000659       0x39 src\ppp_net\src\core\tcp_out.o
 .ARM.attributes
                0x00000692       0x39 src\ppp_net\src\core\timeouts.o
 .ARM.attributes
                0x000006cb       0x39 src\ppp_net\src\netif\ppp\auth.o
 .ARM.attributes
                0x00000704       0x39 src\ppp_net\src\netif\ppp\fsm.o
 .ARM.attributes
                0x0000073d       0x39 src\ppp_net\src\netif\ppp\ipcp.o
 .ARM.attributes
                0x00000776       0x39 src\ppp_net\src\netif\ppp\lcp.o
 .ARM.attributes
                0x000007af       0x39 src\ppp_net\src\netif\ppp\magic.o
 .ARM.attributes
                0x000007e8       0x39 src\ppp_net\src\netif\ppp\ppp.o
 .ARM.attributes
                0x00000821       0x39 src\ppp_net\src\netif\ppp\pppos.o
 .ARM.attributes
                0x0000085a       0x39 src\ppp_net\src\netif\ppp\upap.o
 .ARM.attributes
                0x00000893       0x21 src\startup_stm32f40xx.o
 .ARM.attributes
                0x000008b4       0x39 src\stm32f4xx_it.o
 .ARM.attributes
                0x000008ed       0x39 src\syscalls.o
 .ARM.attributes
                0x00000926       0x39 src\system_stm32f4xx.o
 .ARM.attributes
                0x0000095f       0x39 src\tiny_printf.o
 .ARM.attributes
                0x00000998       0x34 c:/program files (x86)/atollic/truestudio for stm32 9.3.0/armtools/bin/../lib/gcc/arm-atollic-eabi/6.3.1/../../../../arm-atollic-eabi/lib/armv7e-m/fpu\libc_nano.a(lib_a-abort.o)
 .ARM.attributes
                0x000009cc       0x34 c:/program files (x86)/atollic/truestudio for stm32 9.3.0/armtools/bin/../lib/gcc/arm-atollic-eabi/6.3.1/../../../../arm-atollic-eabi/lib/armv7e-m/fpu\libc_nano.a(lib_a-fflush.o)
 .ARM.attributes
                0x00000a00       0x34 c:/program files (x86)/atollic/truestudio for stm32 9.3.0/armtools/bin/../lib/gcc/arm-atollic-eabi/6.3.1/../../../../arm-atollic-eabi/lib/armv7e-m/fpu\libc_nano.a(lib_a-findfp.o)
 .ARM.attributes
                0x00000a34       0x34 c:/program files (x86)/atollic/truestudio for stm32 9.3.0/armtools/bin/../lib/gcc/arm-atollic-eabi/6.3.1/../../../../arm-atollic-eabi/lib/armv7e-m/fpu\libc_nano.a(lib_a-fwalk.o)
 .ARM.attributes
                0x00000a68       0x34 c:/program files (x86)/atollic/truestudio for stm32 9.3.0/armtools/bin/../lib/gcc/arm-atollic-eabi/6.3.1/../../../../arm-atollic-eabi/lib/armv7e-m/fpu\libc_nano.a(lib_a-impure.o)
 .ARM.attributes
                0x00000a9c       0x34 c:/program files (x86)/atollic/truestudio for stm32 9.3.0/armtools/bin/../lib/gcc/arm-atollic-eabi/6.3.1/../../../../arm-atollic-eabi/lib/armv7e-m/fpu\libc_nano.a(lib_a-init.o)
 .ARM.attributes
                0x00000ad0       0x34 c:/program files (x86)/atollic/truestudio for stm32 9.3.0/armtools/bin/../lib/gcc/arm-atollic-eabi/6.3.1/../../../../arm-atollic-eabi/lib/armv7e-m/fpu\libc_nano.a(lib_a-memcpy-stub.o)
 .ARM.attributes
                0x00000b04       0x34 c:/program files (x86)/atollic/truestudio for stm32 9.3.0/armtools/bin/../lib/gcc/arm-atollic-eabi/6.3.1/../../../../arm-atollic-eabi/lib/armv7e-m/fpu\libc_nano.a(lib_a-memmove.o)
 .ARM.attributes
                0x00000b38       0x34 c:/program files (x86)/atollic/truestudio for stm32 9.3.0/armtools/bin/../lib/gcc/arm-atollic-eabi/6.3.1/../../../../arm-atollic-eabi/lib/armv7e-m/fpu\libc_nano.a(lib_a-memset.o)
 .ARM.attributes
                0x00000b6c       0x34 c:/program files (x86)/atollic/truestudio for stm32 9.3.0/armtools/bin/../lib/gcc/arm-atollic-eabi/6.3.1/../../../../arm-atollic-eabi/lib/armv7e-m/fpu\libc_nano.a(lib_a-nano-freer.o)
 .ARM.attributes
                0x00000ba0       0x34 c:/program files (x86)/atollic/truestudio for stm32 9.3.0/armtools/bin/../lib/gcc/arm-atollic-eabi/6.3.1/../../../../arm-atollic-eabi/lib/armv7e-m/fpu\libc_nano.a(lib_a-nano-mallocr.o)
 .ARM.attributes
                0x00000bd4       0x34 c:/program files (x86)/atollic/truestudio for stm32 9.3.0/armtools/bin/../lib/gcc/arm-atollic-eabi/6.3.1/../../../../arm-atollic-eabi/lib/armv7e-m/fpu\libc_nano.a(lib_a-reent.o)
 .ARM.attributes
                0x00000c08       0x34 c:/program files (x86)/atollic/truestudio for stm32 9.3.0/armtools/bin/../lib/gcc/arm-atollic-eabi/6.3.1/../../../../arm-atollic-eabi/lib/armv7e-m/fpu\libc_nano.a(lib_a-sbrkr.o)
 .ARM.attributes
                0x00000c3c       0x34 c:/program files (x86)/atollic/truestudio for stm32 9.3.0/armtools/bin/../lib/gcc/arm-atollic-eabi/6.3.1/../../../../arm-atollic-eabi/lib/armv7e-m/fpu\libc_nano.a(lib_a-signal.o)
 .ARM.attributes
                0x00000c70       0x34 c:/program files (x86)/atollic/truestudio for stm32 9.3.0/armtools/bin/../lib/gcc/arm-atollic-eabi/6.3.1/../../../../arm-atollic-eabi/lib/armv7e-m/fpu\libc_nano.a(lib_a-signalr.o)
 .ARM.attributes
                0x00000ca4       0x34 c:/program files (x86)/atollic/truestudio for stm32 9.3.0/armtools/bin/../lib/gcc/arm-atollic-eabi/6.3.1/../../../../arm-atollic-eabi/lib/armv7e-m/fpu\libc_nano.a(lib_a-snprintf.o)
 .ARM.attributes
                0x00000cd8       0x34 c:/program files (x86)/atollic/truestudio for stm32 9.3.0/armtools/bin/../lib/gcc/arm-atollic-eabi/6.3.1/../../../../arm-atollic-eabi/lib/armv7e-m/fpu\libc_nano.a(lib_a-stdio.o)
 .ARM.attributes
                0x00000d0c       0x1b c:/program files (x86)/atollic/truestudio for stm32 9.3.0/armtools/bin/../lib/gcc/arm-atollic-eabi/6.3.1/../../../../arm-atollic-eabi/lib/armv7e-m/fpu\libc_nano.a(lib_a-strlen.o)
 .ARM.attributes
                0x00000d27       0x34 c:/program files (x86)/atollic/truestudio for stm32 9.3.0/armtools/bin/../lib/gcc/arm-atollic-eabi/6.3.1/../../../../arm-atollic-eabi/lib/armv7e-m/fpu\libc_nano.a(lib_a-strncpy.o)
 .ARM.attributes
                0x00000d5b       0x34 c:/program files (x86)/atollic/truestudio for stm32 9.3.0/armtools/bin/../lib/gcc/arm-atollic-eabi/6.3.1/../../../../arm-atollic-eabi/lib/armv7e-m/fpu\libc_nano.a(lib_a-strstr.o)
 .ARM.attributes
                0x00000d8f       0x34 c:/program files (x86)/atollic/truestudio for stm32 9.3.0/armtools/bin/../lib/gcc/arm-atollic-eabi/6.3.1/../../../../arm-atollic-eabi/lib/armv7e-m/fpu\libc_nano.a(lib_a-writer.o)
 .ARM.attributes
                0x00000dc3       0x34 c:/program files (x86)/atollic/truestudio for stm32 9.3.0/armtools/bin/../lib/gcc/arm-atollic-eabi/6.3.1/../../../../arm-atollic-eabi/lib/armv7e-m/fpu\libc_nano.a(lib_a-closer.o)
 .ARM.attributes
                0x00000df7       0x34 c:/program files (x86)/atollic/truestudio for stm32 9.3.0/armtools/bin/../lib/gcc/arm-atollic-eabi/6.3.1/../../../../arm-atollic-eabi/lib/armv7e-m/fpu\libc_nano.a(lib_a-lseekr.o)
 .ARM.attributes
                0x00000e2b       0x34 c:/program files (x86)/atollic/truestudio for stm32 9.3.0/armtools/bin/../lib/gcc/arm-atollic-eabi/6.3.1/../../../../arm-atollic-eabi/lib/armv7e-m/fpu\libc_nano.a(lib_a-mlock.o)
 .ARM.attributes
                0x00000e5f       0x34 c:/program files (x86)/atollic/truestudio for stm32 9.3.0/armtools/bin/../lib/gcc/arm-atollic-eabi/6.3.1/../../../../arm-atollic-eabi/lib/armv7e-m/fpu\libc_nano.a(lib_a-nano-svfprintf.o)
 .ARM.attributes
                0x00000e93       0x34 c:/program files (x86)/atollic/truestudio for stm32 9.3.0/armtools/bin/../lib/gcc/arm-atollic-eabi/6.3.1/../../../../arm-atollic-eabi/lib/armv7e-m/fpu\libc_nano.a(lib_a-nano-vfprintf_i.o)
 .ARM.attributes
                0x00000ec7       0x34 c:/program files (x86)/atollic/truestudio for stm32 9.3.0/armtools/bin/../lib/gcc/arm-atollic-eabi/6.3.1/../../../../arm-atollic-eabi/lib/armv7e-m/fpu\libc_nano.a(lib_a-readr.o)
 .ARM.attributes
                0x00000efb       0x20 c:/program files (x86)/atollic/truestudio for stm32 9.3.0/armtools/bin/../lib/gcc/arm-atollic-eabi/6.3.1/../../../../arm-atollic-eabi/lib/armv7e-m/fpu\libc_nano.a(lib_a-memchr.o)
 .ARM.attributes
                0x00000f1b       0x34 c:/program files (x86)/atollic/truestudio for stm32 9.3.0/armtools/bin/../lib/gcc/arm-atollic-eabi/6.3.1/../../../../arm-atollic-eabi/lib/armv7e-m/fpu\libc_nano.a(lib_a-nano-reallocr.o)
 .ARM.attributes
                0x00000f4f       0x34 c:/program files (x86)/atollic/truestudio for stm32 9.3.0/armtools/bin/../lib/gcc/arm-atollic-eabi/6.3.1/../../../../arm-atollic-eabi/lib/armv7e-m/fpu\libc_nano.a(lib_a-nano-msizer.o)
 .ARM.attributes