core_cm4.h:1452:22:NVIC_EnableIRQ	16	static
core_cm4.h:1465:22:NVIC_DisableIRQ	16	static
uart.c:21:6:uart_init_all	8	static
uart.c:68:6:uart_log	24	static
uart.c:82:6:uart1_send_raw	24	static
uart.c:93:6:usart1_dma_rx_check	16	static
uart.c:111:6:gsm_hw_layer_uart_fill_rx	24	static
uart.c:131:6:DMA2_Stream2_IRQHandler	8	static
uart.c:140:6:uart_enable_uart1_idle_irq	8	static
uart.c:146:6:USART1_IRQHandler	16	static
uart.c:157:6:uart1_poll_ppp_mode_rx	16	static
uart.c:179:6:uart1_poll	8	static
uart.c:187:6:uart_disable_uart1_irq	8	static
uart.c:194:6:uart_log_hex	72	static
uart.c:214:6:restart_dma2_stream2	4	static
